[02:29:15][gfx_dds_loader.cpp:442]: Block compressed texture 'gfx/models/buildings/anba_mining/damestear_meterioid/damestear_meterioid_Normal.dds' does not have a height and width that are a multiple of 4, which will cause edge pixels to be incorrect. Either re-export the texture, or, for very small textures, change the format to uncompressed.
[02:29:15][gfx_dds_loader.cpp:539]: Expected more data in the texture mipmaps than was actually present in file: gfx/models/buildings/anba_mining/damestear_meterioid/damestear_meterioid_Normal.dds
[02:29:15][gfx_dx11_pixelbuffer.cpp:177]: CreateTexture2D failed on: DXT5/4x4
[02:29:15][gfx_dx11_master_context.cpp:423]: Failed creating pixel buffer
[02:29:15][gfx_dds_loader.cpp:442]: Block compressed texture 'gfx/models/buildings/anba_mining/damestear_meterioid/damestear_meterioid_Normal.dds' does not have a height and width that are a multiple of 4, which will cause edge pixels to be incorrect. Either re-export the texture, or, for very small textures, change the format to uncompressed.
[02:29:15][gfx_dds_loader.cpp:539]: Expected more data in the texture mipmaps than was actually present in file: gfx/models/buildings/anba_mining/damestear_meterioid/damestear_meterioid_Normal.dds
[02:29:15][gfx_dx11_pixelbuffer.cpp:177]: CreateTexture2D failed on: DXT5/4x4
[02:29:15][gfx_dx11_master_context.cpp:423]: Failed creating pixel buffer
[02:29:15][gfx_dds_loader.cpp:442]: Block compressed texture 'gfx/models/buildings/anba_mining/damestear_meterioid/damestear_meterioid_Normal.dds' does not have a height and width that are a multiple of 4, which will cause edge pixels to be incorrect. Either re-export the texture, or, for very small textures, change the format to uncompressed.
[02:29:15][gfx_dds_loader.cpp:539]: Expected more data in the texture mipmaps than was actually present in file: gfx/models/buildings/anba_mining/damestear_meterioid/damestear_meterioid_Normal.dds
[02:29:15][gfx_dx11_pixelbuffer.cpp:177]: CreateTexture2D failed on: DXT5/4x4
[02:29:15][gfx_dx11_master_context.cpp:423]: Failed creating pixel buffer
[02:29:15][gfx_dds_loader.cpp:442]: Block compressed texture 'gfx/models/buildings/anba_mining/damestear_meterioid/damestear_meterioid_Normal.dds' does not have a height and width that are a multiple of 4, which will cause edge pixels to be incorrect. Either re-export the texture, or, for very small textures, change the format to uncompressed.
[02:29:15][gfx_dds_loader.cpp:539]: Expected more data in the texture mipmaps than was actually present in file: gfx/models/buildings/anba_mining/damestear_meterioid/damestear_meterioid_Normal.dds
[02:29:15][gfx_dx11_pixelbuffer.cpp:177]: CreateTexture2D failed on: DXT5/4x4
[02:29:15][gfx_dx11_master_context.cpp:423]: Failed creating pixel buffer
[02:29:15][gfx_dds_loader.cpp:442]: Block compressed texture 'gfx/models/buildings/anba_mining/damestear_meterioid/damestear_meterioid_Normal.dds' does not have a height and width that are a multiple of 4, which will cause edge pixels to be incorrect. Either re-export the texture, or, for very small textures, change the format to uncompressed.
[02:29:15][gfx_dds_loader.cpp:539]: Expected more data in the texture mipmaps than was actually present in file: gfx/models/buildings/anba_mining/damestear_meterioid/damestear_meterioid_Normal.dds
[02:29:15][gfx_dx11_pixelbuffer.cpp:177]: CreateTexture2D failed on: DXT5/4x4
[02:29:15][gfx_dx11_master_context.cpp:423]: Failed creating pixel buffer
[02:29:15][gfx_dds_loader.cpp:442]: Block compressed texture 'gfx/models/buildings/anba_mining/damestear_meterioid/damestear_meterioid_Normal.dds' does not have a height and width that are a multiple of 4, which will cause edge pixels to be incorrect. Either re-export the texture, or, for very small textures, change the format to uncompressed.
[02:29:15][gfx_dds_loader.cpp:539]: Expected more data in the texture mipmaps than was actually present in file: gfx/models/buildings/anba_mining/damestear_meterioid/damestear_meterioid_Normal.dds
[02:29:15][gfx_dx11_pixelbuffer.cpp:177]: CreateTexture2D failed on: DXT5/4x4
[02:29:15][gfx_dx11_master_context.cpp:423]: Failed creating pixel buffer
[02:29:16][pdxassetutil.cpp:1806]: pdxmesh [magetower_mesh] is out of sync with its meshsettings. [LOD_2_european_rural_manorhouse] is not in use in file: gfx/models/buildings/anba_magetower/magetower.mesh
[02:29:19][pdx_persistent_reader.cpp:268]: Error: "Unknown modifier type: country_law_enactment_time_mult. It is either invalid, or a potential dynamic modifier type definition missing from the database.: country_law_enactment_time_mult, near line: 582" in file: "common/static_modifiers/00_code_static_modifiers.txt" near line: 582
[02:29:19][gamedatabase.h:378]: Duplicated key movement_suppressed_after_civil_war will not be created from file: common/static_modifiers/00_ip3_04_modifiers.txt:570
[02:29:19][pdx_persistent_reader.cpp:268]: Error: "Unknown modifier type: country_law_enactment_time_mult. It is either invalid, or a potential dynamic modifier type definition missing from the database.: country_law_enactment_time_mult, near line: 4" in file: "common/static_modifiers/00_ip4_04_modifiers.txt" near line: 4
[02:29:19][pdx_persistent_reader.cpp:268]: Error: "Unknown modifier type: country_law_enactment_time_mult. It is either invalid, or a potential dynamic modifier type definition missing from the database.: country_law_enactment_time_mult, near line: 11" in file: "common/static_modifiers/00_ip4_04_modifiers.txt" near line: 11
[02:29:19][pdx_persistent_reader.cpp:268]: Error: "Unknown modifier type: country_law_enactment_time_mult. It is either invalid, or a potential dynamic modifier type definition missing from the database.: country_law_enactment_time_mult, near line: 18" in file: "common/static_modifiers/00_ip4_04_modifiers.txt" near line: 18
[02:29:19][pdx_persistent_reader.cpp:268]: Error: "Unknown modifier type: country_law_enactment_time_mult. It is either invalid, or a potential dynamic modifier type definition missing from the database.: country_law_enactment_time_mult, near line: 25" in file: "common/static_modifiers/00_ip4_04_modifiers.txt" near line: 25
[02:29:19][pdx_persistent_reader.cpp:268]: Error: "Unknown modifier type: country_law_enactment_time_mult. It is either invalid, or a potential dynamic modifier type definition missing from the database.: country_law_enactment_time_mult, near line: 32" in file: "common/static_modifiers/00_ip4_04_modifiers.txt" near line: 32
[02:29:19][pdx_persistent_reader.cpp:268]: Error: "Unknown modifier type: country_law_enactment_time_mult. It is either invalid, or a potential dynamic modifier type definition missing from the database.: country_law_enactment_time_mult, near line: 39" in file: "common/static_modifiers/00_ip4_04_modifiers.txt" near line: 39
[02:29:19][pdx_persistent_reader.cpp:268]: Error: "Unknown modifier type: country_law_enactment_time_mult. It is either invalid, or a potential dynamic modifier type definition missing from the database.: country_law_enactment_time_mult, near line: 46" in file: "common/static_modifiers/00_ip4_04_modifiers.txt" near line: 46
[02:29:19][pdx_persistent_reader.cpp:268]: Error: "Unknown modifier type: country_law_enactment_time_mult. It is either invalid, or a potential dynamic modifier type definition missing from the database.: country_law_enactment_time_mult, near line: 53" in file: "common/static_modifiers/00_ip4_04_modifiers.txt" near line: 53
[02:29:19][pdx_persistent_reader.cpp:268]: Error: "Unknown modifier type: country_law_enactment_time_mult. It is either invalid, or a potential dynamic modifier type definition missing from the database.: country_law_enactment_time_mult, near line: 60" in file: "common/static_modifiers/00_ip4_04_modifiers.txt" near line: 60
[02:29:19][pdx_persistent_reader.cpp:268]: Error: "Unknown modifier type: country_law_enactment_time_mult. It is either invalid, or a potential dynamic modifier type definition missing from the database.: country_law_enactment_time_mult, near line: 242" in file: "common/static_modifiers/00_ip4_04_modifiers.txt" near line: 242
[02:29:19][pdx_persistent_reader.cpp:268]: Error: "Unknown modifier type: country_law_enactment_time_mult. It is either invalid, or a potential dynamic modifier type definition missing from the database.: country_law_enactment_time_mult, near line: 249" in file: "common/static_modifiers/00_ip4_04_modifiers.txt" near line: 249
[02:29:19][pdx_persistent_reader.cpp:268]: Error: "Unknown modifier type: country_law_enactment_time_mult. It is either invalid, or a potential dynamic modifier type definition missing from the database.: country_law_enactment_time_mult, near line: 546" in file: "common/static_modifiers/00_ip4_04_modifiers.txt" near line: 546
[02:29:19][pdx_persistent_reader.cpp:268]: Error: "Unknown modifier type: country_law_enactment_time_mult. It is either invalid, or a potential dynamic modifier type definition missing from the database.: country_law_enactment_time_mult, near line: 90" in file: "common/static_modifiers/anb_auldwarov_modifiers.txt" near line: 90
[02:29:19][pdx_persistent_reader.cpp:268]: Error: "Unknown modifier type: country_law_enactment_time_mult. It is either invalid, or a potential dynamic modifier type definition missing from the database.: country_law_enactment_time_mult, near line: 7" in file: "common/static_modifiers/anb_northern_thaw_modifiers.txt" near line: 7
[02:29:19][pdx_persistent_reader.cpp:268]: Error: "Unknown modifier type: country_law_enactment_time_mult. It is either invalid, or a potential dynamic modifier type definition missing from the database.: country_law_enactment_time_mult, near line: 289" in file: "common/static_modifiers/content_1_modifiers.txt" near line: 289
[02:29:19][pdx_persistent_reader.cpp:268]: Error: "Unknown modifier type: country_law_enactment_time_mult. It is either invalid, or a potential dynamic modifier type definition missing from the database.: country_law_enactment_time_mult, near line: 305" in file: "common/static_modifiers/content_1_modifiers.txt" near line: 305
[02:29:19][pdx_persistent_reader.cpp:268]: Error: "Unknown modifier type: country_law_enactment_time_mult. It is either invalid, or a potential dynamic modifier type definition missing from the database.: country_law_enactment_time_mult, near line: 317" in file: "common/static_modifiers/content_1_modifiers.txt" near line: 317
[02:29:19][pdx_persistent_reader.cpp:268]: Error: "Unknown modifier type: country_law_enactment_time_mult. It is either invalid, or a potential dynamic modifier type definition missing from the database.: country_law_enactment_time_mult, near line: 376" in file: "common/static_modifiers/content_1_modifiers.txt" near line: 376
[02:29:19][pdx_persistent_reader.cpp:268]: Error: "Unknown modifier type: country_law_enactment_time_mult. It is either invalid, or a potential dynamic modifier type definition missing from the database.: country_law_enactment_time_mult, near line: 384" in file: "common/static_modifiers/content_1_modifiers.txt" near line: 384
[02:29:19][pdx_persistent_reader.cpp:268]: Error: "Unknown modifier type: country_law_enactment_time_mult. It is either invalid, or a potential dynamic modifier type definition missing from the database.: country_law_enactment_time_mult, near line: 389" in file: "common/static_modifiers/content_1_modifiers.txt" near line: 389
[02:29:19][pdx_persistent_reader.cpp:268]: Error: "Unknown modifier type: country_law_enactment_time_mult. It is either invalid, or a potential dynamic modifier type definition missing from the database.: country_law_enactment_time_mult, near line: 397" in file: "common/static_modifiers/content_1_modifiers.txt" near line: 397
[02:29:19][pdx_persistent_reader.cpp:268]: Error: "Unknown modifier type: country_law_enactment_time_mult. It is either invalid, or a potential dynamic modifier type definition missing from the database.: country_law_enactment_time_mult, near line: 402" in file: "common/static_modifiers/content_1_modifiers.txt" near line: 402
[02:29:19][pdx_persistent_reader.cpp:268]: Error: "Unknown modifier type: country_law_enactment_time_mult. It is either invalid, or a potential dynamic modifier type definition missing from the database.: country_law_enactment_time_mult, near line: 412" in file: "common/static_modifiers/content_1_modifiers.txt" near line: 412
[02:29:19][pdx_persistent_reader.cpp:268]: Error: "Unknown modifier type: country_law_enactment_time_mult. It is either invalid, or a potential dynamic modifier type definition missing from the database.: country_law_enactment_time_mult, near line: 439" in file: "common/static_modifiers/content_1_modifiers.txt" near line: 439
[02:29:19][pdx_persistent_reader.cpp:268]: Error: "Unknown modifier type: country_law_enactment_time_mult. It is either invalid, or a potential dynamic modifier type definition missing from the database.: country_law_enactment_time_mult, near line: 547" in file: "common/static_modifiers/content_1_modifiers.txt" near line: 547
[02:29:19][pdx_persistent_reader.cpp:268]: Error: "Unknown modifier type: country_law_enactment_time_mult. It is either invalid, or a potential dynamic modifier type definition missing from the database.: country_law_enactment_time_mult, near line: 694" in file: "common/static_modifiers/content_1_modifiers.txt" near line: 694
[02:29:19][pdx_persistent_reader.cpp:268]: Error: "Unknown modifier type: country_law_enactment_time_mult. It is either invalid, or a potential dynamic modifier type definition missing from the database.: country_law_enactment_time_mult, near line: 712" in file: "common/static_modifiers/content_1_modifiers.txt" near line: 712
[02:29:19][pdx_persistent_reader.cpp:268]: Error: "Unknown modifier type: country_law_enactment_time_mult. It is either invalid, or a potential dynamic modifier type definition missing from the database.: country_law_enactment_time_mult, near line: 724" in file: "common/static_modifiers/content_1_modifiers.txt" near line: 724
[02:29:19][pdx_persistent_reader.cpp:268]: Error: "Unknown modifier type: country_law_enactment_time_mult. It is either invalid, or a potential dynamic modifier type definition missing from the database.: country_law_enactment_time_mult, near line: 788" in file: "common/static_modifiers/content_1_modifiers.txt" near line: 788
[02:29:19][pdx_persistent_reader.cpp:268]: Error: "Unknown modifier type: country_law_enactment_time_mult. It is either invalid, or a potential dynamic modifier type definition missing from the database.: country_law_enactment_time_mult, near line: 803" in file: "common/static_modifiers/content_1_modifiers.txt" near line: 803
[02:29:19][pdx_persistent_reader.cpp:268]: Error: "Unknown modifier type: country_law_enactment_time_mult. It is either invalid, or a potential dynamic modifier type definition missing from the database.: country_law_enactment_time_mult, near line: 854" in file: "common/static_modifiers/content_1_modifiers.txt" near line: 854
[02:29:19][gamedatabase.h:378]: Duplicated key law_no_colonial_affairs will not be created from file: common/laws/01_colonial_affairs.txt:1
[02:29:19][gamedatabase.h:378]: Duplicated key law_frontier_colonization will not be created from file: common/laws/01_colonial_affairs.txt:63
[02:29:19][gamedatabase.h:378]: Duplicated key law_colonial_resettlement will not be created from file: common/laws/01_colonial_affairs.txt:172
[02:29:19][gamedatabase.h:378]: Duplicated key law_colonial_exploitation will not be created from file: common/laws/01_colonial_affairs.txt:272
[02:29:19][gamedatabase.h:378]: Duplicated key law_traditionalism will not be created from file: common/laws/01_economic_system.txt:5
[02:29:19][gamedatabase.h:378]: Duplicated key law_interventionism will not be created from file: common/laws/01_economic_system.txt:57
[02:29:19][gamedatabase.h:378]: Duplicated key law_agrarianism will not be created from file: common/laws/01_economic_system.txt:143
[02:29:19][gamedatabase.h:378]: Duplicated key law_industry_banned will not be created from file: common/laws/01_economic_system.txt:241
[02:29:19][gamedatabase.h:378]: Duplicated key law_extraction_economy will not be created from file: common/laws/01_economic_system.txt:348
[02:29:19][gamedatabase.h:378]: Duplicated key law_laissez_faire will not be created from file: common/laws/01_economic_system.txt:453
[02:29:19][gamedatabase.h:378]: Duplicated key law_cooperative_ownership will not be created from file: common/laws/01_economic_system.txt:529
[02:29:19][gamedatabase.h:378]: Duplicated key law_command_economy will not be created from file: common/laws/01_economic_system.txt:614
[02:29:19][gamedatabase.h:378]: Duplicated key law_no_schools will not be created from file: common/laws/01_education_system.txt:1
[02:29:19][gamedatabase.h:378]: Duplicated key law_religious_schools will not be created from file: common/laws/01_education_system.txt:36
[02:29:19][gamedatabase.h:378]: Duplicated key law_private_schools will not be created from file: common/laws/01_education_system.txt:156
[02:29:19][gamedatabase.h:378]: Duplicated key law_public_schools will not be created from file: common/laws/01_education_system.txt:299
[02:29:19][gamedatabase.h:378]: Duplicated key law_no_health_system will not be created from file: common/laws/01_health_system.txt:1
[02:29:19][gamedatabase.h:378]: Duplicated key law_charitable_health_system will not be created from file: common/laws/01_health_system.txt:25
[02:29:19][gamedatabase.h:378]: Duplicated key law_private_health_insurance will not be created from file: common/laws/01_health_system.txt:73
[02:29:19][gamedatabase.h:378]: Duplicated key law_public_health_insurance will not be created from file: common/laws/01_health_system.txt:105
[02:29:19][gamedatabase.h:378]: Duplicated key law_serfdom will not be created from file: common/laws/01_land_reform.txt:1
[02:29:19][gamedatabase.h:378]: Duplicated key law_manorialism will not be created from file: common/laws/01_land_reform.txt:74
[02:29:19][gamedatabase.h:378]: Duplicated key law_tenant_farmers will not be created from file: common/laws/01_land_reform.txt:140
[02:29:19][gamedatabase.h:378]: Duplicated key law_commercialized_agriculture will not be created from file: common/laws/01_land_reform.txt:342
[02:29:19][gamedatabase.h:378]: Duplicated key law_peasant_proprietorship will not be created from file: common/laws/01_land_reform.txt:419
[02:29:19][gamedatabase.h:378]: Duplicated key law_homesteading will not be created from file: common/laws/01_land_reform.txt:531
[02:29:19][gamedatabase.h:378]: Duplicated key law_collectivized_agriculture will not be created from file: common/laws/01_land_reform.txt:633
[02:29:19][gamedatabase.h:378]: Duplicated key law_no_police will not be created from file: common/laws/01_policing.txt:1
[02:29:19][gamedatabase.h:378]: Duplicated key law_local_police will not be created from file: common/laws/01_policing.txt:30
[02:29:19][gamedatabase.h:378]: Duplicated key law_dedicated_police will not be created from file: common/laws/01_policing.txt:129
[02:29:19][gamedatabase.h:378]: Duplicated key law_militarized_police will not be created from file: common/laws/01_policing.txt:223
[02:29:19][gamedatabase.h:378]: Duplicated key law_consumption_based_taxation will not be created from file: common/laws/01_taxation.txt:5
[02:29:19][gamedatabase.h:378]: Duplicated key law_land_based_taxation will not be created from file: common/laws/01_taxation.txt:52
[02:29:19][gamedatabase.h:378]: Duplicated key law_per_capita_based_taxation will not be created from file: common/laws/01_taxation.txt:99
[02:29:19][gamedatabase.h:378]: Duplicated key law_proportional_taxation will not be created from file: common/laws/01_taxation.txt:187
[02:29:19][gamedatabase.h:378]: Duplicated key law_graduated_taxation will not be created from file: common/laws/01_taxation.txt:256
[02:29:19][gamedatabase.h:378]: Duplicated key law_mercantilism will not be created from file: common/laws/01_trade_policy.txt:5
[02:29:19][gamedatabase.h:378]: Duplicated key law_protectionism will not be created from file: common/laws/01_trade_policy.txt:51
[02:29:19][gamedatabase.h:378]: Duplicated key law_free_trade will not be created from file: common/laws/01_trade_policy.txt:96
[02:29:19][gamedatabase.h:378]: Duplicated key law_isolationism will not be created from file: common/laws/01_trade_policy.txt:159
[02:29:19][gamedatabase.h:378]: Duplicated key law_child_labor_allowed will not be created from file: common/laws/02_childrens_rights.txt:5
[02:29:19][gamedatabase.h:378]: Duplicated key law_restricted_child_labor will not be created from file: common/laws/02_childrens_rights.txt:38
[02:29:19][gamedatabase.h:378]: Duplicated key law_compulsory_primary_school will not be created from file: common/laws/02_childrens_rights.txt:81
[02:29:19][gamedatabase.h:378]: Duplicated key law_outlawed_dissent will not be created from file: common/laws/02_free_speech.txt:5
[02:29:19][gamedatabase.h:378]: Duplicated key law_censorship will not be created from file: common/laws/02_free_speech.txt:34
[02:29:19][gamedatabase.h:378]: Duplicated key law_right_of_assembly will not be created from file: common/laws/02_free_speech.txt:63
[02:29:19][gamedatabase.h:378]: Duplicated key law_protected_speech will not be created from file: common/laws/02_free_speech.txt:86
[02:29:19][gamedatabase.h:378]: Duplicated key law_no_workers_rights will not be created from file: common/laws/02_labor_rights.txt:5
[02:29:19][gamedatabase.h:378]: Duplicated key law_regulatory_bodies will not be created from file: common/laws/02_labor_rights.txt:24
[02:29:19][gamedatabase.h:378]: Duplicated key law_worker_protections will not be created from file: common/laws/02_labor_rights.txt:47
[02:29:19][gamedatabase.h:378]: Duplicated key law_guild_system will not be created from file: common/laws/02_labour_associations.txt:1
[02:29:19][gamedatabase.h:378]: Duplicated key law_combination_acts will not be created from file: common/laws/02_labour_associations.txt:69
[02:29:19][gamedatabase.h:378]: Duplicated key law_anti_strike_laws will not be created from file: common/laws/02_labour_associations.txt:141
[02:29:19][gamedatabase.h:378]: Duplicated key law_right_to_associate will not be created from file: common/laws/02_labour_associations.txt:213
[02:29:19][gamedatabase.h:378]: Duplicated key law_corporatized_unions will not be created from file: common/laws/02_labour_associations.txt:288
[02:29:19][gamedatabase.h:378]: Duplicated key law_factory_councils will not be created from file: common/laws/02_labour_associations.txt:353
[02:29:19][gamedatabase.h:378]: Duplicated key law_no_migration_controls will not be created from file: common/laws/02_migration.txt:1
[02:29:19][gamedatabase.h:378]: Duplicated key law_migration_controls will not be created from file: common/laws/02_migration.txt:25
[02:29:19][gamedatabase.h:378]: Duplicated key law_closed_borders will not be created from file: common/laws/02_migration.txt:82
[02:29:19][gamedatabase.h:378]: Duplicated key law_no_womens_rights will not be created from file: common/laws/02_rights_of_women.txt:5
[02:29:19][gamedatabase.h:378]: Duplicated key law_women_in_the_fields will not be created from file: common/laws/02_rights_of_women.txt:43
[02:29:19][gamedatabase.h:378]: Duplicated key law_women_own_property will not be created from file: common/laws/02_rights_of_women.txt:91
[02:29:19][gamedatabase.h:378]: Duplicated key law_women_in_the_workplace will not be created from file: common/laws/02_rights_of_women.txt:127
[02:29:19][gamedatabase.h:378]: Duplicated key law_womens_suffrage will not be created from file: common/laws/02_rights_of_women.txt:169
[02:29:19][gamedatabase.h:378]: Duplicated key law_slavery_banned will not be created from file: common/laws/02_slavery.txt:5
[02:29:19][gamedatabase.h:378]: Duplicated key law_colonial_slavery will not be created from file: common/laws/02_slavery.txt:144
[02:29:19][gamedatabase.h:378]: Duplicated key law_debt_slavery will not be created from file: common/laws/02_slavery.txt:223
[02:29:19][gamedatabase.h:378]: Duplicated key law_slave_trade will not be created from file: common/laws/02_slavery.txt:297
[02:29:19][gamedatabase.h:378]: Duplicated key law_legacy_slavery will not be created from file: common/laws/02_slavery.txt:390
[02:29:19][gamedatabase.h:378]: Duplicated key law_no_social_security will not be created from file: common/laws/02_welfare.txt:1
[02:29:19][gamedatabase.h:378]: Duplicated key law_chiefs_distribute_aid will not be created from file: common/laws/02_welfare.txt:29
[02:29:19][gamedatabase.h:378]: Duplicated key law_poor_laws will not be created from file: common/laws/02_welfare.txt:73
[02:29:19][gamedatabase.h:378]: Duplicated key law_wage_subsidies will not be created from file: common/laws/02_welfare.txt:99
[02:29:19][gamedatabase.h:378]: Duplicated key law_old_age_pension will not be created from file: common/laws/02_welfare.txt:125
[02:29:19][gfx_dds_loader.cpp:442]: Block compressed texture 'gfx/interface/icons/law_icons/artifice_banned.dds' does not have a height and width that are a multiple of 4, which will cause edge pixels to be incorrect. Either re-export the texture, or, for very small textures, change the format to uncompressed.
[02:29:19][gfx_dds_loader.cpp:442]: Block compressed texture 'gfx/interface/icons/law_icons/nation_of_magic.dds' does not have a height and width that are a multiple of 4, which will cause edge pixels to be incorrect. Either re-export the texture, or, for very small textures, change the format to uncompressed.
[02:29:19][gfx_dds_loader.cpp:442]: Block compressed texture 'gfx/interface/icons/law_icons/nation_of_artifice.dds' does not have a height and width that are a multiple of 4, which will cause edge pixels to be incorrect. Either re-export the texture, or, for very small textures, change the format to uncompressed.
[02:29:19][gfx_dds_loader.cpp:442]: Block compressed texture 'gfx/interface/icons/law_icons/traditional_magic_banned.dds' does not have a height and width that are a multiple of 4, which will cause edge pixels to be incorrect. Either re-export the texture, or, for very small textures, change the format to uncompressed.
[02:29:20][virtualfilesystem.cpp:569]: Could not find texture due to 'VFSOpen Error: gfx/interface/icons/building_icons/building_land_logistics_center.dds not found'
[02:29:20][pdx_persistent_reader.cpp:268]: Error: "Failed to read key reference: MRrule_infamy_off: MRrule_infamy_off, near line: 3
Failed to read key reference: MRrule_speed_off: MRrule_speed_off, near line: 3
Failed to read key reference: MRrule_company_coke_on: MRrule_company_coke_on, near line: 3" in file: "" near line: 3
[02:29:20][building_type.cpp:1746]: Building type is missing loc key! Building Type: building_land_logistics_center
[02:29:20][building_type.cpp:1752]: Production Method Group is missing loc key! Production Method Group: pmg_land_logistics_center
[02:29:20][building_type.cpp:1758]: Production Method is missing loc key! Production Method: pm_basic_land_logistics_center
[02:29:21][jomini_dynamicdescription.cpp:67]: Unrecognized loc key mheromar_events.1.f. events/agitators_events/mheromar_events.txt:14
[02:29:21][jomini_dynamicdescription.cpp:67]: Unrecognized loc key mheromar_events.2.f. events/agitators_events/mheromar_events.txt:666
[02:29:21][jomini_dynamicdescription.cpp:67]: Unrecognized loc key mheromar_events.3.f. events/agitators_events/mheromar_events.txt:1094
[02:29:21][jomini_dynamicdescription.cpp:67]: Unrecognized loc key mheromar_events.4.f. events/agitators_events/mheromar_events.txt:1238
[02:29:21][jomini_eventmanager.cpp:440]: Duplicated event ID 'flamethrowers_event.1' found. New Location: 'events/tech_events/flamethrowers_event.txt:2', Previous Location: 'events/tech_events/military_tech_events.txt:395'
[02:29:21][jomini_eventmanager.cpp:440]: Duplicated event ID 'military_tech_events.401' found. New Location: 'events/tech_events/military_tech_events.txt:4', Previous Location: 'events/tech_events/military_tech_events_01.txt:3'
[02:29:21][jomini_eventmanager.cpp:440]: Duplicated event ID 'military_tech_events.402' found. New Location: 'events/tech_events/military_tech_events.txt:98', Previous Location: 'events/tech_events/military_tech_events_01.txt:96'
[02:29:21][jomini_eventmanager.cpp:440]: Duplicated event ID 'military_tech_events.403' found. New Location: 'events/tech_events/military_tech_events.txt:243', Previous Location: 'events/tech_events/military_tech_events_01.txt:241'
[02:29:21][jomini_eventmanager.cpp:440]: Duplicated event ID 'military_tech_events.404' found. New Location: 'events/tech_events/military_tech_events.txt:319', Previous Location: 'events/tech_events/military_tech_events_01.txt:317'
[02:29:21][building_type.cpp:1746]: Building type is missing loc key! Building Type: building_land_logistics_center
[02:29:21][building_type.cpp:1752]: Production Method Group is missing loc key! Production Method Group: pmg_land_logistics_center
[02:29:21][building_type.cpp:1758]: Production Method is missing loc key! Production Method: pm_basic_land_logistics_center
[02:29:21][pdx_persistent_reader.cpp:268]: Error: "Unknown modifier type: country_law_enactment_time_mult. It is either invalid, or a potential dynamic modifier type definition missing from the database.: country_law_enactment_time_mult, near line: 315" in file: "common/power_bloc_identities/00_power_bloc_identities.txt" near line: 315
[02:29:21][gfx_dds_loader.cpp:442]: Block compressed texture 'gfx/interface/icons/principles_icons/magical_economy.dds' does not have a height and width that are a multiple of 4, which will cause edge pixels to be incorrect. Either re-export the texture, or, for very small textures, change the format to uncompressed.
[02:29:22][jomini_onaction.cpp:789]: Couldn't find predefined on action named on_amendment_timeout
[02:29:22][jomini_onaction.cpp:789]: Couldn't find predefined on action named on_commander_promoted
[02:29:22][jomini_onaction.cpp:789]: Couldn't find predefined on action named on_treaty_ports_inherited
[02:29:22][gamedatabase.h:781]: Failed to cache an item for Message Type! Key: building_destroyed_by_bombardment

[02:29:22][building_type.cpp:1746]: Building type is missing loc key! Building Type: building_land_logistics_center
[02:29:22][building_type.cpp:1752]: Production Method Group is missing loc key! Production Method Group: pmg_land_logistics_center
[02:29:22][building_type.cpp:1758]: Production Method is missing loc key! Production Method: pm_basic_land_logistics_center
[02:29:22][jomini_script_system.cpp:247]: Script system error!
  Error: has_journal_entry trigger [ Invalid database object 'je_gyojo_shinwon' ]
  Script location: common/laws/01_trade_policy.txt:269

[02:29:22][jomini_trigger.cpp:224]: PostValidate of trigger 'has_journal_entry' returned false at common/laws/01_trade_policy.txt:269
[02:29:22][jomini_script_system.cpp:247]: Script system error!
  Error: has_journal_entry trigger [ Invalid database object 'je_sakoku' ]
  Script location: common/laws/01_trade_policy.txt:329

[02:29:22][jomini_trigger.cpp:224]: PostValidate of trigger 'has_journal_entry' returned false at common/laws/01_trade_policy.txt:329
[02:29:22][jomini_script_system.cpp:247]: Script system error!
  Error: custom_tooltip trigger [ Unknown loc key airship_tower_can_construct_tt ]
  Script location: common/buildings/anb_government.txt:27

[02:29:22][jomini_trigger.cpp:224]: PostValidate of trigger 'custom_tooltip' returned false at common/buildings/anb_government.txt:27
[02:29:22][pdx_assert.cpp:641]: Assertion failed: Achievements not loaded correctly
[02:29:23][state_region_template.cpp:1346]: State Region 
[02:29:23][strategicregions.cpp:346]: Strategic Region has a mix of water and land provinces, not allowed, treating it as land! Strategic Region: region_tanib
[02:29:23][travel_connection_definition.cpp:252]: State region STATE_DEAD_END_MINES contains 4 nodes, but none of the nodes are connected to another state region
[02:29:23][travel_connection_definition.cpp:252]: State region STATE_LIMONITE_CAVERNS contains 4 nodes, but none of the nodes are connected to another state region
[02:29:23][travel_connection_definition.cpp:252]: State region STATE_TRUEPATH_CAVERNS contains 4 nodes, but none of the nodes are connected to another state region
[02:29:23][travel_connection_definition.cpp:252]: State region STATE_CRIMSON_CAVERNS contains 4 nodes, but none of the nodes are connected to another state region
[02:29:23][travel_connection_definition.cpp:252]: State region STATE_HARAZA_DEPTHS contains 4 nodes, but none of the nodes are connected to another state region
[02:29:23][travel_connection_definition.cpp:252]: State region STATE_ASRA_DEPTHS contains 4 nodes, but none of the nodes are connected to another state region
[02:29:23][travel_connection_definition.cpp:252]: State region STATE_CHAINLINK_MINES contains 4 nodes, but none of the nodes are connected to another state region
[02:29:23][travel_connection_definition.cpp:252]: State region STATE_SKULKERS_LAIR contains 4 nodes, but none of the nodes are connected to another state region
[02:29:23][travel_connection_definition.cpp:252]: State region STATE_DEAD_CAVERNS contains 4 nodes, but none of the nodes are connected to another state region
[02:29:23][travel_connection_definition.cpp:252]: State region STATE_SKITTERING_CAVERNS contains 4 nodes, but none of the nodes are connected to another state region
[02:29:23][travel_connection_definition.cpp:252]: State region STATE_CRUMBLING_CAVERNS contains 4 nodes, but none of the nodes are connected to another state region
[02:29:23][travel_connection_definition.cpp:252]: State region STATE_SCALDING_PITS contains 4 nodes, but none of the nodes are connected to another state region
[02:29:23][travel_connection_definition.cpp:252]: State region STATE_FORGOTTEN_DEPTHS contains 4 nodes, but none of the nodes are connected to another state region
[02:29:23][travel_connection_definition.cpp:252]: State region STATE_ORCSFALL contains 4 nodes, but none of the nodes are connected to another state region
[02:29:23][travel_connection_definition.cpp:252]: State region STATE_WINDING_CAVERNS contains 4 nodes, but none of the nodes are connected to another state region
[02:29:23][travel_connection_definition.cpp:252]: State region STATE_SCREAMING_CAVERNS contains 4 nodes, but none of the nodes are connected to another state region
[02:29:23][travel_connection_definition.cpp:252]: State region STATE_DIAMOND_QUARRY contains 4 nodes, but none of the nodes are connected to another state region
[02:29:23][travel_connection_definition.cpp:252]: State region STATE_DRAKEDENS contains 4 nodes, but none of the nodes are connected to another state region
[02:29:23][travel_connection_definition.cpp:252]: State region STATE_FORSAKEN_DEPTHS contains 4 nodes, but none of the nodes are connected to another state region
[02:29:23][travel_connection_definition.cpp:252]: State region STATE_CITRINE_MINES contains 4 nodes, but none of the nodes are connected to another state region
[02:29:23][travel_connection_definition.cpp:252]: State region STATE_GREATCAVERNS contains 4 nodes, but none of the nodes are connected to another state region
[02:29:23][travel_connection_definition.cpp:252]: State region STATE_FOOLS_PASSAGE contains 4 nodes, but none of the nodes are connected to another state region
[02:29:23][travel_connection_definition.cpp:252]: State region STATE_RATHOLES contains 4 nodes, but none of the nodes are connected to another state region
[02:29:23][travel_connection_definition.cpp:252]: State region STATE_ANCIENT_DEPTHS contains 4 nodes, but none of the nodes are connected to another state region
[02:29:23][travel_connection_definition.cpp:252]: State region STATE_AMBER_MINES contains 4 nodes, but none of the nodes are connected to another state region
[02:29:23][travel_connection_definition.cpp:252]: State region STATE_EARTHSEED contains 4 nodes, but none of the nodes are connected to another state region
[02:29:23][travel_connection_definition.cpp:252]: State region STATE_ROARING_CAVERNS contains 4 nodes, but none of the nodes are connected to another state region
[02:29:23][travel_connection_definition.cpp:252]: State region STATE_AMETHYST_POCKET contains 4 nodes, but none of the nodes are connected to another state region
[02:29:23][travel_connection_definition.cpp:252]: State region STATE_ALEMINES contains 4 nodes, but none of the nodes are connected to another state region
[02:29:23][travel_connection_definition.cpp:252]: State region STATE_GRANITE_SPIRES contains 4 nodes, but none of the nodes are connected to another state region
[02:29:23][travel_connection_definition.cpp:252]: State region STATE_INVADERS_PATH contains 4 nodes, but none of the nodes are connected to another state region
[02:29:23][travel_connection_definition.cpp:252]: State region STATE_LUSH_CAVERNS contains 4 nodes, but none of the nodes are connected to another state region
[02:29:23][travel_connection_definition.cpp:252]: State region STATE_PUTRID_PASSAGE contains 4 nodes, but none of the nodes are connected to another state region
[02:29:23][travel_connection_definition.cpp:252]: State region STATE_SUNLIT_HOLLOW contains 4 nodes, but none of the nodes are connected to another state region
[02:29:23][travel_connection_definition.cpp:252]: State region STATE_LONELY_MOUNTAIN contains 4 nodes, but none of the nodes are connected to another state region
[02:29:23][travel_connection_definition.cpp:252]: State region STATE_EGASACH contains 4 nodes, but none of the nodes are connected to another state region
[02:29:23][travel_connection_definition.cpp:252]: State region STATE_DOMANDROD contains 4 nodes, but none of the nodes are connected to another state region
[02:29:23][travel_connection_definition.cpp:252]: State region STATE_SPRING_GLADE contains 4 nodes, but none of the nodes are connected to another state region
[02:29:23][travel_connection_definition.cpp:252]: State region STATE_SUMMER_GLADE contains 4 nodes, but none of the nodes are connected to another state region
[02:29:23][travel_connection_definition.cpp:252]: State region STATE_WINTER_GLADE contains 4 nodes, but none of the nodes are connected to another state region
[02:29:23][travel_connection_definition.cpp:252]: State region STATE_AUTUMN_GLADE contains 4 nodes, but none of the nodes are connected to another state region
[02:29:23][travel_connection_definition.cpp:252]: State region STATE_KITSIL_KINN contains 4 nodes, but none of the nodes are connected to another state region
[02:29:23][eventtargetlinks.cpp:4498]: Failed to find country! Country: JAP, File Location: common/laws/01_education_system.txt:278
[02:29:23][jomini_script_system.cpp:247]: Script system error!
  Error: remove_ideology effect [ Invalid database object 'ideology_japan_hierarchic' ]
  Script location: common/laws/01_trade_policy.txt:363

[02:29:23][jomini_effect.cpp:141]: PostValidate of effect 'remove_ideology' returned false at common/laws/01_trade_policy.txt:363
[02:29:23][jomini_script_system.cpp:247]: Script system error!
  Error: add_ideology effect [ Invalid database object 'ideology_japan_hierarchic_2' ]
  Script location: common/laws/01_trade_policy.txt:364

[02:29:23][jomini_effect.cpp:141]: PostValidate of effect 'add_ideology' returned false at common/laws/01_trade_policy.txt:364
[02:29:23][jomini_script_system.cpp:247]: Script system error!
  Error: add_enactment_modifier effect [ name: Not found in database class NJominiModifier::CStaticModifierDatabase ]
  Script location: events/soi_events/00_lobbies_events_03.txt:1234

[02:29:23][jomini_effect.cpp:141]: PostValidate of effect 'add_enactment_modifier' returned false at events/soi_events/00_lobbies_events_03.txt:1234
[02:29:23][jomini_script_system.cpp:247]: Script system error!
  Error: add_enactment_modifier effect [ name: Not found in database class NJominiModifier::CStaticModifierDatabase ]
  Script location: events/soi_events/00_lobbies_events_03.txt:1428

[02:29:23][jomini_effect.cpp:141]: PostValidate of effect 'add_enactment_modifier' returned false at events/soi_events/00_lobbies_events_03.txt:1428
[02:29:23][jomini_script_system.cpp:247]: Script system error!
  Error: add_enactment_modifier effect [ name: Not found in database class NJominiModifier::CStaticModifierDatabase ]
  Script location: events/soi_events/00_lobbies_events_03.txt:1520

[02:29:23][jomini_effect.cpp:141]: PostValidate of effect 'add_enactment_modifier' returned false at events/soi_events/00_lobbies_events_03.txt:1520
[02:29:23][jomini_script_system.cpp:247]: Script system error!
  Error: add_modifier effect [ name: Not found in database class NJominiModifier::CStaticModifierDatabase ]
  Script location: common/political_movements/02_cultural_movement.txt:557

[02:29:23][jomini_effect.cpp:141]: PostValidate of effect 'add_modifier' returned false at common/political_movements/02_cultural_movement.txt:557
[02:29:23][jomini_effect.cpp:1139]: Variable 'upgraded_latifundias_law_var' is used but is never set. Setting it in an unused scripted trigger or effect does not count
[02:29:24][virtualfilesystem.cpp:569]: Could not find texture due to 'VFSOpen Error: gfx/map/spline_network/air_route_diffuse.dds not found'
[02:29:24][virtualfilesystem.cpp:569]: Could not find texture due to 'VFSOpen Error: gfx/map/spline_network/air_route_properties.dds not found'
[02:29:24][virtualfilesystem.cpp:569]: Could not find texture due to 'VFSOpen Error: gfx/map/spline_network/air_route_diffuse_flatmap.dds not found'
[02:29:24][virtualfilesystem.cpp:569]: Could not find texture due to 'VFSOpen Error: gfx/map/spline_network/air_route_properties.dds not found'
[02:29:24][virtualfilesystem.cpp:569]: Could not find texture due to 'VFSOpen Error: gfx/map/spline_network/air_route_diffuse_highlight.dds not found'
[02:29:24][virtualfilesystem.cpp:569]: Could not find texture due to 'VFSOpen Error: gfx/map/spline_network/air_route_properties.dds not found'
[02:29:24][virtualfilesystem.cpp:569]: Could not find texture due to 'VFSOpen Error: gfx/map/spline_network/air_route_diffuse_flatmap_highlight.dds not found'
[02:29:24][virtualfilesystem.cpp:569]: Could not find texture due to 'VFSOpen Error: gfx/map/spline_network/air_route_properties.dds not found'
[02:29:24][pdx_terrain.cpp:1501]: Size of heightmap (16384, 7232) is not a multiple of the tile size (128).
[02:29:25][virtualfilesystem.cpp:569]: Could not find texture due to 'VFSOpen Error: gfx/map/textures/ not found'
[02:29:25][virtualfilesystem.cpp:569]: Could not find texture due to 'VFSOpen Error: gfx/map/textures/ not found'
[02:29:25][pdx_persistent_reader.cpp:268]: Error: "Failed to read key reference: MRrule_infamy_off: MRrule_infamy_off, near line: 16
Failed to read key reference: MRrule_speed_off: MRrule_speed_off, near line: 16
Failed to read key reference: MRrule_company_coke_on: MRrule_company_coke_on, near line: 16" in file: "save games/autosave.v3" near line: 16
[02:29:25][pdx_persistent_reader.cpp:268]: Error: "Failed to read key reference: MRrule_infamy_off: MRrule_infamy_off, near line: 16
Failed to read key reference: MRrule_speed_off: MRrule_speed_off, near line: 16
Failed to read key reference: MRrule_company_coke_on: MRrule_company_coke_on, near line: 16" in file: "save games/autosave_1.v3" near line: 16
[02:29:25][pdx_persistent_reader.cpp:268]: Error: "Failed to read key reference: MRrule_infamy_off: MRrule_infamy_off, near line: 16
Failed to read key reference: MRrule_speed_off: MRrule_speed_off, near line: 16
Failed to read key reference: MRrule_company_coke_on: MRrule_company_coke_on, near line: 16" in file: "save games/autosave_2.v3" near line: 16
[02:29:25][pdx_persistent_reader.cpp:268]: Error: "Failed to read key reference: MRrule_infamy_off: MRrule_infamy_off, near line: 16
Failed to read key reference: MRrule_speed_off: MRrule_speed_off, near line: 16
Failed to read key reference: MRrule_company_coke_on: MRrule_company_coke_on, near line: 16" in file: "save games/autosave_3.v3" near line: 16
[02:29:25][pdx_persistent_reader.cpp:268]: Error: "Failed to read key reference: MRrule_infamy_off: MRrule_infamy_off, near line: 16
Failed to read key reference: MRrule_speed_off: MRrule_speed_off, near line: 16
Failed to read key reference: MRrule_company_coke_on: MRrule_company_coke_on, near line: 16" in file: "save games/autosave_4.v3" near line: 16
[02:29:25][virtualfilesystem.cpp:569]: Could not find texture due to 'VFSOpen Error: gfx/map/textures/ not found'
[02:30:22][pdx_assert.cpp:641]: Assertion failed: Attempted to create relations between a country and itself
[02:30:23][journal_entry_manager.cpp:370]: ヴィヴィン帝国 already has a journal entry of type je_settle_the_folly
[02:30:26][country.cpp:12793]: The ruler of ダメスティア国 is scripted to be ヤミナ グラコサル but that character leads the interest group of 地主 that they belong to, which is not allowed under Dictatorial/Hereditary
[02:30:26][country.cpp:12793]: The ruler of エンドラリアンデ is scripted to be キリアン シルノフォックス but that character leads the interest group of 地主 that they belong to, which is not allowed under Dictatorial/Hereditary
[02:30:26][country.cpp:12779]: The ruler of プラムステッド is scripted to be awen 森 but that character does not lead the interest group of 知識人 that they belong to, which is required under Presidential Elective
[02:30:26][country.cpp:12793]: The ruler of アラケプルン is scripted to be エルソラ Shadowweaver but that character leads the interest group of 知識人 that they belong to, which is not allowed under Dictatorial/Hereditary
[02:30:26][country.cpp:12793]: The ruler of ムルドカテル is scripted to be アラサ 雷 but that character leads the interest group of 信者 that they belong to, which is not allowed under Dictatorial/Hereditary
[02:30:26][country.cpp:12793]: The ruler of レンジャーリパブリック is scripted to be ロジェール レンコード but that character leads the interest group of 軍部 that they belong to, which is not allowed under Dictatorial/Hereditary
[02:30:26][country.cpp:12793]: The ruler of デバンド is scripted to be Artur-Lawrence ヴァンベリーの but that character leads the interest group of 小ブルジョワ that they belong to, which is not allowed under Dictatorial/Hereditary
[02:30:26][country.cpp:12793]: The ruler of ムテイバラ is scripted to be マルザント アルハアハダスト but that character leads the interest group of 軍部 that they belong to, which is not allowed under Dictatorial/Hereditary
[02:30:26][country.cpp:12793]: The ruler of クレメタル is scripted to be ドレンパネス マラダライ but that character leads the interest group of 実業家 that they belong to, which is not allowed under Dictatorial/Hereditary
[02:30:26][country.cpp:12793]: The ruler of ナンル・ナカール is scripted to be ムナティク Mlerek-Mudaliar but that character leads the interest group of mlerek-mudaliars that they belong to, which is not allowed under Dictatorial/Hereditary
[02:30:26][country.cpp:12779]: The ruler of クレレヘンド is scripted to be ペロジタネス イッパロス but that character does not lead the interest group of daunarches that they belong to, which is required under Presidential Elective
[02:30:26][country.cpp:12793]: The ruler of オレンコライム is scripted to be セロンジル・カラヴナ 奉仕王 but that character leads the interest group of 実業家 that they belong to, which is not allowed under Dictatorial/Hereditary
[02:30:26][country.cpp:12793]: The ruler of デジチオン is scripted to be ケムナリウス ラスカリス but that character leads the interest group of fotistrépei that they belong to, which is not allowed under Dictatorial/Hereditary
[02:30:26][country.cpp:12793]: The ruler of ケアガラエン is scripted to be ケラドラン ヤングライダー but that character leads the interest group of 軍部 that they belong to, which is not allowed under Dictatorial/Hereditary
[02:30:26][country.cpp:12793]: The ruler of ダカズ・カルズヴィヤ is scripted to be ダック チェーングラスパー but that character leads the interest group of 軍部 that they belong to, which is not allowed under Dictatorial/Hereditary
[02:30:26][country.cpp:12793]: The ruler of ガーラスケル is scripted to be ヌザ Szal-Fazil but that character leads the interest group of 地主 that they belong to, which is not allowed under Dictatorial/Hereditary
[02:30:26][country.cpp:12793]: The ruler of ダングン is scripted to be フジエン 九尾の狐 but that character leads the interest group of 信者 that they belong to, which is not allowed under Dictatorial/Hereditary
[02:30:26][country.cpp:12793]: The ruler of 霊玉 is scripted to be フジエン 九尾の狐 but that character leads the interest group of 信者 that they belong to, which is not allowed under Dictatorial/Hereditary
[02:30:26][country.cpp:12793]: The ruler of ジュジュット is scripted to be シング・オン サム but that character leads the interest group of 地主 that they belong to, which is not allowed under Dictatorial/Hereditary
[02:30:26][state.cpp:7337]: State バズネイザル is using an excess of 1 arable land (total arable land: 1)
[02:30:27][country_law_manager.cpp:464]: Country A16 is not permitted to retain law 学校なし, fix this or consider 宗教学校 instead
[02:30:27][country_law_manager.cpp:464]: Country A17 is not permitted to retain law 学校なし, fix this or consider 私立学校 instead
[02:30:27][country_law_manager.cpp:464]: Country A18 is not permitted to retain law レッセフェール, fix this or consider 介入主義 instead
[02:30:27][country_law_manager.cpp:464]: Country A18 is not permitted to retain law ギルド制度, fix this or consider 団結禁止法 instead
[02:30:27][country_law_manager.cpp:464]: Country A25 is not permitted to retain law レッセフェール, fix this or consider 介入主義 instead
[02:30:27][country_law_manager.cpp:464]: Country A25 is not permitted to retain law ギルド制度, fix this or consider 団結禁止法 instead
[02:30:27][country_law_manager.cpp:464]: Country B10 is not permitted to retain law 臣民性, fix this or consider 国民至上 instead
[02:30:27][country_law_manager.cpp:464]: Country B59 is not permitted to retain law 学校なし, fix this or consider 宗教学校 instead
[02:30:27][country_law_manager.cpp:464]: Country B61 is not permitted to retain law 学校なし, fix this or consider 宗教学校 instead
[02:30:27][country_law_manager.cpp:464]: Country B62 is not permitted to retain law 学校なし, fix this or consider 私立学校 instead
[02:30:27][country_law_manager.cpp:464]: Country B75 is not permitted to retain law 臣民性, fix this or consider 国民至上 instead
[02:30:27][country_law_manager.cpp:464]: Country B80 is not permitted to retain law 学校なし, fix this or consider 宗教学校 instead
[02:30:27][country_law_manager.cpp:464]: Country B84 is not permitted to retain law 人工国家, fix this or consider Artificeは禁止されました instead
[02:30:27][country_law_manager.cpp:464]: Country G05 is not permitted to retain law 学校なし, fix this or consider 宗教学校 instead
[02:30:27][country_law_manager.cpp:464]: Country G06 is not permitted to retain law 学校なし, fix this or consider 宗教学校 instead
[02:30:27][country_law_manager.cpp:464]: Country G07 is not permitted to retain law 学校なし, fix this or consider 宗教学校 instead
[02:30:27][country_law_manager.cpp:464]: Country G08 is not permitted to retain law 学校なし, fix this or consider 宗教学校 instead
[02:30:27][country_law_manager.cpp:464]: Country G09 is not permitted to retain law 学校なし, fix this or consider 宗教学校 instead
[02:30:27][country_law_manager.cpp:464]: Country C14 is not permitted to retain law 人頭課税, fix this or consider 消費課税 instead
[02:30:27][country_law_manager.cpp:464]: Country E01 is not permitted to retain law 辺境地の植民地化, fix this or consider 植民地なし instead
[02:30:27][country_law_manager.cpp:464]: Country R10 is not permitted to retain law 国民民兵, fix this or consider 農民召集兵 instead
[02:30:27][country_law_manager.cpp:464]: Country R11 is not permitted to retain law 国民民兵, fix this or consider 農民召集兵 instead
[02:30:27][country_law_manager.cpp:464]: Country R12 is not permitted to retain law 検閲, fix this or consider 集会の権利 instead
[02:30:27][country_law_manager.cpp:464]: Country R13 is not permitted to retain law 宗教学校, fix this or consider 学校なし instead
[02:30:27][country_law_manager.cpp:464]: Country R13 is not permitted to retain law 検閲, fix this or consider 集会の権利 instead
[02:30:27][country_law_manager.cpp:464]: Country R20 is not permitted to retain law 臣民性, fix this or consider 国民至上 instead
[02:30:27][country_law_manager.cpp:464]: Country R20 is not permitted to retain law 検閲, fix this or consider 集会の権利 instead
[02:30:27][country_law_manager.cpp:464]: Country R72 is not permitted to retain law 検閲, fix this or consider 集会の権利 instead
[02:30:27][country_law_manager.cpp:464]: Country Y01 is not permitted to retain law 国民民兵, fix this or consider 農民召集兵 instead
[02:30:27][country_law_manager.cpp:464]: Country Y05 is not permitted to retain law 学校なし, fix this or consider 宗教学校 instead
[02:30:27][country_law_manager.cpp:464]: Country Y20 is not permitted to retain law 検閲, fix this or consider 集会の権利 instead
[02:30:27][country_law_manager.cpp:464]: Country Y38 is not permitted to retain law 完全分離, fix this or consider 国教 instead
[02:30:27][country_law_manager.cpp:464]: Country Y43 is not permitted to retain law 技術家政治, fix this or consider 専制政治 instead
[02:30:27][country_law_manager.cpp:464]: Country L13 is not permitted to retain law 辺境地の植民地化, fix this or consider 植民地なし instead
[02:30:27][country_law_manager.cpp:464]: Country L17 is not permitted to retain law 検閲, fix this or consider 集会の権利 instead
[02:30:27][country_law_manager.cpp:464]: Country L23 is not permitted to retain law 慈善病院, fix this or consider 医療制度なし instead
[02:30:27][country_law_manager.cpp:464]: Country L31 is not permitted to retain law 臣民性, fix this or consider 国民至上 instead
[02:30:27][country_law_manager.cpp:464]: Country L31 is not permitted to retain law 慈善病院, fix this or consider 医療制度なし instead
[02:30:27][country_law_manager.cpp:464]: Country L32 is not permitted to retain law 辺境地の植民地化, fix this or consider 植民地なし instead
[02:30:27][country_law_manager.cpp:464]: Country L32 is not permitted to retain law 慈善病院, fix this or consider 医療制度なし instead
[02:30:27][country_law_manager.cpp:464]: Country L33 is not permitted to retain law 国民衛兵, fix this or consider 内務省なし instead
[02:30:27][country_law_manager.cpp:464]: Country L33 is not permitted to retain law 慈善病院, fix this or consider 医療制度なし instead
[02:30:27][country_law_manager.cpp:464]: Country L36 is not permitted to retain law 農本主義, fix this or consider 伝統主義 instead
[02:30:27][country_law_manager.cpp:464]: Country L60 is not permitted to retain law 文化的排斥, fix this or consider 国民至上 instead
[02:30:27][country_law_manager.cpp:464]: Country L66 is not permitted to retain law 宗教学校, fix this or consider 学校なし instead
[02:30:27][pdx_persistent_reader.cpp:268]: Error: "Failed to read key reference: : , near line: 1
Failed to read key reference: : , near line: 1
Failed to read key reference: : , near line: 1" in file: "" near line: 1
[02:30:28][pdx_persistent_reader.cpp:268]: Error: "Failed to read key reference: : , near line: 1
Failed to read key reference: : , near line: 1
Failed to read key reference: : , near line: 1" in file: "" near line: 1
[02:30:31][virtualfilesystem.cpp:569]: Could not find texture due to 'VFSOpen Error: gfx/map/textures/ not found'
[02:30:31][virtualfilesystem.cpp:569]: Could not find texture due to 'VFSOpen Error: gfx/map/textures/ not found'
[02:30:33][pdx_text_formatter.cpp:807]: Unknown formatting tag 'titlemages'
[02:30:33][pdx_text_formatter.cpp:807]: Unknown formatting tag 'variabletooltippable_name'
[02:30:33][pdx_text_formatter.cpp:807]: Unknown formatting tag 'titlemages'
[02:30:33][pdx_text_formatter.cpp:807]: Unknown formatting tag 'variabletooltippable_name'
[02:30:35][virtualfilesystem.cpp:569]: Could not find texture due to 'VFSOpen Error: gfx/map/textures/ not found'
[02:30:35][virtualfilesystem.cpp:569]: Could not find texture due to 'VFSOpen Error: gfx/map/textures/ not found'
[02:30:36][pdx_achievements_steam.cpp:299]: Invalid achievement: achievement_anb_machine_age
[02:30:36][pdx_achievements_steam.cpp:299]: Invalid achievement: achievement_anb_north_aelantir_concord
[02:30:36][pdx_achievements_steam.cpp:299]: Invalid achievement: achievement_anb_all_under_the_light
[02:30:36][pdx_achievements_steam.cpp:299]: Invalid achievement: achievement_anb_shatter_fate
[02:30:36][pdx_achievements_steam.cpp:299]: Invalid achievement: achievement_anb_back_to_our_roots
[02:30:36][pdx_achievements_steam.cpp:299]: Invalid achievement: achievement_anb_new_ice_age
[02:30:36][pdx_achievements_steam.cpp:299]: Invalid achievement: achievement_anb_democracy
