[02:29:03][game_concept_type.cpp:184]: Missing Loc for game concept: concept_great_command
[02:29:03][game_concept_type.cpp:184]: Missing Loc for game concept: concept_rending
[02:29:03][game_concept_type.cpp:184]: Missing Loc for game concept: concept_shirgrii
[02:29:20][building_type.cpp:1746]: Building type is missing loc key! Building Type: building_land_logistics_center
[02:29:20][building_type.cpp:1752]: Production Method Group is missing loc key! Production Method Group: pmg_land_logistics_center
[02:29:20][building_type.cpp:1758]: Production Method is missing loc key! Production Method: pm_basic_land_logistics_center
[02:29:21][jomini_eventmanager.cpp:637]: >=== NAMESPACE > 'anb_adventurers_wanted' is set to #1000000
[02:29:21][jomini_eventmanager.cpp:590]: Events loaded events/anb_adventurers_wanted.txt' #0
[02:29:21][jomini_eventmanager.cpp:637]: >=== NAMESPACE > 'damestear' is set to #1010000
[02:29:21][jomini_eventmanager.cpp:590]: Events loaded events/anb_damestear.txt' #0
[02:29:21][jomini_eventmanager.cpp:590]: Events loaded events/anb_initialization_events.txt' #0
[02:29:21][jomini_eventmanager.cpp:637]: >=== NAMESPACE > 'mechanim_revolt' is set to #1020000
[02:29:21][jomini_eventmanager.cpp:590]: Events loaded events/anb_je_mechanim_revolt.txt' #2
[02:29:21][jomini_eventmanager.cpp:637]: >=== NAMESPACE > 'magic_deficit' is set to #1030000
[02:29:21][jomini_eventmanager.cpp:590]: Events loaded events/anb_magic_deficit_events.txt' #9
[02:29:21][jomini_eventmanager.cpp:637]: >=== NAMESPACE > 'anb_magical_expertise' is set to #1040000
[02:29:21][jomini_eventmanager.cpp:590]: Events loaded events/anb_magical_expertise.txt' #2
[02:29:21][jomini_eventmanager.cpp:637]: >=== NAMESPACE > 'mechanim_awakening' is set to #1050000
[02:29:21][jomini_eventmanager.cpp:590]: Events loaded events/anb_mechanim_awakening.txt' #4
[02:29:21][jomini_eventmanager.cpp:637]: >=== NAMESPACE > 'anb_formation' is set to #1060000
[02:29:21][jomini_eventmanager.cpp:590]: Events loaded events/anb_misc_unifications.txt' #4
[02:29:21][jomini_eventmanager.cpp:590]: Events loaded events/anb_shadow_over_ynssmouth_event.txt' #0
[02:29:21][jomini_eventmanager.cpp:590]: Events loaded events/anb_test_events.txt' #0
[02:29:21][jomini_eventmanager.cpp:590]: Events loaded events/anb_woodswaller_revolts_events.txt' #0
[02:29:21][jomini_eventmanager.cpp:637]: >=== NAMESPACE > 'agitator_legal_events' is set to #1070000
[02:29:21][jomini_eventmanager.cpp:590]: Events loaded events/agitators_events/agitator_law_events_2.txt' #30
[02:29:21][jomini_eventmanager.cpp:637]: >=== NAMESPACE > 'agitators_election_events' is set to #1080000
[02:29:21][jomini_eventmanager.cpp:590]: Events loaded events/agitators_events/agitators_election_events.txt' #50
[02:29:21][jomini_eventmanager.cpp:637]: >=== NAMESPACE > 'agitators_law_events' is set to #1090000
[02:29:21][jomini_eventmanager.cpp:590]: Events loaded events/agitators_events/agitators_law_events.txt' #30
[02:29:21][jomini_eventmanager.cpp:637]: >=== NAMESPACE > 'coup_pulse_events' is set to #1100000
[02:29:21][jomini_eventmanager.cpp:637]: >=== NAMESPACE > 'coup_aftermath_events' is set to #1110000
[02:29:21][jomini_eventmanager.cpp:590]: Events loaded events/agitators_events/coup_events.txt' #14
[02:29:21][jomini_eventmanager.cpp:637]: >=== NAMESPACE > 'exiles_events' is set to #1120000
[02:29:21][jomini_eventmanager.cpp:590]: Events loaded events/agitators_events/exiles_events.txt' #11
[02:29:21][jomini_eventmanager.cpp:637]: >=== NAMESPACE > 'exiles_more_events' is set to #1130000
[02:29:21][jomini_eventmanager.cpp:590]: Events loaded events/agitators_events/exiles_events_02.txt' #10
[02:29:21][jomini_eventmanager.cpp:637]: >=== NAMESPACE > 'government_petition_events' is set to #1140000
[02:29:21][jomini_eventmanager.cpp:637]: >=== NAMESPACE > 'government_collapse' is set to #1150000
[02:29:21][jomini_eventmanager.cpp:590]: Events loaded events/agitators_events/government_petition_events.txt' #2
[02:29:21][jomini_eventmanager.cpp:637]: >=== NAMESPACE > 'land_ownership_law_events' is set to #1160000
[02:29:21][jomini_eventmanager.cpp:590]: Events loaded events/agitators_events/land_ownership_law_events.txt' #18
[02:29:21][jomini_eventmanager.cpp:637]: >=== NAMESPACE > 'luddite_law_events' is set to #1170000
[02:29:21][jomini_eventmanager.cpp:590]: Events loaded events/agitators_events/luddite_law_events.txt' #6
[02:29:21][jomini_eventmanager.cpp:637]: >=== NAMESPACE > 'mheromar_events' is set to #1180000
[02:29:21][jomini_eventmanager.cpp:590]: Events loaded events/agitators_events/mheromar_events.txt' #7
[02:29:21][jomini_eventmanager.cpp:637]: >=== NAMESPACE > 'revolution_pulse1_events' is set to #1190000
[02:29:21][jomini_eventmanager.cpp:590]: Events loaded events/agitators_events/revolution_events_01.txt' #19
[02:29:21][jomini_eventmanager.cpp:637]: >=== NAMESPACE > 'revolution_pulse_events' is set to #1200000
[02:29:21][jomini_eventmanager.cpp:590]: Events loaded events/agitators_events/revolution_events_02.txt' #40
[02:29:21][jomini_eventmanager.cpp:637]: >=== NAMESPACE > 'revolution_pulse2_events' is set to #1210000
[02:29:21][jomini_eventmanager.cpp:590]: Events loaded events/agitators_events/revolution_events_03.txt' #9
[02:29:21][jomini_eventmanager.cpp:637]: >=== NAMESPACE > 'silkworm_diseases' is set to #1220000
[02:29:21][jomini_eventmanager.cpp:590]: Events loaded events/agitators_events/silkworm_diseases.txt' #9
[02:29:21][jomini_eventmanager.cpp:637]: >=== NAMESPACE > 'slave_revolt_events' is set to #1230000
[02:29:21][jomini_eventmanager.cpp:590]: Events loaded events/agitators_events/slave_revolt_events.txt' #1
[02:29:21][jomini_eventmanager.cpp:637]: >=== NAMESPACE > 'yeet_agitator_events' is set to #1240000
[02:29:21][jomini_eventmanager.cpp:590]: Events loaded events/agitators_events/yeet_agitator_events.txt' #3
[02:29:21][jomini_eventmanager.cpp:637]: >=== NAMESPACE > 'overclan_events' is set to #1250000
[02:29:21][jomini_eventmanager.cpp:590]: Events loaded events/anb_bulwar_events/anb_overclan_events.txt' #6
[02:29:21][jomini_eventmanager.cpp:637]: >=== NAMESPACE > 'broken_empire' is set to #1260000
[02:29:21][jomini_eventmanager.cpp:590]: Events loaded events/anb_cannor_events/anb_broken_empire_events.txt' #12
[02:29:21][jomini_eventmanager.cpp:637]: >=== NAMESPACE > 'northern_thaw_events' is set to #1270000
[02:29:21][jomini_eventmanager.cpp:637]: >=== NAMESPACE > 'woodswaller_rebellion_events' is set to #1280000
[02:29:21][jomini_eventmanager.cpp:637]: >=== NAMESPACE > 'gerudia_conversion_events' is set to #1290000
[02:29:21][jomini_eventmanager.cpp:637]: >=== NAMESPACE > 'reach_nl_events' is set to #1300000
[02:29:21][jomini_eventmanager.cpp:637]: >=== NAMESPACE > 'reach_events' is set to #1310000
[02:29:21][jomini_eventmanager.cpp:590]: Events loaded events/anb_cannor_events/anb_northern_thaw_events.txt' #30
[02:29:21][jomini_eventmanager.cpp:637]: >=== NAMESPACE > 'anb_portnamm_events' is set to #1320000
[02:29:21][jomini_eventmanager.cpp:590]: Events loaded events/anb_cannor_events/anb_portnamm_events.txt' #5
[02:29:21][jomini_eventmanager.cpp:637]: >=== NAMESPACE > 'anb_rosemetal_events' is set to #1330000
[02:29:21][jomini_eventmanager.cpp:590]: Events loaded events/anb_cannor_events/anb_rosemetal_events.txt' #1
[02:29:21][jomini_eventmanager.cpp:637]: >=== NAMESPACE > 'anb_the_race_for_the_small_country' is set to #1340000
[02:29:21][jomini_eventmanager.cpp:590]: Events loaded events/anb_cannor_events/anb_the_race_for_the_small_country_events.txt' #5
[02:29:21][jomini_eventmanager.cpp:637]: >=== NAMESPACE > 'anb_vivin_events' is set to #1350000
[02:29:21][jomini_eventmanager.cpp:590]: Events loaded events/anb_cannor_events/anb_vivin_events.txt' #5
[02:29:21][jomini_eventmanager.cpp:637]: >=== NAMESPACE > 'auldwarov' is set to #1360000
[02:29:21][jomini_eventmanager.cpp:590]: Events loaded events/anb_dwarovar_events/anb_auldwarov_events.txt' #22
[02:29:21][jomini_eventmanager.cpp:637]: >=== NAMESPACE > 'darkscale_nimrith_revival_events' is set to #1370000
[02:29:21][jomini_eventmanager.cpp:590]: Events loaded events/anb_dwarovar_events/anb_darkscale_nimrith_revival_events.txt' #6
[02:29:21][jomini_eventmanager.cpp:637]: >=== NAMESPACE > 'anb_comet_investigation' is set to #1380000
[02:29:21][jomini_eventmanager.cpp:590]: Events loaded events/anb_dwarovar_events/anb_dur_vazhatun.txt' #46
[02:29:21][jomini_eventmanager.cpp:590]: Events loaded events/anb_dwarovar_events/anb_goblin_tide.txt' #0
[02:29:21][jomini_eventmanager.cpp:637]: >=== NAMESPACE > 'obsidian_invasions' is set to #1390000
[02:29:21][jomini_eventmanager.cpp:590]: Events loaded events/anb_dwarovar_events/anb_obsidian_invasions.txt' #3
[02:29:21][jomini_eventmanager.cpp:637]: >=== NAMESPACE > 'egduqon' is set to #1400000
[02:29:21][jomini_eventmanager.cpp:590]: Events loaded events/anb_fplains_events/anb_kalsyto_modernization.txt' #17
[02:29:21][jomini_eventmanager.cpp:637]: >=== NAMESPACE > 'anb_command_events' is set to #1410000
[02:29:21][jomini_eventmanager.cpp:590]: Events loaded events/anb_haless_events/anb_command_events.txt' #3
[02:29:21][jomini_eventmanager.cpp:637]: >=== NAMESPACE > 'rise_of_the_ghankedhen' is set to #1420000
[02:29:21][jomini_eventmanager.cpp:590]: Events loaded events/anb_haless_events/anb_rise_of_the_ghankedhen.txt' #1
[02:29:21][jomini_eventmanager.cpp:637]: >=== NAMESPACE > 'tianlou_events' is set to #1430000
[02:29:21][jomini_eventmanager.cpp:590]: Events loaded events/anb_haless_events/anb_tianlou_events.txt' #5
[02:29:21][jomini_eventmanager.cpp:637]: >=== NAMESPACE > 'yanshen_unification' is set to #1440000
[02:29:21][jomini_eventmanager.cpp:590]: Events loaded events/anb_haless_events/anb_yanshen_unification_events.txt' #1
[02:29:21][jomini_eventmanager.cpp:637]: >=== NAMESPACE > 'dalaire' is set to #1450000
[02:29:21][jomini_eventmanager.cpp:590]: Events loaded events/anb_n_aelantir_events/anb_dalaire.txt' #4
[02:29:21][jomini_eventmanager.cpp:637]: >=== NAMESPACE > 'eordan_unification' is set to #1460000
[02:29:21][jomini_eventmanager.cpp:590]: Events loaded events/anb_n_aelantir_events/anb_eordan_unification.txt' #6
[02:29:21][jomini_eventmanager.cpp:637]: >=== NAMESPACE > 'anb_eordand_events' is set to #1470000
[02:29:21][jomini_eventmanager.cpp:590]: Events loaded events/anb_n_aelantir_events/anb_eordand_events.txt' #2
[02:29:21][jomini_eventmanager.cpp:637]: >=== NAMESPACE > 'gem_of_dolindha' is set to #1480000
[02:29:21][jomini_eventmanager.cpp:590]: Events loaded events/anb_n_aelantir_events/anb_gem_of_dolindha_events.txt' #1
[02:29:21][jomini_eventmanager.cpp:637]: >=== NAMESPACE > 'malachite_coup' is set to #1490000
[02:29:21][jomini_eventmanager.cpp:590]: Events loaded events/anb_n_aelantir_events/anb_malachite_coup.txt' #3
[02:29:21][jomini_eventmanager.cpp:637]: >=== NAMESPACE > 'neratica_minaria_events' is set to #1500000
[02:29:21][jomini_eventmanager.cpp:590]: Events loaded events/anb_n_aelantir_events/anb_neratica_minaria_events.txt' #10
[02:29:21][jomini_eventmanager.cpp:637]: >=== NAMESPACE > 'anb_ranger_republic' is set to #1510000
[02:29:21][jomini_eventmanager.cpp:590]: Events loaded events/anb_n_aelantir_events/anb_ranger_republic.txt' #14
[02:29:21][jomini_eventmanager.cpp:637]: >=== NAMESPACE > 'spoorland' is set to #1520000
[02:29:21][jomini_eventmanager.cpp:590]: Events loaded events/anb_n_aelantir_events/anb_spoorland.txt' #2
[02:29:21][jomini_eventmanager.cpp:637]: >=== NAMESPACE > 'anb_torrisheah' is set to #1530000
[02:29:21][jomini_eventmanager.cpp:590]: Events loaded events/anb_n_aelantir_events/anb_torrisheah_events.txt' #20
[02:29:21][jomini_eventmanager.cpp:637]: >=== NAMESPACE > 'anb_uneasy_peace' is set to #1540000
[02:29:21][jomini_eventmanager.cpp:590]: Events loaded events/anb_n_aelantir_events/anb_uneasy_peace.txt' #16
[02:29:21][jomini_eventmanager.cpp:637]: >=== NAMESPACE > 'anb_varionail' is set to #1550000
[02:29:21][jomini_eventmanager.cpp:590]: Events loaded events/anb_n_aelantir_events/anb_varionail_events.txt' #13
[02:29:21][jomini_eventmanager.cpp:637]: >=== NAMESPACE > 'ynnsmouth_crisis' is set to #1560000
[02:29:21][jomini_eventmanager.cpp:590]: Events loaded events/anb_n_aelantir_events/anb_ynnsmouth.txt' #10
[02:29:21][jomini_eventmanager.cpp:637]: >=== NAMESPACE > 'chendhyan_frontier_events' is set to #1570000
[02:29:21][jomini_eventmanager.cpp:590]: Events loaded events/anb_s_aelantir_events/anb_chendhyan_frontier.txt' #6
[02:29:21][jomini_eventmanager.cpp:637]: >=== NAMESPACE > 'empkeios' is set to #1580000
[02:29:21][jomini_eventmanager.cpp:590]: Events loaded events/anb_s_aelantir_events/anb_empkeios_independence.txt' #1
[02:29:21][jomini_eventmanager.cpp:637]: >=== NAMESPACE > 'kheionai_events' is set to #1590000
[02:29:21][jomini_eventmanager.cpp:590]: Events loaded events/anb_s_aelantir_events/anb_kheionai_events.txt' #1
[02:29:21][jomini_eventmanager.cpp:637]: >=== NAMESPACE > 'alecand_reclamation' is set to #1600000
[02:29:21][jomini_eventmanager.cpp:590]: Events loaded events/anb_s_aelantir_events/anb_reclamation_events.txt' #9
[02:29:21][jomini_eventmanager.cpp:637]: >=== NAMESPACE > 'seedthrall' is set to #1610000
[02:29:21][jomini_eventmanager.cpp:590]: Events loaded events/anb_s_aelantir_events/anb_seedthrall_assimilation.txt' #4
[02:29:21][jomini_eventmanager.cpp:637]: >=== NAMESPACE > 'anb_north_war' is set to #1620000
[02:29:21][jomini_eventmanager.cpp:590]: Events loaded events/anb_s_aelantir_events/anb_war_in_the_north.txt' #6
[02:29:21][jomini_eventmanager.cpp:637]: >=== NAMESPACE > 'anb_ardimya' is set to #1630000
[02:29:21][jomini_eventmanager.cpp:590]: Events loaded events/anb_sarhal_events/anb_ardimya_events.txt' #6
[02:29:21][jomini_eventmanager.cpp:637]: >=== NAMESPACE > 'naleni_great_reform_events' is set to #1640000
[02:29:21][jomini_eventmanager.cpp:590]: Events loaded events/anb_sarhal_events/anb_naleni_greatreform_events.txt' #6
[02:29:21][jomini_eventmanager.cpp:637]: >=== NAMESPACE > 'subjecthood_events' is set to #1650000
[02:29:21][jomini_eventmanager.cpp:590]: Events loaded events/balkans_events/subjecthood_events.txt' #5
[02:29:21][jomini_eventmanager.cpp:637]: >=== NAMESPACE > 'positivism' is set to #1660000
[02:29:21][jomini_eventmanager.cpp:637]: >=== NAMESPACE > 'positivism_pulse' is set to #1670000
[02:29:21][jomini_eventmanager.cpp:590]: Events loaded events/brazil/positivism.txt' #9
[02:29:21][jomini_eventmanager.cpp:637]: >=== NAMESPACE > 'communist_elections' is set to #1680000
[02:29:21][jomini_eventmanager.cpp:637]: >=== NAMESPACE > 'cable_street' is set to #1690000
[02:29:21][jomini_eventmanager.cpp:590]: Events loaded events/election_events/communist_fascist_election_events.txt' #5
[02:29:21][jomini_eventmanager.cpp:637]: >=== NAMESPACE > 'election_conservative_events' is set to #1700000
[02:29:21][jomini_eventmanager.cpp:590]: Events loaded events/election_events/election_conservative_events.txt' #4
[02:29:21][jomini_eventmanager.cpp:637]: >=== NAMESPACE > 'election_contextual_events' is set to #1710000
[02:29:21][jomini_eventmanager.cpp:590]: Events loaded events/election_events/election_contextual_events.txt' #8
[02:29:21][jomini_eventmanager.cpp:637]: >=== NAMESPACE > 'election_generic' is set to #1720000
[02:29:21][jomini_eventmanager.cpp:590]: Events loaded events/election_events/election_generic_events.txt' #2
[02:29:21][jomini_eventmanager.cpp:637]: >=== NAMESPACE > 'election_liberal_events' is set to #1730000
[02:29:21][jomini_eventmanager.cpp:590]: Events loaded events/election_events/election_liberal_events.txt' #4
[02:29:21][jomini_eventmanager.cpp:637]: >=== NAMESPACE > 'election_moderate_events' is set to #1740000
[02:29:21][jomini_eventmanager.cpp:590]: Events loaded events/election_events/election_moderate_events.txt' #2
[02:29:21][jomini_eventmanager.cpp:637]: >=== NAMESPACE > 'election_neutral' is set to #1750000
[02:29:21][jomini_eventmanager.cpp:590]: Events loaded events/election_events/election_neutral_events.txt' #8
[02:29:21][jomini_eventmanager.cpp:637]: >=== NAMESPACE > 'election_other_parties_events' is set to #1760000
[02:29:21][jomini_eventmanager.cpp:590]: Events loaded events/election_events/election_other_parties_events.txt' #5
[02:29:21][jomini_eventmanager.cpp:637]: >=== NAMESPACE > 'jail' is set to #1770000
[02:29:21][jomini_eventmanager.cpp:590]: Events loaded events/india_events/jail.txt' #1
[02:29:21][jomini_eventmanager.cpp:637]: >=== NAMESPACE > 'anarchy' is set to #1780000
[02:29:21][jomini_eventmanager.cpp:590]: Events loaded events/law_events/anarchy_law.txt' #3
[02:29:21][jomini_eventmanager.cpp:637]: >=== NAMESPACE > 'anti_state_religion' is set to #1790000
[02:29:21][jomini_eventmanager.cpp:590]: Events loaded events/law_events/anti_state_religion_law_events.txt' #3
[02:29:21][jomini_eventmanager.cpp:637]: >=== NAMESPACE > 'bureaucracy' is set to #1800000
[02:29:21][jomini_eventmanager.cpp:590]: Events loaded events/law_events/bureaucracy.txt' #3
[02:29:21][jomini_eventmanager.cpp:637]: >=== NAMESPACE > 'children_rights_events' is set to #1810000
[02:29:21][jomini_eventmanager.cpp:590]: Events loaded events/law_events/children_rights_events.txt' #6
[02:29:21][jomini_eventmanager.cpp:637]: >=== NAMESPACE > 'citizenship_laws' is set to #1820000
[02:29:21][jomini_eventmanager.cpp:590]: Events loaded events/law_events/citizenship_laws.txt' #6
[02:29:21][jomini_eventmanager.cpp:637]: >=== NAMESPACE > 'colonization' is set to #1830000
[02:29:21][jomini_eventmanager.cpp:590]: Events loaded events/law_events/colonization_laws.txt' #4
[02:29:21][jomini_eventmanager.cpp:637]: >=== NAMESPACE > 'conscription_laws' is set to #1840000
[02:29:21][jomini_eventmanager.cpp:590]: Events loaded events/law_events/conscription_laws.txt' #3
[02:29:21][jomini_eventmanager.cpp:637]: >=== NAMESPACE > 'corporate_state' is set to #1850000
[02:29:21][jomini_eventmanager.cpp:590]: Events loaded events/law_events/corporate_state_events.txt' #6
[02:29:21][jomini_eventmanager.cpp:637]: >=== NAMESPACE > 'council_republic_law_events' is set to #1860000
[02:29:21][jomini_eventmanager.cpp:590]: Events loaded events/law_events/council_republic_law_events.txt' #3
[02:29:21][jomini_eventmanager.cpp:637]: >=== NAMESPACE > 'distribution_of_power_laws' is set to #1870000
[02:29:21][jomini_eventmanager.cpp:590]: Events loaded events/law_events/distribution_of_power_laws.txt' #12
[02:29:21][jomini_eventmanager.cpp:637]: >=== NAMESPACE > 'economy_laws' is set to #1880000
[02:29:21][jomini_eventmanager.cpp:590]: Events loaded events/law_events/economy_laws.txt' #6
[02:29:21][jomini_eventmanager.cpp:637]: >=== NAMESPACE > 'education_laws' is set to #1890000
[02:29:21][jomini_eventmanager.cpp:590]: Events loaded events/law_events/education_laws.txt' #6
[02:29:21][jomini_eventmanager.cpp:637]: >=== NAMESPACE > 'free_speech_laws' is set to #1900000
[02:29:21][jomini_eventmanager.cpp:590]: Events loaded events/law_events/free_speech_laws.txt' #6
[02:29:21][jomini_eventmanager.cpp:637]: >=== NAMESPACE > 'healthcare_laws' is set to #1910000
[02:29:21][jomini_eventmanager.cpp:590]: Events loaded events/law_events/healthcare_laws.txt' #6
[02:29:21][jomini_eventmanager.cpp:637]: >=== NAMESPACE > 'internal_security_events' is set to #1920000
[02:29:21][jomini_eventmanager.cpp:590]: Events loaded events/law_events/internal_security_events.txt' #6
[02:29:21][jomini_eventmanager.cpp:637]: >=== NAMESPACE > 'isolation' is set to #1930000
[02:29:21][jomini_eventmanager.cpp:590]: Events loaded events/law_events/isolationism_law.txt' #2
[02:29:21][jomini_eventmanager.cpp:637]: >=== NAMESPACE > 'labor_rights' is set to #1940000
[02:29:21][jomini_eventmanager.cpp:590]: Events loaded events/law_events/labor_rights_laws.txt' #6
[02:29:21][jomini_eventmanager.cpp:637]: >=== NAMESPACE > 'labour_associations_events' is set to #1950000
[02:29:21][jomini_eventmanager.cpp:590]: Events loaded events/law_events/labour_associations_events.txt' #9
[02:29:21][jomini_eventmanager.cpp:637]: >=== NAMESPACE > 'law_events' is set to #1960000
[02:29:21][jomini_eventmanager.cpp:590]: Events loaded events/law_events/law_events.txt' #3
[02:29:21][jomini_eventmanager.cpp:637]: >=== NAMESPACE > 'generic_laws' is set to #1970000
[02:29:21][jomini_eventmanager.cpp:590]: Events loaded events/law_events/law_events_01.txt' #12
[02:29:21][jomini_eventmanager.cpp:637]: >=== NAMESPACE > 'law_notification' is set to #1980000
[02:29:21][jomini_eventmanager.cpp:590]: Events loaded events/law_events/law_notification.txt' #4
[02:29:21][jomini_eventmanager.cpp:637]: >=== NAMESPACE > 'laws' is set to #1990000
[02:29:21][jomini_eventmanager.cpp:590]: Events loaded events/law_events/laws.txt' #1
[02:29:21][jomini_eventmanager.cpp:637]: >=== NAMESPACE > 'laws_police' is set to #2000000
[02:29:21][jomini_eventmanager.cpp:590]: Events loaded events/law_events/laws_police.txt' #3
[02:29:21][jomini_eventmanager.cpp:637]: >=== NAMESPACE > 'migration_laws' is set to #2010000
[02:29:21][jomini_eventmanager.cpp:590]: Events loaded events/law_events/migration_laws.txt' #6
[02:29:21][jomini_eventmanager.cpp:637]: >=== NAMESPACE > 'monarchy_law_events' is set to #2020000
[02:29:21][jomini_eventmanager.cpp:590]: Events loaded events/law_events/monarchy_laws.txt' #4
[02:29:21][jomini_eventmanager.cpp:637]: >=== NAMESPACE > 'republic_laws' is set to #2030000
[02:29:21][jomini_eventmanager.cpp:590]: Events loaded events/law_events/republic_laws.txt' #3
[02:29:21][jomini_eventmanager.cpp:637]: >=== NAMESPACE > 'rights_of_women_laws' is set to #2040000
[02:29:21][jomini_eventmanager.cpp:590]: Events loaded events/law_events/rights_of_women_laws.txt' #7
[02:29:21][jomini_eventmanager.cpp:637]: >=== NAMESPACE > 'single_party_state' is set to #2050000
[02:29:21][jomini_eventmanager.cpp:590]: Events loaded events/law_events/single_party_state_laws.txt' #7
[02:29:21][jomini_eventmanager.cpp:637]: >=== NAMESPACE > 'slavery_law_events' is set to #2060000
[02:29:21][jomini_eventmanager.cpp:590]: Events loaded events/law_events/slavery_laws.txt' #7
[02:29:21][jomini_eventmanager.cpp:637]: >=== NAMESPACE > 'state_atheism' is set to #2070000
[02:29:21][jomini_eventmanager.cpp:590]: Events loaded events/law_events/state_atheism.txt' #6
[02:29:21][jomini_eventmanager.cpp:637]: >=== NAMESPACE > 'tax' is set to #2080000
[02:29:21][jomini_eventmanager.cpp:590]: Events loaded events/law_events/tax_laws.txt' #6
[02:29:21][jomini_eventmanager.cpp:637]: >=== NAMESPACE > 'technocracy' is set to #2090000
[02:29:21][jomini_eventmanager.cpp:590]: Events loaded events/law_events/technocracy_law.txt' #4
[02:29:21][jomini_eventmanager.cpp:637]: >=== NAMESPACE > 'theocracy' is set to #2100000
[02:29:21][jomini_eventmanager.cpp:590]: Events loaded events/law_events/theocracy.txt' #3
[02:29:21][jomini_eventmanager.cpp:637]: >=== NAMESPACE > 'unable_to_enact' is set to #2110000
[02:29:21][jomini_eventmanager.cpp:590]: Events loaded events/law_events/unable_to_enact_events.txt' #2
[02:29:21][jomini_eventmanager.cpp:637]: >=== NAMESPACE > 'welfare_laws' is set to #2120000
[02:29:21][jomini_eventmanager.cpp:590]: Events loaded events/law_events/welfare_laws_events.txt' #9
[02:29:21][jomini_eventmanager.cpp:637]: >=== NAMESPACE > 'earn_recognition_events' is set to #2130000
[02:29:21][jomini_eventmanager.cpp:590]: Events loaded events/soi_events/00_earn_recognition_events.txt' #1
[02:29:21][jomini_eventmanager.cpp:637]: >=== NAMESPACE > 'lobby_events' is set to #2140000
[02:29:21][jomini_eventmanager.cpp:590]: Events loaded events/soi_events/00_lobbies_events_01.txt' #10
[02:29:21][jomini_eventmanager.cpp:590]: Events loaded events/soi_events/00_lobbies_events_03.txt' #20
[02:29:21][jomini_eventmanager.cpp:637]: >=== NAMESPACE > 'lobby_core' is set to #2150000
[02:29:21][jomini_eventmanager.cpp:637]: >=== NAMESPACE > 'lobby_proposal' is set to #2160000
[02:29:21][jomini_eventmanager.cpp:637]: >=== NAMESPACE > 'fund_lobbies_events' is set to #2170000
[02:29:21][jomini_eventmanager.cpp:590]: Events loaded events/soi_events/00_lobbies_events_04.txt' #30
[02:29:21][jomini_eventmanager.cpp:637]: >=== NAMESPACE > 'anb_production_tech_events' is set to #2180000
[02:29:21][jomini_eventmanager.cpp:590]: Events loaded events/tech_events/anb_production_tech_events.txt' #1
[02:29:21][jomini_eventmanager.cpp:637]: >=== NAMESPACE > 'aviation' is set to #2190000
[02:29:21][jomini_eventmanager.cpp:590]: Events loaded events/tech_events/aviation.txt' #1
[02:29:21][jomini_eventmanager.cpp:637]: >=== NAMESPACE > 'camera_film_pm_events' is set to #2200000
[02:29:21][jomini_eventmanager.cpp:590]: Events loaded events/tech_events/camera_film_pm_events.txt' #2
[02:29:21][jomini_eventmanager.cpp:637]: >=== NAMESPACE > 'flamethrowers_event' is set to #2210000
[02:29:21][jomini_eventmanager.cpp:590]: Events loaded events/tech_events/flamethrowers_event.txt' #1
[02:29:21][jomini_eventmanager.cpp:637]: >=== NAMESPACE > 'military_tech_events' is set to #2220000
[02:29:21][jomini_eventmanager.cpp:590]: Events loaded events/tech_events/military_tech_events.txt' #5
[02:29:21][jomini_eventmanager.cpp:590]: Events loaded events/tech_events/military_tech_events_01.txt' #4
[02:29:21][jomini_eventmanager.cpp:637]: >=== NAMESPACE > 'naval_tech_events' is set to #2230000
[02:29:21][jomini_eventmanager.cpp:590]: Events loaded events/tech_events/naval_tech_events.txt' #5
[02:29:21][jomini_eventmanager.cpp:637]: >=== NAMESPACE > 'nursing_events' is set to #2240000
[02:29:21][jomini_eventmanager.cpp:590]: Events loaded events/tech_events/nursing_events.txt' #4
[02:29:21][jomini_eventmanager.cpp:637]: >=== NAMESPACE > 'production_tech_events' is set to #2250000
[02:29:21][jomini_eventmanager.cpp:590]: Events loaded events/tech_events/production_tech_events.txt' #13
[02:29:21][jomini_eventmanager.cpp:637]: >=== NAMESPACE > 'rubber_events' is set to #2260000
[02:29:21][jomini_eventmanager.cpp:590]: Events loaded events/tech_events/rubber_events.txt' #2
[02:29:21][jomini_eventmanager.cpp:637]: >=== NAMESPACE > 'dt_society_events' is set to #2270000
[02:29:21][jomini_eventmanager.cpp:590]: Events loaded events/tech_events/society_events_01.txt' #3
[02:29:21][jomini_eventmanager.cpp:637]: >=== NAMESPACE > 'society_tech_events' is set to #2280000
[02:29:21][jomini_eventmanager.cpp:590]: Events loaded events/tech_events/society_events_03.txt' #1
[02:29:21][jomini_eventmanager.cpp:590]: Events loaded events/tech_events/society_tech_events.txt' #2
[02:29:21][jomini_eventmanager.cpp:637]: >=== NAMESPACE > 'dan_society_tech_events' is set to #2290000
[02:29:21][jomini_eventmanager.cpp:590]: Events loaded events/tech_events/society_techs_02.txt' #1
[02:29:21][jomini_eventmanager.cpp:637]: >=== NAMESPACE > 'trench_warfare' is set to #2300000
[02:29:21][jomini_eventmanager.cpp:590]: Events loaded events/tech_events/trench_warfare.txt' #1
[02:29:21][jomini_eventmanager.cpp:637]: >=== NAMESPACE > 'war_crimes' is set to #2310000
[02:29:21][jomini_eventmanager.cpp:590]: Events loaded events/tech_events/war_crimes_events.txt' #2
[02:29:21][jomini_eventmanager.cpp:637]: >=== NAMESPACE > '1848' is set to #2320000
[02:29:21][jomini_eventmanager.cpp:590]: Events loaded events/vanilla_overwrites/1848.txt' #9
[02:29:21][jomini_eventmanager.cpp:637]: >=== NAMESPACE > 'acceptance_events' is set to #2330000
[02:29:21][jomini_eventmanager.cpp:590]: Events loaded events/vanilla_overwrites/acceptance_events.txt' #1
[02:29:21][jomini_eventmanager.cpp:637]: >=== NAMESPACE > 'airship_tower' is set to #2340000
[02:29:21][jomini_eventmanager.cpp:590]: Events loaded events/vanilla_overwrites/anb_airship_tower_events.txt' #2
[02:29:21][jomini_eventmanager.cpp:637]: >=== NAMESPACE > 'assassination_events' is set to #2350000
[02:29:21][jomini_eventmanager.cpp:590]: Events loaded events/vanilla_overwrites/assassination_events.txt' #8
[02:29:21][jomini_eventmanager.cpp:637]: >=== NAMESPACE > 'autocracy' is set to #2360000
[02:29:21][jomini_eventmanager.cpp:590]: Events loaded events/vanilla_overwrites/autocracy_events.txt' #4
[02:29:21][jomini_eventmanager.cpp:637]: >=== NAMESPACE > 'belle_epoque_events' is set to #2370000
[02:29:21][jomini_eventmanager.cpp:590]: Events loaded events/vanilla_overwrites/belle_epoque_events.txt' #19
[02:29:21][jomini_eventmanager.cpp:637]: >=== NAMESPACE > 'canal_events' is set to #2380000
[02:29:21][jomini_eventmanager.cpp:590]: Events loaded events/vanilla_overwrites/canal_events.txt' #5
[02:29:21][jomini_eventmanager.cpp:637]: >=== NAMESPACE > 'character_events' is set to #2390000
[02:29:21][jomini_eventmanager.cpp:590]: Events loaded events/vanilla_overwrites/character_events.txt' #5
[02:29:21][jomini_eventmanager.cpp:637]: >=== NAMESPACE > 'cholera' is set to #2400000
[02:29:21][jomini_eventmanager.cpp:590]: Events loaded events/vanilla_overwrites/cholera.txt' #1
[02:29:21][jomini_eventmanager.cpp:637]: >=== NAMESPACE > 'civil_war_events' is set to #2410000
[02:29:21][jomini_eventmanager.cpp:590]: Events loaded events/vanilla_overwrites/civil_war_events.txt' #1
[02:29:21][jomini_eventmanager.cpp:637]: >=== NAMESPACE > 'colonial_administration_events' is set to #2420000
[02:29:21][jomini_eventmanager.cpp:590]: Events loaded events/vanilla_overwrites/colonial_administration_events.txt' #0
[02:29:21][jomini_eventmanager.cpp:637]: >=== NAMESPACE > 'commander_events' is set to #2430000
[02:29:21][jomini_eventmanager.cpp:590]: Events loaded events/vanilla_overwrites/commander_events.txt' #4
[02:29:21][jomini_eventmanager.cpp:637]: >=== NAMESPACE > 'communism' is set to #2440000
[02:29:21][jomini_eventmanager.cpp:590]: Events loaded events/vanilla_overwrites/communism.txt' #11
[02:29:21][jomini_eventmanager.cpp:637]: >=== NAMESPACE > 'corn_laws' is set to #2450000
[02:29:21][jomini_eventmanager.cpp:590]: Events loaded events/vanilla_overwrites/corn_laws_events.txt' #4
[02:29:21][jomini_eventmanager.cpp:637]: >=== NAMESPACE > 'crime_events' is set to #2460000
[02:29:21][jomini_eventmanager.cpp:590]: Events loaded events/vanilla_overwrites/crime_events.txt' #6
[02:29:21][jomini_eventmanager.cpp:637]: >=== NAMESPACE > 'cultural_homeland_events' is set to #2470000
[02:29:21][jomini_eventmanager.cpp:590]: Events loaded events/vanilla_overwrites/cultural_homeland_events.txt' #6
[02:29:21][jomini_eventmanager.cpp:637]: >=== NAMESPACE > 'debug' is set to #2480000
[02:29:21][jomini_eventmanager.cpp:590]: Events loaded events/vanilla_overwrites/debug_events.txt' #26
[02:29:21][jomini_eventmanager.cpp:637]: >=== NAMESPACE > 'decree_events' is set to #2490000
[02:29:21][jomini_eventmanager.cpp:590]: Events loaded events/vanilla_overwrites/decree_events.txt' #6
[02:29:21][jomini_eventmanager.cpp:590]: Events loaded events/vanilla_overwrites/decree_events_02.txt' #10
[02:29:21][jomini_eventmanager.cpp:637]: >=== NAMESPACE > 'diplomatic_events' is set to #2500000
[02:29:21][jomini_eventmanager.cpp:590]: Events loaded events/vanilla_overwrites/diplomatic_events.txt' #1
[02:29:21][jomini_eventmanager.cpp:637]: >=== NAMESPACE > 'diplomatic_friction' is set to #2510000
[02:29:21][jomini_eventmanager.cpp:590]: Events loaded events/vanilla_overwrites/diplomatic_friction_events.txt' #4
[02:29:21][jomini_eventmanager.cpp:637]: >=== NAMESPACE > 'discrimination_events' is set to #2520000
[02:29:21][jomini_eventmanager.cpp:590]: Events loaded events/vanilla_overwrites/discrimination_events.txt' #4
[02:29:21][jomini_eventmanager.cpp:637]: >=== NAMESPACE > 'dreadnought_hoax' is set to #2530000
[02:29:21][jomini_eventmanager.cpp:590]: Events loaded events/vanilla_overwrites/dreadnought_hoax.txt' #1
[02:29:21][jomini_eventmanager.cpp:590]: Events loaded events/vanilla_overwrites/dual_monarchy.txt' #0
[02:29:21][jomini_eventmanager.cpp:637]: >=== NAMESPACE > 'famine_political' is set to #2540000
[02:29:21][jomini_eventmanager.cpp:590]: Events loaded events/vanilla_overwrites/famine_political_events.txt' #5
[02:29:21][jomini_eventmanager.cpp:637]: >=== NAMESPACE > 'fascism_events' is set to #2550000
[02:29:21][jomini_eventmanager.cpp:590]: Events loaded events/vanilla_overwrites/fascism_events.txt' #10
[02:29:21][jomini_eventmanager.cpp:637]: >=== NAMESPACE > 'generals' is set to #2560000
[02:29:21][jomini_eventmanager.cpp:590]: Events loaded events/vanilla_overwrites/general_events.txt' #1
[02:29:21][jomini_eventmanager.cpp:637]: >=== NAMESPACE > 'goldrush' is set to #2570000
[02:29:21][jomini_eventmanager.cpp:590]: Events loaded events/vanilla_overwrites/gold_rush.txt' #7
[02:29:21][jomini_eventmanager.cpp:637]: >=== NAMESPACE > 'government_conflicts' is set to #2580000
[02:29:21][jomini_eventmanager.cpp:590]: Events loaded events/vanilla_overwrites/government_conflicts_events.txt' #11
[02:29:21][jomini_eventmanager.cpp:637]: >=== NAMESPACE > 'exhibition_events' is set to #2590000
[02:29:21][jomini_eventmanager.cpp:590]: Events loaded events/vanilla_overwrites/grand_exhibition_events.txt' #7
[02:29:21][jomini_eventmanager.cpp:637]: >=== NAMESPACE > 'historical_events' is set to #2600000
[02:29:21][jomini_eventmanager.cpp:590]: Events loaded events/vanilla_overwrites/historical_events.txt' #1
[02:29:21][jomini_eventmanager.cpp:637]: >=== NAMESPACE > 'ig_leaders' is set to #2610000
[02:29:21][jomini_eventmanager.cpp:590]: Events loaded events/vanilla_overwrites/ig_leaders.txt' #7
[02:29:21][jomini_eventmanager.cpp:637]: >=== NAMESPACE > 'ig_petitions' is set to #2620000
[02:29:21][jomini_eventmanager.cpp:590]: Events loaded events/vanilla_overwrites/ig_petitions.txt' #8
[02:29:21][jomini_eventmanager.cpp:637]: >=== NAMESPACE > 'ig_revolutions' is set to #2630000
[02:29:21][jomini_eventmanager.cpp:590]: Events loaded events/vanilla_overwrites/ig_revolutions.txt' #9
[02:29:21][jomini_eventmanager.cpp:637]: >=== NAMESPACE > 'ig_suppression_events' is set to #2640000
[02:29:21][jomini_eventmanager.cpp:590]: Events loaded events/vanilla_overwrites/ig_suppression_events.txt' #10
[02:29:21][jomini_eventmanager.cpp:637]: >=== NAMESPACE > 'independence' is set to #2650000
[02:29:21][jomini_eventmanager.cpp:590]: Events loaded events/vanilla_overwrites/independence.txt' #2
[02:29:21][jomini_eventmanager.cpp:637]: >=== NAMESPACE > 'industrial_accident_events' is set to #2660000
[02:29:21][jomini_eventmanager.cpp:590]: Events loaded events/vanilla_overwrites/industrial_accidents_events.txt' #6
[02:29:21][jomini_eventmanager.cpp:637]: >=== NAMESPACE > 'anarchism_events' is set to #2670000
[02:29:21][jomini_eventmanager.cpp:590]: Events loaded events/vanilla_overwrites/ip4_anarchism_events.txt' #4
[02:29:21][jomini_eventmanager.cpp:637]: >=== NAMESPACE > 'ip4_coup' is set to #2680000
[02:29:21][jomini_eventmanager.cpp:590]: Events loaded events/vanilla_overwrites/ip4_coup_events.txt' #5
[02:29:21][jomini_eventmanager.cpp:637]: >=== NAMESPACE > 'caciquismo' is set to #2690000
[02:29:21][jomini_eventmanager.cpp:590]: Events loaded events/vanilla_overwrites/ip4_election_rigging.txt' #2
[02:29:21][jomini_eventmanager.cpp:637]: >=== NAMESPACE > 'law_imposition_events' is set to #2700000
[02:29:21][jomini_eventmanager.cpp:590]: Events loaded events/vanilla_overwrites/law_imposition_events.txt' #3
[02:29:21][jomini_eventmanager.cpp:637]: >=== NAMESPACE > 'liberalism' is set to #2710000
[02:29:21][jomini_eventmanager.cpp:590]: Events loaded events/vanilla_overwrites/liberalism.txt' #4
[02:29:21][jomini_eventmanager.cpp:637]: >=== NAMESPACE > 'famine_events' is set to #2720000
[02:29:21][jomini_eventmanager.cpp:590]: Events loaded events/vanilla_overwrites/major_famine_events.txt' #2
[02:29:21][jomini_eventmanager.cpp:637]: >=== NAMESPACE > 'metro' is set to #2730000
[02:29:21][jomini_eventmanager.cpp:590]: Events loaded events/vanilla_overwrites/metro_events.txt' #1
[02:29:21][jomini_eventmanager.cpp:637]: >=== NAMESPACE > 'formation' is set to #2740000
[02:29:21][jomini_eventmanager.cpp:590]: Events loaded events/vanilla_overwrites/misc_unifications.txt' #1
[02:29:21][jomini_eventmanager.cpp:637]: >=== NAMESPACE > 'movement_events' is set to #2750000
[02:29:21][jomini_eventmanager.cpp:590]: Events loaded events/vanilla_overwrites/movement_events.txt' #15
[02:29:21][jomini_eventmanager.cpp:637]: >=== NAMESPACE > 'natural_disaster_events' is set to #2760000
[02:29:21][jomini_eventmanager.cpp:590]: Events loaded events/vanilla_overwrites/natural_disasters_events.txt' #8
[02:29:21][jomini_eventmanager.cpp:637]: >=== NAMESPACE > 'negotiation' is set to #2770000
[02:29:21][jomini_eventmanager.cpp:590]: Events loaded events/vanilla_overwrites/negotiation_events.txt' #1
[02:29:21][jomini_eventmanager.cpp:637]: >=== NAMESPACE > 'neighbor_events' is set to #2780000
[02:29:21][jomini_eventmanager.cpp:590]: Events loaded events/vanilla_overwrites/neighbor_events.txt' #7
[02:29:21][jomini_eventmanager.cpp:637]: >=== NAMESPACE > 'nihilism' is set to #2790000
[02:29:21][jomini_eventmanager.cpp:590]: Events loaded events/vanilla_overwrites/nihilism.txt' #13
[02:29:21][jomini_eventmanager.cpp:637]: >=== NAMESPACE > 'obligation_events' is set to #2800000
[02:29:21][jomini_eventmanager.cpp:590]: Events loaded events/vanilla_overwrites/obligation_events.txt' #6
[02:29:21][jomini_eventmanager.cpp:637]: >=== NAMESPACE > 'oil_rush' is set to #2810000
[02:29:21][jomini_eventmanager.cpp:590]: Events loaded events/vanilla_overwrites/oil_rush_events.txt' #6
[02:29:21][jomini_eventmanager.cpp:637]: >=== NAMESPACE > 'opium_events' is set to #2820000
[02:29:21][jomini_eventmanager.cpp:590]: Events loaded events/vanilla_overwrites/opium_events.txt' #1
[02:29:21][jomini_eventmanager.cpp:637]: >=== NAMESPACE > 'opium_wars' is set to #2830000
[02:29:21][jomini_eventmanager.cpp:590]: Events loaded events/vanilla_overwrites/opium_wars_events.txt' #8
[02:29:21][jomini_eventmanager.cpp:637]: >=== NAMESPACE > 'paralegal_discrimination' is set to #2840000
[02:29:21][jomini_eventmanager.cpp:590]: Events loaded events/vanilla_overwrites/paralegal_discrimination_events.txt' #1
[02:29:21][jomini_eventmanager.cpp:637]: >=== NAMESPACE > 'peoples_springtime' is set to #2850000
[02:29:21][jomini_eventmanager.cpp:590]: Events loaded events/vanilla_overwrites/peoples_springtime.txt' #12
[02:29:21][jomini_eventmanager.cpp:637]: >=== NAMESPACE > 'pm_events' is set to #2860000
[02:29:21][jomini_eventmanager.cpp:590]: Events loaded events/vanilla_overwrites/pm_events.txt' #5
[02:29:21][jomini_eventmanager.cpp:637]: >=== NAMESPACE > 'prohibition' is set to #2870000
[02:29:21][jomini_eventmanager.cpp:590]: Events loaded events/vanilla_overwrites/prohibition_events.txt' #8
[02:29:21][jomini_eventmanager.cpp:637]: >=== NAMESPACE > 'prostitution' is set to #2880000
[02:29:21][jomini_eventmanager.cpp:590]: Events loaded events/vanilla_overwrites/prostitution_events.txt' #4
[02:29:21][jomini_eventmanager.cpp:637]: >=== NAMESPACE > 'psychology_events' is set to #2890000
[02:29:21][jomini_eventmanager.cpp:590]: Events loaded events/vanilla_overwrites/psychology_events.txt' #5
[02:29:21][jomini_eventmanager.cpp:637]: >=== NAMESPACE > 'red_scare' is set to #2900000
[02:29:21][jomini_eventmanager.cpp:590]: Events loaded events/vanilla_overwrites/red_scare_events.txt' #16
[02:29:21][jomini_eventmanager.cpp:637]: >=== NAMESPACE > 'regency' is set to #2910000
[02:29:21][jomini_eventmanager.cpp:590]: Events loaded events/vanilla_overwrites/regency_events.txt' #3
[02:29:21][jomini_eventmanager.cpp:637]: >=== NAMESPACE > 'resignation' is set to #2920000
[02:29:21][jomini_eventmanager.cpp:590]: Events loaded events/vanilla_overwrites/resignation.txt' #3
[02:29:21][jomini_eventmanager.cpp:637]: >=== NAMESPACE > 'wedding' is set to #2930000
[02:29:21][jomini_eventmanager.cpp:590]: Events loaded events/vanilla_overwrites/royal_wedding.txt' #3
[02:29:21][jomini_eventmanager.cpp:637]: >=== NAMESPACE > 'scotland_yard' is set to #2940000
[02:29:21][jomini_eventmanager.cpp:590]: Events loaded events/vanilla_overwrites/scotland_yard.txt' #1
[02:29:21][jomini_eventmanager.cpp:637]: >=== NAMESPACE > 'secession_events' is set to #2950000
[02:29:21][jomini_eventmanager.cpp:590]: Events loaded events/vanilla_overwrites/secession_situations.txt' #9
[02:29:21][jomini_eventmanager.cpp:637]: >=== NAMESPACE > 'skyscraper' is set to #2960000
[02:29:21][jomini_eventmanager.cpp:590]: Events loaded events/vanilla_overwrites/skyscraper_events.txt' #2
[02:29:21][jomini_eventmanager.cpp:637]: >=== NAMESPACE > 'slave_owner_paranoia_events' is set to #2970000
[02:29:21][jomini_eventmanager.cpp:590]: Events loaded events/vanilla_overwrites/slave_owner_paranoia_events.txt' #3
[02:29:21][jomini_eventmanager.cpp:637]: >=== NAMESPACE > 'slave_revolt' is set to #2980000
[02:29:21][jomini_eventmanager.cpp:590]: Events loaded events/vanilla_overwrites/slave_revolts.txt' #4
[02:29:21][jomini_eventmanager.cpp:637]: >=== NAMESPACE > 'plague' is set to #2990000
[02:29:21][jomini_eventmanager.cpp:590]: Events loaded events/vanilla_overwrites/spanish_flu_events.txt' #10
[02:29:21][jomini_eventmanager.cpp:637]: >=== NAMESPACE > 'sol_events' is set to #3000000
[02:29:21][jomini_eventmanager.cpp:590]: Events loaded events/vanilla_overwrites/standard_of_living_events.txt' #6
[02:29:21][jomini_eventmanager.cpp:637]: >=== NAMESPACE > 'strike' is set to #3010000
[02:29:21][jomini_eventmanager.cpp:590]: Events loaded events/vanilla_overwrites/strike_events.txt' #9
[02:29:21][jomini_eventmanager.cpp:637]: >=== NAMESPACE > 'subject_interactions' is set to #3020000
[02:29:21][jomini_eventmanager.cpp:590]: Events loaded events/vanilla_overwrites/subject_interaction_evts.txt' #2
[02:29:21][jomini_eventmanager.cpp:637]: >=== NAMESPACE > 'suffragist_events' is set to #3030000
[02:29:21][jomini_eventmanager.cpp:590]: Events loaded events/vanilla_overwrites/suffragist_events.txt' #10
[02:29:21][jomini_eventmanager.cpp:637]: >=== NAMESPACE > 'technology_events' is set to #3040000
[02:29:21][jomini_eventmanager.cpp:590]: Events loaded events/vanilla_overwrites/technology_events.txt' #6
[02:29:21][jomini_eventmanager.cpp:637]: >=== NAMESPACE > 'test' is set to #3050000
[02:29:21][jomini_eventmanager.cpp:590]: Events loaded events/vanilla_overwrites/test_events.txt' #0
[02:29:21][jomini_eventmanager.cpp:637]: >=== NAMESPACE > 'trade_route_events' is set to #3060000
[02:29:21][jomini_eventmanager.cpp:590]: Events loaded events/vanilla_overwrites/trade_route_events.txt' #5
[02:29:21][jomini_eventmanager.cpp:637]: >=== NAMESPACE > 'trains' is set to #3070000
[02:29:21][jomini_eventmanager.cpp:590]: Events loaded events/vanilla_overwrites/train_events.txt' #1
[02:29:21][jomini_eventmanager.cpp:637]: >=== NAMESPACE > 'urbanization_events' is set to #3080000
[02:29:21][jomini_eventmanager.cpp:590]: Events loaded events/vanilla_overwrites/urbanization_events.txt' #5
[02:29:21][jomini_eventmanager.cpp:597]: >>> Total of : 1370
[02:29:21][building_type.cpp:1746]: Building type is missing loc key! Building Type: building_land_logistics_center
[02:29:21][building_type.cpp:1752]: Production Method Group is missing loc key! Production Method Group: pmg_land_logistics_center
[02:29:21][building_type.cpp:1758]: Production Method is missing loc key! Production Method: pm_basic_land_logistics_center
[02:29:22][building_type.cpp:1746]: Building type is missing loc key! Building Type: building_land_logistics_center
[02:29:22][building_type.cpp:1752]: Production Method Group is missing loc key! Production Method Group: pmg_land_logistics_center
[02:29:22][building_type.cpp:1758]: Production Method is missing loc key! Production Method: pm_basic_land_logistics_center
[02:29:22][diplomatic_action_type.cpp:105]: dominion lacks an evaluation_chance block, which means the AI will never use it
[02:29:22][diplomatic_action_type.cpp:105]: colony lacks an evaluation_chance block, which means the AI will never use it
[02:29:22][diplomatic_action_type.cpp:105]: war_reparations lacks an evaluation_chance block, which means the AI will never use it
[02:29:22][diplomatic_action_type.cpp:105]: chartered_company lacks an evaluation_chance block, which means the AI will never use it
[02:29:22][diplomatic_action_type.cpp:105]: vassal lacks an evaluation_chance block, which means the AI will never use it
[02:29:22][diplomatic_action_type.cpp:105]: humiliation lacks an evaluation_chance block, which means the AI will never use it
[02:29:22][diplomatic_action_type.cpp:105]: tributary lacks an evaluation_chance block, which means the AI will never use it
[02:29:22][diplomatic_action_type.cpp:105]: personal_union lacks an evaluation_chance block, which means the AI will never use it
[02:29:22][diplomatic_action_type.cpp:105]: crown_land lacks an evaluation_chance block, which means the AI will never use it
[02:29:22][diplomatic_action_type.cpp:105]: colonization_rights lacks an evaluation_chance block, which means the AI will never use it
[02:29:22][diplomatic_action_type.cpp:105]: protectorate lacks an evaluation_chance block, which means the AI will never use it
[02:29:22][diplomatic_action_type.cpp:105]: puppet lacks an evaluation_chance block, which means the AI will never use it
[02:29:22][jomini_script_system.cpp:247]: Script system error!
  Error: has_journal_entry trigger [ Invalid database object 'je_gyojo_shinwon' ]
  Script location: common/laws/01_trade_policy.txt:269

[02:29:22][jomini_script_system.cpp:247]: Script system error!
  Error: has_journal_entry trigger [ Invalid database object 'je_sakoku' ]
  Script location: common/laws/01_trade_policy.txt:329

[02:29:22][jomini_script_system.cpp:247]: Script system error!
  Error: custom_tooltip trigger [ Unknown loc key airship_tower_can_construct_tt ]
  Script location: common/buildings/anb_government.txt:27

[02:29:23][state_region_template.cpp:1346]: State Region 
[02:29:23][strategicregions.cpp:346]: Strategic Region has a mix of water and land provinces, not allowed, treating it as land! Strategic Region: region_tanib
[02:29:23][travel_connection_definition.cpp:252]: State region STATE_DEAD_END_MINES contains 4 nodes, but none of the nodes are connected to another state region
[02:29:23][travel_connection_definition.cpp:252]: State region STATE_LIMONITE_CAVERNS contains 4 nodes, but none of the nodes are connected to another state region
[02:29:23][travel_connection_definition.cpp:252]: State region STATE_TRUEPATH_CAVERNS contains 4 nodes, but none of the nodes are connected to another state region
[02:29:23][travel_connection_definition.cpp:252]: State region STATE_CRIMSON_CAVERNS contains 4 nodes, but none of the nodes are connected to another state region
[02:29:23][travel_connection_definition.cpp:252]: State region STATE_HARAZA_DEPTHS contains 4 nodes, but none of the nodes are connected to another state region
[02:29:23][travel_connection_definition.cpp:252]: State region STATE_ASRA_DEPTHS contains 4 nodes, but none of the nodes are connected to another state region
[02:29:23][travel_connection_definition.cpp:252]: State region STATE_CHAINLINK_MINES contains 4 nodes, but none of the nodes are connected to another state region
[02:29:23][travel_connection_definition.cpp:252]: State region STATE_SKULKERS_LAIR contains 4 nodes, but none of the nodes are connected to another state region
[02:29:23][travel_connection_definition.cpp:252]: State region STATE_DEAD_CAVERNS contains 4 nodes, but none of the nodes are connected to another state region
[02:29:23][travel_connection_definition.cpp:252]: State region STATE_SKITTERING_CAVERNS contains 4 nodes, but none of the nodes are connected to another state region
[02:29:23][travel_connection_definition.cpp:252]: State region STATE_CRUMBLING_CAVERNS contains 4 nodes, but none of the nodes are connected to another state region
[02:29:23][travel_connection_definition.cpp:252]: State region STATE_SCALDING_PITS contains 4 nodes, but none of the nodes are connected to another state region
[02:29:23][travel_connection_definition.cpp:252]: State region STATE_FORGOTTEN_DEPTHS contains 4 nodes, but none of the nodes are connected to another state region
[02:29:23][travel_connection_definition.cpp:252]: State region STATE_ORCSFALL contains 4 nodes, but none of the nodes are connected to another state region
[02:29:23][travel_connection_definition.cpp:252]: State region STATE_WINDING_CAVERNS contains 4 nodes, but none of the nodes are connected to another state region
[02:29:23][travel_connection_definition.cpp:252]: State region STATE_SCREAMING_CAVERNS contains 4 nodes, but none of the nodes are connected to another state region
[02:29:23][travel_connection_definition.cpp:252]: State region STATE_DIAMOND_QUARRY contains 4 nodes, but none of the nodes are connected to another state region
[02:29:23][travel_connection_definition.cpp:252]: State region STATE_DRAKEDENS contains 4 nodes, but none of the nodes are connected to another state region
[02:29:23][travel_connection_definition.cpp:252]: State region STATE_FORSAKEN_DEPTHS contains 4 nodes, but none of the nodes are connected to another state region
[02:29:23][travel_connection_definition.cpp:252]: State region STATE_CITRINE_MINES contains 4 nodes, but none of the nodes are connected to another state region
[02:29:23][travel_connection_definition.cpp:252]: State region STATE_GREATCAVERNS contains 4 nodes, but none of the nodes are connected to another state region
[02:29:23][travel_connection_definition.cpp:252]: State region STATE_FOOLS_PASSAGE contains 4 nodes, but none of the nodes are connected to another state region
[02:29:23][travel_connection_definition.cpp:252]: State region STATE_RATHOLES contains 4 nodes, but none of the nodes are connected to another state region
[02:29:23][travel_connection_definition.cpp:252]: State region STATE_ANCIENT_DEPTHS contains 4 nodes, but none of the nodes are connected to another state region
[02:29:23][travel_connection_definition.cpp:252]: State region STATE_AMBER_MINES contains 4 nodes, but none of the nodes are connected to another state region
[02:29:23][travel_connection_definition.cpp:252]: State region STATE_EARTHSEED contains 4 nodes, but none of the nodes are connected to another state region
[02:29:23][travel_connection_definition.cpp:252]: State region STATE_ROARING_CAVERNS contains 4 nodes, but none of the nodes are connected to another state region
[02:29:23][travel_connection_definition.cpp:252]: State region STATE_AMETHYST_POCKET contains 4 nodes, but none of the nodes are connected to another state region
[02:29:23][travel_connection_definition.cpp:252]: State region STATE_ALEMINES contains 4 nodes, but none of the nodes are connected to another state region
[02:29:23][travel_connection_definition.cpp:252]: State region STATE_GRANITE_SPIRES contains 4 nodes, but none of the nodes are connected to another state region
[02:29:23][travel_connection_definition.cpp:252]: State region STATE_INVADERS_PATH contains 4 nodes, but none of the nodes are connected to another state region
[02:29:23][travel_connection_definition.cpp:252]: State region STATE_LUSH_CAVERNS contains 4 nodes, but none of the nodes are connected to another state region
[02:29:23][travel_connection_definition.cpp:252]: State region STATE_PUTRID_PASSAGE contains 4 nodes, but none of the nodes are connected to another state region
[02:29:23][travel_connection_definition.cpp:252]: State region STATE_SUNLIT_HOLLOW contains 4 nodes, but none of the nodes are connected to another state region
[02:29:23][travel_connection_definition.cpp:252]: State region STATE_LONELY_MOUNTAIN contains 4 nodes, but none of the nodes are connected to another state region
[02:29:23][travel_connection_definition.cpp:252]: State region STATE_EGASACH contains 4 nodes, but none of the nodes are connected to another state region
[02:29:23][travel_connection_definition.cpp:252]: State region STATE_DOMANDROD contains 4 nodes, but none of the nodes are connected to another state region
[02:29:23][travel_connection_definition.cpp:252]: State region STATE_SPRING_GLADE contains 4 nodes, but none of the nodes are connected to another state region
[02:29:23][travel_connection_definition.cpp:252]: State region STATE_SUMMER_GLADE contains 4 nodes, but none of the nodes are connected to another state region
[02:29:23][travel_connection_definition.cpp:252]: State region STATE_WINTER_GLADE contains 4 nodes, but none of the nodes are connected to another state region
[02:29:23][travel_connection_definition.cpp:252]: State region STATE_AUTUMN_GLADE contains 4 nodes, but none of the nodes are connected to another state region
[02:29:23][travel_connection_definition.cpp:252]: State region STATE_KITSIL_KINN contains 4 nodes, but none of the nodes are connected to another state region
[02:29:23][eventtargetlinks.cpp:4498]: Failed to find country! Country: JAP, File Location: common/laws/01_education_system.txt:278
[02:29:23][jomini_script_system.cpp:247]: Script system error!
  Error: remove_ideology effect [ Invalid database object 'ideology_japan_hierarchic' ]
  Script location: common/laws/01_trade_policy.txt:363

[02:29:23][jomini_script_system.cpp:247]: Script system error!
  Error: add_ideology effect [ Invalid database object 'ideology_japan_hierarchic_2' ]
  Script location: common/laws/01_trade_policy.txt:364

[02:29:23][jomini_script_system.cpp:247]: Script system error!
  Error: add_enactment_modifier effect [ name: Not found in database class NJominiModifier::CStaticModifierDatabase ]
  Script location: events/soi_events/00_lobbies_events_03.txt:1234

[02:29:23][jomini_script_system.cpp:247]: Script system error!
  Error: add_enactment_modifier effect [ name: Not found in database class NJominiModifier::CStaticModifierDatabase ]
  Script location: events/soi_events/00_lobbies_events_03.txt:1428

[02:29:23][jomini_script_system.cpp:247]: Script system error!
  Error: add_enactment_modifier effect [ name: Not found in database class NJominiModifier::CStaticModifierDatabase ]
  Script location: events/soi_events/00_lobbies_events_03.txt:1520

[02:29:23][jomini_script_system.cpp:247]: Script system error!
  Error: add_modifier effect [ name: Not found in database class NJominiModifier::CStaticModifierDatabase ]
  Script location: common/political_movements/02_cultural_movement.txt:557

[02:30:23][journal_entry_manager.cpp:370]: ヴィヴィン帝国 already has a journal entry of type je_settle_the_folly
[02:30:26][country.cpp:12793]: The ruler of ダメスティア国 is scripted to be ヤミナ グラコサル but that character leads the interest group of 地主 that they belong to, which is not allowed under Dictatorial/Hereditary
[02:30:26][country.cpp:12793]: The ruler of エンドラリアンデ is scripted to be キリアン シルノフォックス but that character leads the interest group of 地主 that they belong to, which is not allowed under Dictatorial/Hereditary
[02:30:26][country.cpp:12779]: The ruler of プラムステッド is scripted to be awen 森 but that character does not lead the interest group of 知識人 that they belong to, which is required under Presidential Elective
[02:30:26][country.cpp:12793]: The ruler of アラケプルン is scripted to be エルソラ Shadowweaver but that character leads the interest group of 知識人 that they belong to, which is not allowed under Dictatorial/Hereditary
[02:30:26][country.cpp:12793]: The ruler of ムルドカテル is scripted to be アラサ 雷 but that character leads the interest group of 信者 that they belong to, which is not allowed under Dictatorial/Hereditary
[02:30:26][country.cpp:12793]: The ruler of レンジャーリパブリック is scripted to be ロジェール レンコード but that character leads the interest group of 軍部 that they belong to, which is not allowed under Dictatorial/Hereditary
[02:30:26][country.cpp:12793]: The ruler of デバンド is scripted to be Artur-Lawrence ヴァンベリーの but that character leads the interest group of 小ブルジョワ that they belong to, which is not allowed under Dictatorial/Hereditary
[02:30:26][country.cpp:12793]: The ruler of ムテイバラ is scripted to be マルザント アルハアハダスト but that character leads the interest group of 軍部 that they belong to, which is not allowed under Dictatorial/Hereditary
[02:30:26][country.cpp:12793]: The ruler of クレメタル is scripted to be ドレンパネス マラダライ but that character leads the interest group of 実業家 that they belong to, which is not allowed under Dictatorial/Hereditary
[02:30:26][country.cpp:12793]: The ruler of ナンル・ナカール is scripted to be ムナティク Mlerek-Mudaliar but that character leads the interest group of mlerek-mudaliars that they belong to, which is not allowed under Dictatorial/Hereditary
[02:30:26][country.cpp:12779]: The ruler of クレレヘンド is scripted to be ペロジタネス イッパロス but that character does not lead the interest group of daunarches that they belong to, which is required under Presidential Elective
[02:30:26][country.cpp:12793]: The ruler of オレンコライム is scripted to be セロンジル・カラヴナ 奉仕王 but that character leads the interest group of 実業家 that they belong to, which is not allowed under Dictatorial/Hereditary
[02:30:26][country.cpp:12793]: The ruler of デジチオン is scripted to be ケムナリウス ラスカリス but that character leads the interest group of fotistrépei that they belong to, which is not allowed under Dictatorial/Hereditary
[02:30:26][country.cpp:12793]: The ruler of ケアガラエン is scripted to be ケラドラン ヤングライダー but that character leads the interest group of 軍部 that they belong to, which is not allowed under Dictatorial/Hereditary
[02:30:26][country.cpp:12793]: The ruler of ダカズ・カルズヴィヤ is scripted to be ダック チェーングラスパー but that character leads the interest group of 軍部 that they belong to, which is not allowed under Dictatorial/Hereditary
[02:30:26][country.cpp:12793]: The ruler of ガーラスケル is scripted to be ヌザ Szal-Fazil but that character leads the interest group of 地主 that they belong to, which is not allowed under Dictatorial/Hereditary
[02:30:26][country.cpp:12793]: The ruler of ダングン is scripted to be フジエン 九尾の狐 but that character leads the interest group of 信者 that they belong to, which is not allowed under Dictatorial/Hereditary
[02:30:26][country.cpp:12793]: The ruler of 霊玉 is scripted to be フジエン 九尾の狐 but that character leads the interest group of 信者 that they belong to, which is not allowed under Dictatorial/Hereditary
[02:30:26][country.cpp:12793]: The ruler of ジュジュット is scripted to be シング・オン サム but that character leads the interest group of 地主 that they belong to, which is not allowed under Dictatorial/Hereditary
[02:30:26][state.cpp:7337]: State バズネイザル is using an excess of 1 arable land (total arable land: 1)
[02:30:27][country_law_manager.cpp:464]: Country A16 is not permitted to retain law 学校なし, fix this or consider 宗教学校 instead
[02:30:27][country_law_manager.cpp:464]: Country A17 is not permitted to retain law 学校なし, fix this or consider 私立学校 instead
[02:30:27][country_law_manager.cpp:464]: Country A18 is not permitted to retain law レッセフェール, fix this or consider 介入主義 instead
[02:30:27][country_law_manager.cpp:464]: Country A18 is not permitted to retain law ギルド制度, fix this or consider 団結禁止法 instead
[02:30:27][country_law_manager.cpp:464]: Country A25 is not permitted to retain law レッセフェール, fix this or consider 介入主義 instead
[02:30:27][country_law_manager.cpp:464]: Country A25 is not permitted to retain law ギルド制度, fix this or consider 団結禁止法 instead
[02:30:27][country_law_manager.cpp:464]: Country B10 is not permitted to retain law 臣民性, fix this or consider 国民至上 instead
[02:30:27][country_law_manager.cpp:464]: Country B59 is not permitted to retain law 学校なし, fix this or consider 宗教学校 instead
[02:30:27][country_law_manager.cpp:464]: Country B61 is not permitted to retain law 学校なし, fix this or consider 宗教学校 instead
[02:30:27][country_law_manager.cpp:464]: Country B62 is not permitted to retain law 学校なし, fix this or consider 私立学校 instead
[02:30:27][country_law_manager.cpp:464]: Country B75 is not permitted to retain law 臣民性, fix this or consider 国民至上 instead
[02:30:27][country_law_manager.cpp:464]: Country B80 is not permitted to retain law 学校なし, fix this or consider 宗教学校 instead
[02:30:27][country_law_manager.cpp:464]: Country B84 is not permitted to retain law 人工国家, fix this or consider Artificeは禁止されました instead
[02:30:27][country_law_manager.cpp:464]: Country G05 is not permitted to retain law 学校なし, fix this or consider 宗教学校 instead
[02:30:27][country_law_manager.cpp:464]: Country G06 is not permitted to retain law 学校なし, fix this or consider 宗教学校 instead
[02:30:27][country_law_manager.cpp:464]: Country G07 is not permitted to retain law 学校なし, fix this or consider 宗教学校 instead
[02:30:27][country_law_manager.cpp:464]: Country G08 is not permitted to retain law 学校なし, fix this or consider 宗教学校 instead
[02:30:27][country_law_manager.cpp:464]: Country G09 is not permitted to retain law 学校なし, fix this or consider 宗教学校 instead
[02:30:27][country_law_manager.cpp:464]: Country C14 is not permitted to retain law 人頭課税, fix this or consider 消費課税 instead
[02:30:27][country_law_manager.cpp:464]: Country E01 is not permitted to retain law 辺境地の植民地化, fix this or consider 植民地なし instead
[02:30:27][country_law_manager.cpp:464]: Country R10 is not permitted to retain law 国民民兵, fix this or consider 農民召集兵 instead
[02:30:27][country_law_manager.cpp:464]: Country R11 is not permitted to retain law 国民民兵, fix this or consider 農民召集兵 instead
[02:30:27][country_law_manager.cpp:464]: Country R12 is not permitted to retain law 検閲, fix this or consider 集会の権利 instead
[02:30:27][country_law_manager.cpp:464]: Country R13 is not permitted to retain law 宗教学校, fix this or consider 学校なし instead
[02:30:27][country_law_manager.cpp:464]: Country R13 is not permitted to retain law 検閲, fix this or consider 集会の権利 instead
[02:30:27][country_law_manager.cpp:464]: Country R20 is not permitted to retain law 臣民性, fix this or consider 国民至上 instead
[02:30:27][country_law_manager.cpp:464]: Country R20 is not permitted to retain law 検閲, fix this or consider 集会の権利 instead
[02:30:27][country_law_manager.cpp:464]: Country R72 is not permitted to retain law 検閲, fix this or consider 集会の権利 instead
[02:30:27][country_law_manager.cpp:464]: Country Y01 is not permitted to retain law 国民民兵, fix this or consider 農民召集兵 instead
[02:30:27][country_law_manager.cpp:464]: Country Y05 is not permitted to retain law 学校なし, fix this or consider 宗教学校 instead
[02:30:27][country_law_manager.cpp:464]: Country Y20 is not permitted to retain law 検閲, fix this or consider 集会の権利 instead
[02:30:27][country_law_manager.cpp:464]: Country Y38 is not permitted to retain law 完全分離, fix this or consider 国教 instead
[02:30:27][country_law_manager.cpp:464]: Country Y43 is not permitted to retain law 技術家政治, fix this or consider 専制政治 instead
[02:30:27][country_law_manager.cpp:464]: Country L13 is not permitted to retain law 辺境地の植民地化, fix this or consider 植民地なし instead
[02:30:27][country_law_manager.cpp:464]: Country L17 is not permitted to retain law 検閲, fix this or consider 集会の権利 instead
[02:30:27][country_law_manager.cpp:464]: Country L23 is not permitted to retain law 慈善病院, fix this or consider 医療制度なし instead
[02:30:27][country_law_manager.cpp:464]: Country L31 is not permitted to retain law 臣民性, fix this or consider 国民至上 instead
[02:30:27][country_law_manager.cpp:464]: Country L31 is not permitted to retain law 慈善病院, fix this or consider 医療制度なし instead
[02:30:27][country_law_manager.cpp:464]: Country L32 is not permitted to retain law 辺境地の植民地化, fix this or consider 植民地なし instead
[02:30:27][country_law_manager.cpp:464]: Country L32 is not permitted to retain law 慈善病院, fix this or consider 医療制度なし instead
[02:30:27][country_law_manager.cpp:464]: Country L33 is not permitted to retain law 国民衛兵, fix this or consider 内務省なし instead
[02:30:27][country_law_manager.cpp:464]: Country L33 is not permitted to retain law 慈善病院, fix this or consider 医療制度なし instead
[02:30:27][country_law_manager.cpp:464]: Country L36 is not permitted to retain law 農本主義, fix this or consider 伝統主義 instead
[02:30:27][country_law_manager.cpp:464]: Country L60 is not permitted to retain law 文化的排斥, fix this or consider 国民至上 instead
[02:30:27][country_law_manager.cpp:464]: Country L66 is not permitted to retain law 宗教学校, fix this or consider 学校なし instead
