[02:29:04][pdx_font.cpp:88]: Loading Font File fonts/NotoSans/NotoSansJP-Regular.otf
[02:29:04][pdx_font.cpp:88]: Loading Font File fonts/Open_Sans/OpenSans-Regular.ttf
[02:29:04][pdx_font.cpp:88]: Loading Font File fonts/NotoSans/NotoSansKR-Regular.otf
[02:29:04][pdx_font.cpp:88]: Loading Font File fonts/NotoSans/NotoSansSC-Regular.otf
[02:29:04][pdx_font.cpp:88]: Loading Font File fonts/NotoSans/NotoSans-Regular.ttf
[02:29:04][pdx_font.cpp:88]: Loading Font File fonts/NotoSans/NotoSansJP-Light.otf
[02:29:04][pdx_font.cpp:88]: Loading Font File fonts/Open_Sans/OpenSans-Italic.ttf
[02:29:04][pdx_font.cpp:88]: Loading Font File fonts/NotoSans/NotoSansKR-Light.otf
[02:29:04][pdx_font.cpp:88]: Loading Font File fonts/NotoSans/NotoSansSC-Light.otf
[02:29:04][pdx_font.cpp:88]: Loading Font File fonts/NotoSans/NotoSans-Italic.ttf
[02:29:04][pdx_font.cpp:88]: Loading Font File fonts/NotoSans/NotoSansJP-Bold.otf
[02:29:04][pdx_font.cpp:88]: Loading Font File fonts/Open_Sans/OpenSans-Bold.ttf
[02:29:04][pdx_font.cpp:88]: Loading Font File fonts/NotoSans/NotoSansKR-Bold.otf
[02:29:04][pdx_font.cpp:88]: Loading Font File fonts/NotoSans/NotoSansSC-Bold.otf
[02:29:04][pdx_font.cpp:88]: Loading Font File fonts/NotoSans/NotoSans-Bold.ttf
[02:29:04][pdx_font.cpp:88]: Loading Font File fonts/NotoSans/NotoSansJP-Medium.otf
[02:29:04][pdx_font.cpp:88]: Loading Font File fonts/Open_Sans/OpenSans-BoldItalic.ttf
[02:29:04][pdx_font.cpp:88]: Loading Font File fonts/NotoSans/NotoSansKR-Medium.otf
[02:29:04][pdx_font.cpp:88]: Loading Font File fonts/NotoSans/NotoSansSC-Medium.otf
[02:29:04][pdx_font.cpp:88]: Loading Font File fonts/NotoSans/NotoSans-BoldItalic.ttf
[02:29:04][pdx_font.cpp:88]: Loading Font File fonts/NotoSans/NotoSansJP-Black.otf
[02:29:04][pdx_font.cpp:88]: Loading Font File fonts/Open_Sans/OpenSans-ExtraBold.ttf
[02:29:04][pdx_font.cpp:88]: Loading Font File fonts/NotoSans/NotoSansKR-Black.otf
[02:29:04][pdx_font.cpp:88]: Loading Font File fonts/NotoSans/NotoSansSC-Black.otf
[02:29:04][pdx_font.cpp:88]: Loading Font File fonts/Open_Sans/OpenSans-ExtraBoldItalic.ttf
[02:29:04][pdx_font.cpp:88]: Loading Font File fonts/ZenOldMincho/ZenOldMincho-Regular.ttf
[02:29:04][pdx_font.cpp:88]: Loading Font File fonts/PlayfairDisplay/PlayfairDisplay-Regular.ttf
[02:29:04][pdx_font.cpp:88]: Loading Font File fonts/SB-Aggro/SB-Aggro-M.ttf
[02:29:04][pdx_font.cpp:88]: Loading Font File fonts/NotoSerif/NotoSerifSC-Black.otf
[02:29:04][pdx_font.cpp:88]: Loading Font File fonts/ZenOldMincho/ZenOldMincho-Bold.ttf
[02:29:04][pdx_font.cpp:88]: Loading Font File fonts/PlayfairDisplay/PlayfairDisplay-Bold.ttf
[02:29:04][pdx_font.cpp:88]: Loading Font File fonts/SB-Aggro/SB-Aggro-B.ttf
[02:29:04][pdx_font.cpp:88]: Loading Font File fonts/NotoSerif/NotoSerifSC-Bold.otf
[02:29:04][pdx_font.cpp:88]: Loading Font File fonts/ZenOldMincho/ZenOldMincho-Black.ttf
[02:29:04][pdx_font.cpp:88]: Loading Font File fonts/PlayfairDisplay/PlayfairDisplay-Italic.ttf
[02:29:04][pdx_font.cpp:88]: Loading Font File fonts/NotoSerif/NotoSerifSC-Light.otf
[02:29:04][pdx_font.cpp:88]: Loading Font File fonts/NotoSerif/NotoSerifJP-Regular.otf
[02:29:04][pdx_font.cpp:88]: Loading Font File fonts/EBGaramond/EBGaramond-Medium.ttf
[02:29:04][pdx_font.cpp:88]: Loading Font File fonts/MaruBuri/MaruBuri-SemiBold.ttf
[02:29:04][pdx_font.cpp:88]: Loading Font File fonts/NotoSerif/NotoSerifSC-Regular.otf
[02:29:04][pdx_font.cpp:88]: Loading Font File fonts/NotoSerif/NotoSerif-Regular.ttf
[02:29:04][pdx_font.cpp:88]: Loading Font File fonts/NotoSerif/NotoSerifJP-Bold.otf
[02:29:04][pdx_font.cpp:88]: Loading Font File fonts/EBGaramond/EBGaramond-Bold.ttf
[02:29:04][pdx_font.cpp:88]: Loading Font File fonts/MaruBuri/MaruBuri-Bold.ttf
[02:29:04][pdx_font.cpp:88]: Loading Font File fonts/NotoSerif/NotoSerif-Bold.ttf
[02:29:04][pdx_font.cpp:88]: Loading Font File fonts/NotoSerif/NotoSerifJP-Light.otf
[02:29:04][pdx_font.cpp:88]: Loading Font File fonts/EBGaramond/EBGaramond-Italic.ttf
[02:29:04][pdx_font.cpp:88]: Loading Font File fonts/NotoSerif/NotoSansKR-Medium.otf
[02:29:04][pdx_font.cpp:88]: Loading Font File fonts/SawarabiMincho/SawarabiMincho-Regular.ttf
[02:29:04][pdx_font.cpp:88]: Loading Font File fonts/ParadoxVictorian/ParadoxVictorian-Condensed.otf
[02:29:04][pdx_font.cpp:88]: Loading Font File fonts/GunglipbakmulgwanClassicM/GunglipbakmulgwanClassicM.ttf
[02:29:04][pdx_font.cpp:88]: Loading Font File fonts/NotoSerif/NotoSansKR-Medium.otf
[02:29:04][pdx_gui_factory.cpp:1293]: gui/building_browser_panel.gui:3044 - Type 'building_browser_building_item' already registered at 'gui/00_MPM_building_browser_panel.gui:22'
[02:29:04][pdx_gui_factory.cpp:1293]: gui/building_browser_panel.gui:3381 - Type 'building_browser_building_type_item' already registered at 'gui/00_MPM_building_browser_panel.gui:383'
[02:29:05][pdx_gui_factory.cpp:1293]: gui/building_details_panel.gui:2453 - Type 'condensed_building_information' already registered at 'gui/00_MPM_building_details_panel.gui:17'
[02:29:05][pdx_gui_factory.cpp:1293]: gui/building_details_panel.gui:3295 - Type 'condensed_building_information_pms' already registered at 'gui/00_MPM_building_details_panel.gui:286'
[02:29:05][pdx_gui_factory.cpp:1293]: gui/goods_state_panel.gui:453 - Type 'goods_state_panel_input_output_item' already registered at 'gui/00_MPM_goods_state_panel.gui:18'
[02:29:05][pdx_gui_factory.cpp:1293]: gui/map_list_panel.gui:1381 - Type 'construction_interaction_item_full' already registered at 'gui/00_MPM_map_list_panel.gui:13'
[02:29:06][pdx_gui_factory.cpp:1293]: gui/panel_military.gui:952 - Type 'mobilization_widget' already registered at 'gui/anb_panel_military.gui:14'
[02:29:06][pdx_gui_factory.cpp:1293]: gui/production_methods.gui:24 - Type 'buildings_production_method_item' already registered at 'gui/00_MPM_production_methods.gui:19'
[02:29:06][pdx_gui_factory.cpp:1293]: gui/production_methods.gui:579 - Type 'old_buildings_production_method_item' already registered at 'gui/00_MPM_production_methods.gui:356'
