[09:24:49][pdx_steam.cpp:192]: Failed to initialize Steam so skipping getting of Steam-specific command line parameters
[09:24:49][virtualfilesystem_physfs.cpp:460]: Mounted Data: C:/Program Files (x86)/Steam/steamapps/common/Victoria 3/clausewitz
[09:24:49][virtualfilesystem_physfs.cpp:460]: Mounted Data: C:/Program Files (x86)/Steam/steamapps/common/Victoria 3/jomini
[09:24:49][virtualfilesystem_physfs.cpp:460]: Mounted Data: C:/Program Files (x86)/Steam/steamapps/common/Victoria 3/platform_specific_game_data
[09:24:49][virtualfilesystem_physfs.cpp:460]: Mounted Data: C:/Program Files (x86)/Steam/steamapps/common/Victoria 3/game
[09:24:49][jomini_game_setup.cpp:134]: Log system initialized.
[09:24:49][pdx_task.cpp:83]: Spawning 19 normal worker threads
[09:24:49][pdx_task.cpp:84]: Spawning 9 below normal worker threads
[09:24:49][systemsettings.cpp:332]: "default_settings_v1_file" is not defined in path.settings. Default "pdx_default_settings.json" will be used.
[09:24:49][systemsettings.cpp:332]: "settings_v1_file" is not defined in path.settings. Default "pdx_settings.json" will be used.
[09:24:49][pdx_json_settings.cpp:343]: [SPdxJsonSettingsIO] Failed to read "language" setting. Reason : ""l_japanese" is not part of enum" 
[09:24:49][pdx_json_settings.cpp:325]: [SPdxJsonSettingsIO] "pdx_settings.json" file lacks "resolution" setting in "Graphics" category.
[09:24:50][defines.cpp:230]: Define 'MIN_COMBAT_UNITS_FOR_MULTIPLE_COMMANDERS_ABSOLUTE' defined in 'common/defines/00_ai.txt' not specified. Maybe a define macro is missing
[09:24:50][defines.cpp:230]: Define 'MIN_COMBAT_UNITS_FOR_MULTIPLE_COMMANDERS_RELATIVE' defined in 'common/defines/00_ai.txt' not specified. Maybe a define macro is missing
[09:24:50][defines.cpp:230]: Define 'RETIRE_COMMANDER_INTERACTION_KEY' defined in 'common/defines/00_ai.txt' not specified. Maybe a define macro is missing
[09:24:50][defines.cpp:230]: Define 'COMMANDER_DESIRED_RANK_DISPARITY_IN_ARMY' defined in 'common/defines/00_ai.txt' not specified. Maybe a define macro is missing
[09:24:50][defines.cpp:230]: Define 'COMMANDER_DESIRED_RANK_DISPARITY_IN_FLEET' defined in 'common/defines/00_ai.txt' not specified. Maybe a define macro is missing
[09:24:50][defines.cpp:230]: Define 'name' defined in 'common/defines/00_audio_persistent_objects.txt' not specified. Maybe a define macro is missing
[09:24:50][defines.cpp:230]: Define 'scope' defined in 'common/defines/00_audio_persistent_objects.txt' not specified. Maybe a define macro is missing
[09:24:50][defines.cpp:230]: Define 'CIVIL_WAR_UPRISING_STATE_EXCESSIVE_ARMY_FRACTION' defined in 'common/defines/00_defines.txt' not specified. Maybe a define macro is missing
[09:24:50][defines.cpp:230]: Define 'BUILDING_MAX_PROFIT_TO_PAUSE_HIRES' defined in 'common/defines/00_defines.txt' not specified. Maybe a define macro is missing
[09:24:50][defines.cpp:230]: Define 'WORLD_MARKET_MONOPOLY_MIN_SHARE' defined in 'common/defines/00_defines.txt' not specified. Maybe a define macro is missing
[09:24:50][defines.cpp:230]: Define 'HIGH_POP_THRESHOLD' defined in 'common/defines/00_defines.txt' not specified. Maybe a define macro is missing
[09:24:50][defines.cpp:230]: Define 'ROLE_RULER' defined in 'common/defines/00_defines.txt' not specified. Maybe a define macro is missing
[09:24:50][defines.cpp:230]: Define 'ROLE_HEIR' defined in 'common/defines/00_defines.txt' not specified. Maybe a define macro is missing
[09:24:50][defines.cpp:230]: Define 'TARGET_NUM_POOL_POLITICIANS_POWERFUL_IG' defined in 'common/defines/00_defines.txt' not specified. Maybe a define macro is missing
[09:24:50][defines.cpp:230]: Define 'TARGET_NUM_POOL_POLITICIANS_INFLUENTIAL_IG' defined in 'common/defines/00_defines.txt' not specified. Maybe a define macro is missing
[09:24:50][defines.cpp:230]: Define 'TARGET_NUM_POOL_POLITICIANS_MARGINAL_IG' defined in 'common/defines/00_defines.txt' not specified. Maybe a define macro is missing
[09:24:50][defines.cpp:230]: Define 'FLAGSHIP_DECORATION_LOCATOR' defined in 'common/defines/00_graphics.txt' not specified. Maybe a define macro is missing
[09:24:50][pdxfilewatcher_windows.cpp:363]: Invalid path passed in Directories: C:/Users/yutay/Documents/Paradox Interactive/Victoria 3/tools_import
[09:24:50][main.cpp:564]: Total startup duration: 0.2958575 seconds
[09:24:50][pdx_account.cpp:600]: Starting up PDX SDK
[09:24:50][pdx_json_settings.cpp:325]: [SPdxJsonSettingsIO] "pdx_settings.json" file lacks "device" setting in "Graphics" category.
[09:24:50][gfx_dx11_master_context.cpp:149]: Adapter 0: AMD Radeon RX 9070 XT (16188.53 MB)
[09:24:50][gfx_dx11_master_context.cpp:149]: Adapter 1: Intel(R) UHD Graphics 770 (128.00 MB)
[09:24:50][gfx_dx11_master_context.cpp:149]: Adapter 2: Microsoft Basic Render Driver (0.00 MB)
[09:24:50][gfx_dx11_master_context.cpp:149]: Selected adapter: AMD Radeon RX 9070 XT (16188.53 MB)
[09:24:50][gfx_dx11_master_context.cpp:296]: VendorId: 4098
[09:24:50][gfx_dx11_master_context.cpp:297]: DeviceId: 30032
[09:24:50][gfx_dx11_master_context.cpp:298]: SubSysId: 102371395
[09:24:50][gfx_dx11_master_context.cpp:299]: Revision: 192
[09:24:50][pdx_json_settings.cpp:325]: [SPdxJsonSettingsIO] "pdx_settings.json" file lacks "upscale" setting in "Graphics" category.
[09:24:50][pdx_json_settings.cpp:325]: [SPdxJsonSettingsIO] "pdx_settings.json" file lacks "upscale_quality" setting in "Graphics" category.
[09:24:50][pdx_json_settings.cpp:325]: [SPdxJsonSettingsIO] "pdx_settings.json" file lacks "anti_aliasing" setting in "Graphics" category.
[09:24:50][pdx_json_settings.cpp:325]: [SPdxJsonSettingsIO] "pdx_settings.json" file lacks "portrait_multi_sampling" setting in "Graphics" category.
[09:24:50][pdx_json_settings.cpp:325]: [SPdxJsonSettingsIO] "pdx_settings.json" file lacks "multi_sampling" setting in "Graphics" category.
[09:24:50][pdx_json_settings.cpp:325]: [SPdxJsonSettingsIO] "pdx_settings.json" file lacks "anisotropic_filtering" setting in "Graphics" category.
[09:24:50][pdx_audio2.cpp:540]: Legacy setting: audio_profile_headphones_path, use audio_profiles setting instead
[09:24:50][pdx_audio2.cpp:547]: Legacy setting: audio_profile_tv_path, use audio_profiles setting instead
[09:24:50][pdx_audio2.cpp:554]: Legacy setting: audio_profile_nightmode_path, use audio_profiles setting instead
[09:24:50][pdx_audio2.cpp:614]: Creating FMOD sound engine
[09:24:50][pdx_json_settings.cpp:325]: [SPdxJsonSettingsIO] "pdx_settings.json" file lacks "audio_device_profile" setting in "Audio" category.
[09:24:50][pdx_ugc.cpp:78]: UGC backend is not running
