[22:52:20][jominiapplication.cpp:539]: Changing game speed to: 2
[22:52:32][jominiapplication.cpp:539]: Pause Toggled! Paused: false, PlayerID: 0
[22:52:32][jominiapplication.cpp:539]: Processing Tick: 1836.1.1.6
[22:52:32][jominiapplication.cpp:539]: Processing Tick: 1836.1.1.12
[22:52:32][jominiapplication.cpp:539]: Changing game speed to: 3
[22:52:32][jominiapplication.cpp:539]: Processing Tick: 1836.1.1.18
[22:52:33][jominiapplication.cpp:539]: Changing game speed to: 4
[22:52:33][jominiapplication.cpp:539]: Processing Tick: 1836.1.2
[22:52:33][jominiapplication.cpp:539]: Processing Tick: 1836.1.2.6
[22:52:33][jominiapplication.cpp:539]: Processing Tick: 1836.1.2.12
[22:52:33][jominiapplication.cpp:539]: Processing Tick: 1836.1.2.18
[22:52:33][jominiapplication.cpp:539]: Processing Tick: 1836.1.3
[22:52:33][jominiapplication.cpp:539]: Processing Tick: 1836.1.3.6
[22:52:34][jominiapplication.cpp:539]: Processing Tick: 1836.1.3.12
[22:52:34][jominiapplication.cpp:539]: Processing Tick: 1836.1.3.18
[22:52:34][jominiapplication.cpp:539]: Processing Tick: 1836.1.4
[22:52:34][jominiapplication.cpp:539]: Processing Tick: 1836.1.4.6
[22:52:35][jominiapplication.cpp:539]: Processing Tick: 1836.1.4.12
[22:52:35][jominiapplication.cpp:539]: Processing Tick: 1836.1.4.18
[22:52:36][jominiapplication.cpp:539]: Processing Tick: 1836.1.5
[22:52:36][jominiapplication.cpp:539]: Processing Tick: 1836.1.5.6
[22:52:36][jominiapplication.cpp:539]: Processing Tick: 1836.1.5.12
[22:52:36][jominiapplication.cpp:539]: Processing Tick: 1836.1.5.18
[22:52:36][jominiapplication.cpp:539]: Processing Tick: 1836.1.6
[22:52:41][jominiapplication.cpp:539]: Processing Tick: 1836.1.6.6
[22:52:41][jominiapplication.cpp:539]: Processing Tick: 1836.1.6.12
[22:52:41][jominiapplication.cpp:539]: Processing Tick: 1836.1.6.18
[22:52:43][jominiapplication.cpp:539]: Processing Tick: 1836.1.7
[22:52:43][jominiapplication.cpp:539]: Processing Tick: 1836.1.7.6
[22:52:43][jominiapplication.cpp:539]: Processing Tick: 1836.1.7.12
[22:52:43][jominiapplication.cpp:539]: Processing Tick: 1836.1.7.18
[22:52:44][jominiapplication.cpp:539]: Processing Tick: 1836.1.8
[22:52:44][jominiapplication.cpp:539]: Processing Tick: 1836.1.8.6
[22:52:45][jominiapplication.cpp:539]: Processing Tick: 1836.1.8.12
[22:52:46][jominiapplication.cpp:539]: Processing Tick: 1836.1.8.18
[22:52:47][jominiapplication.cpp:539]: Processing Tick: 1836.1.9
[22:52:47][jominiapplication.cpp:539]: Processing Tick: 1836.1.9.6
[22:52:47][jominiapplication.cpp:539]: Processing Tick: 1836.1.9.12
[22:52:48][jominiapplication.cpp:539]: Processing Tick: 1836.1.9.18
[22:52:48][jominiapplication.cpp:539]: Processing Tick: 1836.1.10
[22:52:48][jominiapplication.cpp:539]: Processing Tick: 1836.1.10.6
[22:52:48][jominiapplication.cpp:539]: Processing Tick: 1836.1.10.12
[22:52:50][jominiapplication.cpp:539]: Processing Tick: 1836.1.10.18
[22:52:51][jominiapplication.cpp:539]: Processing Tick: 1836.1.11
[22:52:52][jominiapplication.cpp:539]: Processing Tick: 1836.1.11.6
[22:52:52][jominiapplication.cpp:539]: Processing Tick: 1836.1.11.12
[22:52:52][jominiapplication.cpp:539]: Processing Tick: 1836.1.11.18
[22:52:52][jominiapplication.cpp:539]: Processing Tick: 1836.1.12
[22:52:52][jominiapplication.cpp:539]: Processing Tick: 1836.1.12.6
[22:52:53][jominiapplication.cpp:539]: Processing Tick: 1836.1.12.12
[22:52:53][jominiapplication.cpp:539]: Processing Tick: 1836.1.12.18
[22:52:54][jominiapplication.cpp:539]: Processing Tick: 1836.1.13
[22:52:57][jominiapplication.cpp:539]: Processing Tick: 1836.1.13.6
[22:52:57][jominiapplication.cpp:539]: Processing Tick: 1836.1.13.12
[22:52:57][jominiapplication.cpp:539]: Processing Tick: 1836.1.13.18
[22:52:57][jominiapplication.cpp:539]: Processing Tick: 1836.1.14
[22:52:57][jominiapplication.cpp:539]: Processing Tick: 1836.1.14.6
[22:52:58][jominiapplication.cpp:539]: Processing Tick: 1836.1.14.12
[22:52:58][jominiapplication.cpp:539]: Processing Tick: 1836.1.14.18
[22:52:58][jominiapplication.cpp:539]: Processing Tick: 1836.1.15
[22:52:58][jominiapplication.cpp:539]: Processing Tick: 1836.1.15.6
[22:52:58][jominiapplication.cpp:539]: Processing Tick: 1836.1.15.12
[22:52:58][jominiapplication.cpp:539]: Processing Tick: 1836.1.15.18
[22:52:58][jominiapplication.cpp:539]: Processing Tick: 1836.1.16
[22:52:58][jominiapplication.cpp:539]: Processing Tick: 1836.1.16.6
[22:52:58][jominiapplication.cpp:539]: Processing Tick: 1836.1.16.12
[22:52:58][jominiapplication.cpp:539]: Processing Tick: 1836.1.16.18
[22:52:59][jominiapplication.cpp:539]: Processing Tick: 1836.1.17
[22:53:00][jominiapplication.cpp:539]: Processing Tick: 1836.1.17.6
[22:53:00][jominiapplication.cpp:539]: Processing Tick: 1836.1.17.12
[22:53:00][jominiapplication.cpp:539]: Processing Tick: 1836.1.17.18
[22:53:00][jominiapplication.cpp:539]: Processing Tick: 1836.1.18
[22:53:00][jominiapplication.cpp:539]: Processing Tick: 1836.1.18.6
[22:53:00][jominiapplication.cpp:539]: Processing Tick: 1836.1.18.12
[22:53:02][jominiapplication.cpp:539]: Processing Tick: 1836.1.18.18
[22:53:02][jominiapplication.cpp:539]: Processing Tick: 1836.1.19
[22:53:02][jominiapplication.cpp:539]: Processing Tick: 1836.1.19.6
[22:53:03][jominiapplication.cpp:539]: Processing Tick: 1836.1.19.12
[22:53:04][jominiapplication.cpp:539]: Processing Tick: 1836.1.19.18
[22:53:04][jominiapplication.cpp:539]: Processing Tick: 1836.1.20
[22:53:07][jominiapplication.cpp:539]: Processing Tick: 1836.1.20.6
[22:53:07][jominiapplication.cpp:539]: Processing Tick: 1836.1.20.12
[22:53:07][jominiapplication.cpp:539]: Processing Tick: 1836.1.20.18
[22:53:09][jominiapplication.cpp:539]: Processing Tick: 1836.1.21
[22:53:10][jominiapplication.cpp:539]: Processing Tick: 1836.1.21.6
[22:53:12][jominiapplication.cpp:539]: Processing Tick: 1836.1.21.12
[22:53:12][jominiapplication.cpp:539]: Processing Tick: 1836.1.21.18
[22:53:12][jominiapplication.cpp:539]: Processing Tick: 1836.1.22
[22:53:12][jominiapplication.cpp:539]: Processing Tick: 1836.1.22.6
[22:53:12][jominiapplication.cpp:539]: Processing Tick: 1836.1.22.12
[22:53:13][jominiapplication.cpp:539]: Processing Tick: 1836.1.22.18
[22:53:13][jominiapplication.cpp:539]: Processing Tick: 1836.1.23
[22:53:14][jominiapplication.cpp:539]: Processing Tick: 1836.1.23.6
[22:53:16][jominiapplication.cpp:539]: Processing Tick: 1836.1.23.12
[22:53:16][jominiapplication.cpp:539]: Processing Tick: 1836.1.23.18
[22:53:16][jominiapplication.cpp:539]: Processing Tick: 1836.1.24
[22:53:16][jominiapplication.cpp:539]: Processing Tick: 1836.1.24.6
[22:53:16][jominiapplication.cpp:539]: Processing Tick: 1836.1.24.12
[22:53:17][jominiapplication.cpp:539]: Processing Tick: 1836.1.24.18
[22:53:17][jominiapplication.cpp:539]: Processing Tick: 1836.1.25
[22:53:18][jominiapplication.cpp:539]: Processing Tick: 1836.1.25.6
[22:53:19][jominiapplication.cpp:539]: Processing Tick: 1836.1.25.12
[22:53:19][jominiapplication.cpp:539]: Processing Tick: 1836.1.25.18
[22:53:19][jominiapplication.cpp:539]: Processing Tick: 1836.1.26
[22:53:19][jominiapplication.cpp:539]: Processing Tick: 1836.1.26.6
[22:53:20][jominiapplication.cpp:539]: Processing Tick: 1836.1.26.12
[22:53:20][jominiapplication.cpp:539]: Processing Tick: 1836.1.26.18
[22:53:20][jominiapplication.cpp:539]: Processing Tick: 1836.1.27
[22:53:23][jominiapplication.cpp:539]: Processing Tick: 1836.1.27.6
[22:53:23][jominiapplication.cpp:539]: Processing Tick: 1836.1.27.12
[22:53:23][jominiapplication.cpp:539]: Processing Tick: 1836.1.27.18
[22:53:23][jominiapplication.cpp:539]: Processing Tick: 1836.1.28
[22:53:23][jominiapplication.cpp:539]: Processing Tick: 1836.1.28.6
[22:53:23][jominiapplication.cpp:539]: Processing Tick: 1836.1.28.12
[22:53:23][jominiapplication.cpp:539]: Processing Tick: 1836.1.28.18
[22:53:24][jominiapplication.cpp:539]: Processing Tick: 1836.1.29
[22:53:24][jominiapplication.cpp:539]: Processing Tick: 1836.1.29.6
[22:53:24][jominiapplication.cpp:539]: Processing Tick: 1836.1.29.12
[22:53:24][jominiapplication.cpp:539]: Processing Tick: 1836.1.29.18
[22:53:24][jominiapplication.cpp:539]: Processing Tick: 1836.1.30
[22:53:24][jominiapplication.cpp:539]: Processing Tick: 1836.1.30.6
[22:53:24][jominiapplication.cpp:539]: Processing Tick: 1836.1.30.12
[22:53:24][jominiapplication.cpp:539]: Processing Tick: 1836.1.30.18
[22:53:24][jominiapplication.cpp:539]: Processing Tick: 1836.1.31
[22:53:25][jominiapplication.cpp:539]: Processing Tick: 1836.1.31.6
[22:53:25][jominiapplication.cpp:539]: Processing Tick: 1836.1.31.12
[22:53:25][jominiapplication.cpp:539]: Processing Tick: 1836.1.31.18
[22:53:25][jominiapplication.cpp:539]: Processing Tick: 1836.2.1
[22:53:26][jominiapplication.cpp:539]: Processing Tick: 1836.2.1.6
[22:53:26][jominiapplication.cpp:539]: Processing Tick: 1836.2.1.12
[22:53:26][jominiapplication.cpp:539]: Processing Tick: 1836.2.1.18
[22:53:26][jominiapplication.cpp:539]: Processing Tick: 1836.2.2
[22:53:26][jominiapplication.cpp:539]: Processing Tick: 1836.2.2.6
[22:53:26][jominiapplication.cpp:539]: Processing Tick: 1836.2.2.12
[22:53:26][jominiapplication.cpp:539]: Processing Tick: 1836.2.2.18
[22:53:26][jominiapplication.cpp:539]: Processing Tick: 1836.2.3
[22:53:29][jominiapplication.cpp:539]: Processing Tick: 1836.2.3.6
[22:53:29][jominiapplication.cpp:539]: Processing Tick: 1836.2.3.12
[22:53:30][jominiapplication.cpp:539]: Processing Tick: 1836.2.3.18
[22:53:30][jominiapplication.cpp:539]: Processing Tick: 1836.2.4
[22:53:30][jominiapplication.cpp:539]: Processing Tick: 1836.2.4.6
[22:53:30][jominiapplication.cpp:539]: Processing Tick: 1836.2.4.12
[22:53:30][jominiapplication.cpp:539]: Processing Tick: 1836.2.4.18
[22:53:30][jominiapplication.cpp:539]: Processing Tick: 1836.2.5
[22:53:30][jominiapplication.cpp:539]: Processing Tick: 1836.2.5.6
[22:53:30][jominiapplication.cpp:539]: Processing Tick: 1836.2.5.12
[22:53:30][jominiapplication.cpp:539]: Processing Tick: 1836.2.5.18
[22:53:30][jominiapplication.cpp:539]: Processing Tick: 1836.2.6
[22:53:30][jominiapplication.cpp:539]: Processing Tick: 1836.2.6.6
[22:53:30][jominiapplication.cpp:539]: Processing Tick: 1836.2.6.12
[22:53:31][jominiapplication.cpp:539]: Processing Tick: 1836.2.6.18
[22:53:31][jominiapplication.cpp:539]: Processing Tick: 1836.2.7
[22:53:31][jominiapplication.cpp:539]: Processing Tick: 1836.2.7.6
[22:53:31][jominiapplication.cpp:539]: Processing Tick: 1836.2.7.12
[22:53:31][jominiapplication.cpp:539]: Processing Tick: 1836.2.7.18
[22:53:31][jominiapplication.cpp:539]: Processing Tick: 1836.2.8
[22:53:31][jominiapplication.cpp:539]: Processing Tick: 1836.2.8.6
[22:53:31][jominiapplication.cpp:539]: Processing Tick: 1836.2.8.12
[22:53:31][jominiapplication.cpp:539]: Processing Tick: 1836.2.8.18
[22:53:31][jominiapplication.cpp:539]: Processing Tick: 1836.2.9
[22:53:31][jominiapplication.cpp:539]: Processing Tick: 1836.2.9.6
[22:53:31][jominiapplication.cpp:539]: Processing Tick: 1836.2.9.12
[22:53:31][jominiapplication.cpp:539]: Processing Tick: 1836.2.9.18
[22:53:31][jominiapplication.cpp:539]: Processing Tick: 1836.2.10
[22:53:35][jominiapplication.cpp:539]: Processing Tick: 1836.2.10.6
[22:53:35][jominiapplication.cpp:539]: Processing Tick: 1836.2.10.12
[22:53:35][jominiapplication.cpp:539]: Processing Tick: 1836.2.10.18
[22:53:35][jominiapplication.cpp:539]: Processing Tick: 1836.2.11
[22:53:35][jominiapplication.cpp:539]: Processing Tick: 1836.2.11.6
[22:53:35][jominiapplication.cpp:539]: Processing Tick: 1836.2.11.12
[22:53:35][jominiapplication.cpp:539]: Processing Tick: 1836.2.11.18
[22:53:35][jominiapplication.cpp:539]: Processing Tick: 1836.2.12
[22:53:35][jominiapplication.cpp:539]: Processing Tick: 1836.2.12.6
[22:53:35][jominiapplication.cpp:539]: Processing Tick: 1836.2.12.12
[22:53:35][jominiapplication.cpp:539]: Processing Tick: 1836.2.12.18
[22:53:36][jominiapplication.cpp:539]: Processing Tick: 1836.2.13
[22:53:36][jominiapplication.cpp:539]: Processing Tick: 1836.2.13.6
[22:53:36][jominiapplication.cpp:539]: Processing Tick: 1836.2.13.12
[22:53:36][jominiapplication.cpp:539]: Processing Tick: 1836.2.13.18
[22:53:36][jominiapplication.cpp:539]: Processing Tick: 1836.2.14
[22:53:36][jominiapplication.cpp:539]: Processing Tick: 1836.2.14.6
[22:53:36][jominiapplication.cpp:539]: Processing Tick: 1836.2.14.12
[22:53:36][jominiapplication.cpp:539]: Processing Tick: 1836.2.14.18
[22:53:36][jominiapplication.cpp:539]: Processing Tick: 1836.2.15
[22:53:36][jominiapplication.cpp:539]: Processing Tick: 1836.2.15.6
[22:53:36][jominiapplication.cpp:539]: Processing Tick: 1836.2.15.12
[22:53:36][jominiapplication.cpp:539]: Processing Tick: 1836.2.15.18
[22:53:37][jominiapplication.cpp:539]: Processing Tick: 1836.2.16
[22:53:37][jominiapplication.cpp:539]: Processing Tick: 1836.2.16.6
[22:53:37][jominiapplication.cpp:539]: Processing Tick: 1836.2.16.12
[22:53:37][jominiapplication.cpp:539]: Processing Tick: 1836.2.16.18
[22:53:37][jominiapplication.cpp:539]: Processing Tick: 1836.2.17
[22:53:40][jominiapplication.cpp:539]: Processing Tick: 1836.2.17.6
[22:53:40][jominiapplication.cpp:539]: Processing Tick: 1836.2.17.12
[22:53:40][jominiapplication.cpp:539]: Processing Tick: 1836.2.17.18
[22:53:40][jominiapplication.cpp:539]: Processing Tick: 1836.2.18
[22:53:40][jominiapplication.cpp:539]: Processing Tick: 1836.2.18.6
[22:53:40][jominiapplication.cpp:539]: Processing Tick: 1836.2.18.12
[22:53:40][jominiapplication.cpp:539]: Processing Tick: 1836.2.18.18
[22:53:40][jominiapplication.cpp:539]: Processing Tick: 1836.2.19
[22:53:40][jominiapplication.cpp:539]: Processing Tick: 1836.2.19.6
[22:53:41][jominiapplication.cpp:539]: Processing Tick: 1836.2.19.12
[22:53:41][jominiapplication.cpp:539]: Processing Tick: 1836.2.19.18
[22:53:41][jominiapplication.cpp:539]: Processing Tick: 1836.2.20
[22:53:41][jominiapplication.cpp:539]: Processing Tick: 1836.2.20.6
[22:53:41][jominiapplication.cpp:539]: Processing Tick: 1836.2.20.12
[22:53:41][jominiapplication.cpp:539]: Processing Tick: 1836.2.20.18
[22:53:41][jominiapplication.cpp:539]: Processing Tick: 1836.2.21
[22:53:41][jominiapplication.cpp:539]: Processing Tick: 1836.2.21.6
[22:53:41][jominiapplication.cpp:539]: Processing Tick: 1836.2.21.12
[22:53:41][jominiapplication.cpp:539]: Processing Tick: 1836.2.21.18
[22:53:41][jominiapplication.cpp:539]: Processing Tick: 1836.2.22
[22:53:41][jominiapplication.cpp:539]: Processing Tick: 1836.2.22.6
[22:53:41][jominiapplication.cpp:539]: Processing Tick: 1836.2.22.12
[22:53:41][jominiapplication.cpp:539]: Processing Tick: 1836.2.22.18
[22:53:42][jominiapplication.cpp:539]: Processing Tick: 1836.2.23
[22:53:42][jominiapplication.cpp:539]: Processing Tick: 1836.2.23.6
[22:53:42][jominiapplication.cpp:539]: Processing Tick: 1836.2.23.12
[22:53:42][jominiapplication.cpp:539]: Processing Tick: 1836.2.23.18
[22:53:42][jominiapplication.cpp:539]: Processing Tick: 1836.2.24
[22:53:45][jominiapplication.cpp:539]: Processing Tick: 1836.2.24.6
[22:53:45][jominiapplication.cpp:539]: Processing Tick: 1836.2.24.12
[22:53:45][jominiapplication.cpp:539]: Processing Tick: 1836.2.24.18
[22:53:45][jominiapplication.cpp:539]: Processing Tick: 1836.2.25
[22:53:45][jominiapplication.cpp:539]: Processing Tick: 1836.2.25.6
[22:53:45][jominiapplication.cpp:539]: Processing Tick: 1836.2.25.12
[22:53:45][jominiapplication.cpp:539]: Processing Tick: 1836.2.25.18
[22:53:45][jominiapplication.cpp:539]: Processing Tick: 1836.2.26
[22:53:45][jominiapplication.cpp:539]: Processing Tick: 1836.2.26.6
[22:53:45][jominiapplication.cpp:539]: Processing Tick: 1836.2.26.12
[22:53:45][jominiapplication.cpp:539]: Processing Tick: 1836.2.26.18
[22:53:45][jominiapplication.cpp:539]: Processing Tick: 1836.2.27
[22:53:46][jominiapplication.cpp:539]: Processing Tick: 1836.2.27.6
[22:53:46][jominiapplication.cpp:539]: Processing Tick: 1836.2.27.12
[22:53:46][jominiapplication.cpp:539]: Processing Tick: 1836.2.27.18
[22:53:46][jominiapplication.cpp:539]: Processing Tick: 1836.2.28
[22:53:46][jominiapplication.cpp:539]: Processing Tick: 1836.2.28.6
[22:53:46][jominiapplication.cpp:539]: Processing Tick: 1836.2.28.12
[22:53:46][jominiapplication.cpp:539]: Processing Tick: 1836.2.28.18
[22:53:46][jominiapplication.cpp:539]: Processing Tick: 1836.3.1
[22:53:47][jominiapplication.cpp:539]: Processing Tick: 1836.3.1.6
[22:53:47][jominiapplication.cpp:539]: Processing Tick: 1836.3.1.12
[22:53:47][jominiapplication.cpp:539]: Processing Tick: 1836.3.1.18
[22:53:47][jominiapplication.cpp:539]: Processing Tick: 1836.3.2
[22:53:47][jominiapplication.cpp:539]: Processing Tick: 1836.3.2.6
[22:53:47][jominiapplication.cpp:539]: Processing Tick: 1836.3.2.12
[22:53:47][jominiapplication.cpp:539]: Processing Tick: 1836.3.2.18
[22:53:47][jominiapplication.cpp:539]: Processing Tick: 1836.3.3
[22:53:50][jominiapplication.cpp:539]: Processing Tick: 1836.3.3.6
[22:53:50][jominiapplication.cpp:539]: Processing Tick: 1836.3.3.12
[22:53:50][jominiapplication.cpp:539]: Processing Tick: 1836.3.3.18
[22:53:50][jominiapplication.cpp:539]: Processing Tick: 1836.3.4
[22:53:50][jominiapplication.cpp:539]: Processing Tick: 1836.3.4.6
[22:53:50][jominiapplication.cpp:539]: Processing Tick: 1836.3.4.12
[22:53:50][jominiapplication.cpp:539]: Processing Tick: 1836.3.4.18
[22:53:51][jominiapplication.cpp:539]: Processing Tick: 1836.3.5
[22:53:51][jominiapplication.cpp:539]: Processing Tick: 1836.3.5.6
[22:53:51][jominiapplication.cpp:539]: Processing Tick: 1836.3.5.12
[22:53:51][jominiapplication.cpp:539]: Processing Tick: 1836.3.5.18
[22:53:51][jominiapplication.cpp:539]: Processing Tick: 1836.3.6
[22:53:51][jominiapplication.cpp:539]: Processing Tick: 1836.3.6.6
[22:53:51][jominiapplication.cpp:539]: Processing Tick: 1836.3.6.12
[22:53:51][jominiapplication.cpp:539]: Processing Tick: 1836.3.6.18
[22:53:51][jominiapplication.cpp:539]: Processing Tick: 1836.3.7
[22:53:51][jominiapplication.cpp:539]: Processing Tick: 1836.3.7.6
[22:53:51][jominiapplication.cpp:539]: Processing Tick: 1836.3.7.12
[22:53:51][jominiapplication.cpp:539]: Processing Tick: 1836.3.7.18
[22:53:51][jominiapplication.cpp:539]: Processing Tick: 1836.3.8
[22:53:52][jominiapplication.cpp:539]: Processing Tick: 1836.3.8.6
[22:53:52][jominiapplication.cpp:539]: Processing Tick: 1836.3.8.12
[22:53:52][jominiapplication.cpp:539]: Processing Tick: 1836.3.8.18
[22:53:52][jominiapplication.cpp:539]: Processing Tick: 1836.3.9
[22:53:52][jominiapplication.cpp:539]: Processing Tick: 1836.3.9.6
[22:53:52][jominiapplication.cpp:539]: Processing Tick: 1836.3.9.12
[22:53:52][jominiapplication.cpp:539]: Processing Tick: 1836.3.9.18
[22:53:52][jominiapplication.cpp:539]: Processing Tick: 1836.3.10
[22:53:55][jominiapplication.cpp:539]: Processing Tick: 1836.3.10.6
[22:53:55][jominiapplication.cpp:539]: Processing Tick: 1836.3.10.12
[22:53:55][jominiapplication.cpp:539]: Processing Tick: 1836.3.10.18
[22:53:55][jominiapplication.cpp:539]: Processing Tick: 1836.3.11
[22:53:55][jominiapplication.cpp:539]: Processing Tick: 1836.3.11.6
[22:53:55][jominiapplication.cpp:539]: Processing Tick: 1836.3.11.12
[22:53:56][jominiapplication.cpp:539]: Processing Tick: 1836.3.11.18
[22:53:56][jominiapplication.cpp:539]: Processing Tick: 1836.3.12
[22:53:56][jominiapplication.cpp:539]: Processing Tick: 1836.3.12.6
[22:53:56][jominiapplication.cpp:539]: Processing Tick: 1836.3.12.12
[22:53:56][jominiapplication.cpp:539]: Processing Tick: 1836.3.12.18
[22:53:56][jominiapplication.cpp:539]: Processing Tick: 1836.3.13
[22:53:56][jominiapplication.cpp:539]: Processing Tick: 1836.3.13.6
[22:53:56][jominiapplication.cpp:539]: Processing Tick: 1836.3.13.12
[22:53:56][jominiapplication.cpp:539]: Processing Tick: 1836.3.13.18
[22:53:56][jominiapplication.cpp:539]: Processing Tick: 1836.3.14
[22:53:56][jominiapplication.cpp:539]: Processing Tick: 1836.3.14.6
[22:53:56][jominiapplication.cpp:539]: Processing Tick: 1836.3.14.12
[22:53:57][jominiapplication.cpp:539]: Processing Tick: 1836.3.14.18
[22:53:57][jominiapplication.cpp:539]: Processing Tick: 1836.3.15
[22:53:57][jominiapplication.cpp:539]: Processing Tick: 1836.3.15.6
[22:53:57][jominiapplication.cpp:539]: Processing Tick: 1836.3.15.12
[22:53:57][jominiapplication.cpp:539]: Processing Tick: 1836.3.15.18
[22:53:57][jominiapplication.cpp:539]: Processing Tick: 1836.3.16
[22:53:57][jominiapplication.cpp:539]: Processing Tick: 1836.3.16.6
[22:53:57][jominiapplication.cpp:539]: Processing Tick: 1836.3.16.12
[22:53:57][jominiapplication.cpp:539]: Processing Tick: 1836.3.16.18
[22:53:57][jominiapplication.cpp:539]: Processing Tick: 1836.3.17
[22:54:00][jominiapplication.cpp:539]: Processing Tick: 1836.3.17.6
[22:54:00][jominiapplication.cpp:539]: Processing Tick: 1836.3.17.12
[22:54:00][jominiapplication.cpp:539]: Processing Tick: 1836.3.17.18
[22:54:00][jominiapplication.cpp:539]: Processing Tick: 1836.3.18
[22:54:00][jominiapplication.cpp:539]: Processing Tick: 1836.3.18.6
[22:54:00][jominiapplication.cpp:539]: Processing Tick: 1836.3.18.12
[22:54:00][jominiapplication.cpp:539]: Processing Tick: 1836.3.18.18
[22:54:01][jominiapplication.cpp:539]: Processing Tick: 1836.3.19
[22:54:01][jominiapplication.cpp:539]: Processing Tick: 1836.3.19.6
[22:54:01][jominiapplication.cpp:539]: Processing Tick: 1836.3.19.12
[22:54:01][jominiapplication.cpp:539]: Processing Tick: 1836.3.19.18
[22:54:01][jominiapplication.cpp:539]: Processing Tick: 1836.3.20
[22:54:01][jominiapplication.cpp:539]: Processing Tick: 1836.3.20.6
[22:54:01][jominiapplication.cpp:539]: Processing Tick: 1836.3.20.12
[22:54:01][jominiapplication.cpp:539]: Processing Tick: 1836.3.20.18
[22:54:01][jominiapplication.cpp:539]: Processing Tick: 1836.3.21
[22:54:01][jominiapplication.cpp:539]: Processing Tick: 1836.3.21.6
[22:54:01][jominiapplication.cpp:539]: Processing Tick: 1836.3.21.12
[22:54:01][jominiapplication.cpp:539]: Processing Tick: 1836.3.21.18
[22:54:01][jominiapplication.cpp:539]: Processing Tick: 1836.3.22
[22:54:01][jominiapplication.cpp:539]: Processing Tick: 1836.3.22.6
[22:54:01][jominiapplication.cpp:539]: Processing Tick: 1836.3.22.12
[22:54:01][jominiapplication.cpp:539]: Processing Tick: 1836.3.22.18
[22:54:02][jominiapplication.cpp:539]: Processing Tick: 1836.3.23
[22:54:02][jominiapplication.cpp:539]: Processing Tick: 1836.3.23.6
[22:54:02][jominiapplication.cpp:539]: Processing Tick: 1836.3.23.12
[22:54:02][jominiapplication.cpp:539]: Processing Tick: 1836.3.23.18
[22:54:02][jominiapplication.cpp:539]: Processing Tick: 1836.3.24
[22:54:05][jominiapplication.cpp:539]: Processing Tick: 1836.3.24.6
[22:54:05][jominiapplication.cpp:539]: Processing Tick: 1836.3.24.12
[22:54:05][jominiapplication.cpp:539]: Processing Tick: 1836.3.24.18
[22:54:05][jominiapplication.cpp:539]: Processing Tick: 1836.3.25
[22:54:05][jominiapplication.cpp:539]: Processing Tick: 1836.3.25.6
[22:54:05][jominiapplication.cpp:539]: Processing Tick: 1836.3.25.12
[22:54:05][jominiapplication.cpp:539]: Processing Tick: 1836.3.25.18
[22:54:05][jominiapplication.cpp:539]: Processing Tick: 1836.3.26
[22:54:05][jominiapplication.cpp:539]: Processing Tick: 1836.3.26.6
[22:54:05][jominiapplication.cpp:539]: Processing Tick: 1836.3.26.12
[22:54:05][jominiapplication.cpp:539]: Processing Tick: 1836.3.26.18
[22:54:05][jominiapplication.cpp:539]: Processing Tick: 1836.3.27
[22:54:06][jominiapplication.cpp:539]: Processing Tick: 1836.3.27.6
[22:54:06][jominiapplication.cpp:539]: Processing Tick: 1836.3.27.12
[22:54:06][jominiapplication.cpp:539]: Processing Tick: 1836.3.27.18
[22:54:06][jominiapplication.cpp:539]: Processing Tick: 1836.3.28
[22:54:06][jominiapplication.cpp:539]: Processing Tick: 1836.3.28.6
[22:54:06][jominiapplication.cpp:539]: Processing Tick: 1836.3.28.12
[22:54:06][jominiapplication.cpp:539]: Processing Tick: 1836.3.28.18
[22:54:06][jominiapplication.cpp:539]: Processing Tick: 1836.3.29
[22:54:06][jominiapplication.cpp:539]: Processing Tick: 1836.3.29.6
[22:54:06][jominiapplication.cpp:539]: Processing Tick: 1836.3.29.12
[22:54:06][jominiapplication.cpp:539]: Processing Tick: 1836.3.29.18
[22:54:06][jominiapplication.cpp:539]: Processing Tick: 1836.3.30
[22:54:06][jominiapplication.cpp:539]: Processing Tick: 1836.3.30.6
[22:54:06][jominiapplication.cpp:539]: Processing Tick: 1836.3.30.12
[22:54:06][jominiapplication.cpp:539]: Processing Tick: 1836.3.30.18
[22:54:06][jominiapplication.cpp:539]: Processing Tick: 1836.3.31
[22:54:09][jominiapplication.cpp:539]: Processing Tick: 1836.3.31.6
[22:54:09][jominiapplication.cpp:539]: Processing Tick: 1836.3.31.12
[22:54:09][jominiapplication.cpp:539]: Processing Tick: 1836.3.31.18
[22:54:10][jominiapplication.cpp:539]: Processing Tick: 1836.4.1
[22:54:10][jominiapplication.cpp:539]: Processing Tick: 1836.4.1.6
[22:54:10][jominiapplication.cpp:539]: Processing Tick: 1836.4.1.12
[22:54:10][jominiapplication.cpp:539]: Processing Tick: 1836.4.1.18
[22:54:10][jominiapplication.cpp:539]: Processing Tick: 1836.4.2
[22:54:10][jominiapplication.cpp:539]: Processing Tick: 1836.4.2.6
[22:54:11][jominiapplication.cpp:539]: Processing Tick: 1836.4.2.12
[22:54:11][jominiapplication.cpp:539]: Processing Tick: 1836.4.2.18
[22:54:11][jominiapplication.cpp:539]: Processing Tick: 1836.4.3
[22:54:11][jominiapplication.cpp:539]: Processing Tick: 1836.4.3.6
[22:54:11][jominiapplication.cpp:539]: Processing Tick: 1836.4.3.12
[22:54:11][jominiapplication.cpp:539]: Processing Tick: 1836.4.3.18
[22:54:11][jominiapplication.cpp:539]: Processing Tick: 1836.4.4
[22:54:11][jominiapplication.cpp:539]: Processing Tick: 1836.4.4.6
[22:54:11][jominiapplication.cpp:539]: Processing Tick: 1836.4.4.12
[22:54:11][jominiapplication.cpp:539]: Processing Tick: 1836.4.4.18
[22:54:11][jominiapplication.cpp:539]: Processing Tick: 1836.4.5
[22:54:11][jominiapplication.cpp:539]: Processing Tick: 1836.4.5.6
[22:54:11][jominiapplication.cpp:539]: Processing Tick: 1836.4.5.12
[22:54:11][jominiapplication.cpp:539]: Processing Tick: 1836.4.5.18
[22:54:11][jominiapplication.cpp:539]: Processing Tick: 1836.4.6
[22:54:12][jominiapplication.cpp:539]: Processing Tick: 1836.4.6.6
[22:54:12][jominiapplication.cpp:539]: Processing Tick: 1836.4.6.12
[22:54:12][jominiapplication.cpp:539]: Processing Tick: 1836.4.6.18
[22:54:12][jominiapplication.cpp:539]: Processing Tick: 1836.4.7
[22:54:15][jominiapplication.cpp:539]: Processing Tick: 1836.4.7.6
[22:54:15][jominiapplication.cpp:539]: Processing Tick: 1836.4.7.12
[22:54:15][jominiapplication.cpp:539]: Processing Tick: 1836.4.7.18
[22:54:15][jominiapplication.cpp:539]: Processing Tick: 1836.4.8
[22:54:15][jominiapplication.cpp:539]: Processing Tick: 1836.4.8.6
[22:54:15][jominiapplication.cpp:539]: Processing Tick: 1836.4.8.12
[22:54:15][jominiapplication.cpp:539]: Processing Tick: 1836.4.8.18
[22:54:15][jominiapplication.cpp:539]: Processing Tick: 1836.4.9
[22:54:15][jominiapplication.cpp:539]: Processing Tick: 1836.4.9.6
[22:54:15][jominiapplication.cpp:539]: Processing Tick: 1836.4.9.12
[22:54:15][jominiapplication.cpp:539]: Processing Tick: 1836.4.9.18
[22:54:15][jominiapplication.cpp:539]: Processing Tick: 1836.4.10
[22:54:16][jominiapplication.cpp:539]: Processing Tick: 1836.4.10.6
[22:54:16][jominiapplication.cpp:539]: Processing Tick: 1836.4.10.12
[22:54:16][jominiapplication.cpp:539]: Processing Tick: 1836.4.10.18
[22:54:16][jominiapplication.cpp:539]: Processing Tick: 1836.4.11
[22:54:16][jominiapplication.cpp:539]: Processing Tick: 1836.4.11.6
[22:54:16][jominiapplication.cpp:539]: Processing Tick: 1836.4.11.12
[22:54:16][jominiapplication.cpp:539]: Processing Tick: 1836.4.11.18
[22:54:16][jominiapplication.cpp:539]: Processing Tick: 1836.4.12
[22:54:16][jominiapplication.cpp:539]: Processing Tick: 1836.4.12.6
[22:54:16][jominiapplication.cpp:539]: Processing Tick: 1836.4.12.12
[22:54:16][jominiapplication.cpp:539]: Processing Tick: 1836.4.12.18
[22:54:16][jominiapplication.cpp:539]: Processing Tick: 1836.4.13
[22:54:16][jominiapplication.cpp:539]: Processing Tick: 1836.4.13.6
[22:54:16][jominiapplication.cpp:539]: Processing Tick: 1836.4.13.12
[22:54:17][jominiapplication.cpp:539]: Processing Tick: 1836.4.13.18
[22:54:17][jominiapplication.cpp:539]: Processing Tick: 1836.4.14
[22:54:19][jominiapplication.cpp:539]: Processing Tick: 1836.4.14.6
[22:54:20][jominiapplication.cpp:539]: Processing Tick: 1836.4.14.12
[22:54:20][jominiapplication.cpp:539]: Processing Tick: 1836.4.14.18
[22:54:20][jominiapplication.cpp:539]: Processing Tick: 1836.4.15
[22:54:20][jominiapplication.cpp:539]: Processing Tick: 1836.4.15.6
[22:54:20][jominiapplication.cpp:539]: Processing Tick: 1836.4.15.12
[22:54:20][jominiapplication.cpp:539]: Processing Tick: 1836.4.15.18
[22:54:20][jominiapplication.cpp:539]: Processing Tick: 1836.4.16
[22:54:20][jominiapplication.cpp:539]: Processing Tick: 1836.4.16.6
[22:54:20][jominiapplication.cpp:539]: Processing Tick: 1836.4.16.12
[22:54:20][jominiapplication.cpp:539]: Processing Tick: 1836.4.16.18
[22:54:20][jominiapplication.cpp:539]: Processing Tick: 1836.4.17
[22:54:20][jominiapplication.cpp:539]: Processing Tick: 1836.4.17.6
[22:54:20][jominiapplication.cpp:539]: Processing Tick: 1836.4.17.12
[22:54:20][jominiapplication.cpp:539]: Processing Tick: 1836.4.17.18
[22:54:21][jominiapplication.cpp:539]: Processing Tick: 1836.4.18
[22:54:21][jominiapplication.cpp:539]: Processing Tick: 1836.4.18.6
[22:54:21][jominiapplication.cpp:539]: Processing Tick: 1836.4.18.12
[22:54:21][jominiapplication.cpp:539]: Processing Tick: 1836.4.18.18
[22:54:21][jominiapplication.cpp:539]: Processing Tick: 1836.4.19
[22:54:21][jominiapplication.cpp:539]: Processing Tick: 1836.4.19.6
[22:54:21][jominiapplication.cpp:539]: Processing Tick: 1836.4.19.12
[22:54:21][jominiapplication.cpp:539]: Processing Tick: 1836.4.19.18
[22:54:21][jominiapplication.cpp:539]: Processing Tick: 1836.4.20
[22:54:21][jominiapplication.cpp:539]: Processing Tick: 1836.4.20.6
[22:54:21][jominiapplication.cpp:539]: Processing Tick: 1836.4.20.12
[22:54:21][jominiapplication.cpp:539]: Processing Tick: 1836.4.20.18
[22:54:21][jominiapplication.cpp:539]: Processing Tick: 1836.4.21
[22:54:24][jominiapplication.cpp:539]: Processing Tick: 1836.4.21.6
[22:54:24][jominiapplication.cpp:539]: Processing Tick: 1836.4.21.12
[22:54:24][jominiapplication.cpp:539]: Processing Tick: 1836.4.21.18
[22:54:24][jominiapplication.cpp:539]: Processing Tick: 1836.4.22
[22:54:24][jominiapplication.cpp:539]: Processing Tick: 1836.4.22.6
[22:54:25][jominiapplication.cpp:539]: Processing Tick: 1836.4.22.12
[22:54:25][jominiapplication.cpp:539]: Processing Tick: 1836.4.22.18
[22:54:25][jominiapplication.cpp:539]: Processing Tick: 1836.4.23
[22:54:25][jominiapplication.cpp:539]: Processing Tick: 1836.4.23.6
[22:54:25][jominiapplication.cpp:539]: Processing Tick: 1836.4.23.12
[22:54:25][jominiapplication.cpp:539]: Processing Tick: 1836.4.23.18
[22:54:25][jominiapplication.cpp:539]: Processing Tick: 1836.4.24
[22:54:25][jominiapplication.cpp:539]: Processing Tick: 1836.4.24.6
[22:54:25][jominiapplication.cpp:539]: Processing Tick: 1836.4.24.12
[22:54:25][jominiapplication.cpp:539]: Processing Tick: 1836.4.24.18
[22:54:25][jominiapplication.cpp:539]: Processing Tick: 1836.4.25
[22:54:25][jominiapplication.cpp:539]: Processing Tick: 1836.4.25.6
[22:54:25][jominiapplication.cpp:539]: Processing Tick: 1836.4.25.12
[22:54:25][jominiapplication.cpp:539]: Processing Tick: 1836.4.25.18
[22:54:25][jominiapplication.cpp:539]: Processing Tick: 1836.4.26
[22:54:25][jominiapplication.cpp:539]: Processing Tick: 1836.4.26.6
[22:54:25][jominiapplication.cpp:539]: Processing Tick: 1836.4.26.12
[22:54:26][jominiapplication.cpp:539]: Processing Tick: 1836.4.26.18
[22:54:26][jominiapplication.cpp:539]: Processing Tick: 1836.4.27
[22:54:26][jominiapplication.cpp:539]: Processing Tick: 1836.4.27.6
[22:54:26][jominiapplication.cpp:539]: Processing Tick: 1836.4.27.12
[22:54:26][jominiapplication.cpp:539]: Processing Tick: 1836.4.27.18
[22:54:26][jominiapplication.cpp:539]: Processing Tick: 1836.4.28
[22:54:29][jominiapplication.cpp:539]: Processing Tick: 1836.4.28.6
[22:54:29][jominiapplication.cpp:539]: Processing Tick: 1836.4.28.12
[22:54:29][jominiapplication.cpp:539]: Processing Tick: 1836.4.28.18
[22:54:29][jominiapplication.cpp:539]: Processing Tick: 1836.4.29
[22:54:29][jominiapplication.cpp:539]: Processing Tick: 1836.4.29.6
[22:54:29][jominiapplication.cpp:539]: Processing Tick: 1836.4.29.12
[22:54:29][jominiapplication.cpp:539]: Processing Tick: 1836.4.29.18
[22:54:29][jominiapplication.cpp:539]: Processing Tick: 1836.4.30
[22:54:29][jominiapplication.cpp:539]: Processing Tick: 1836.4.30.6
[22:54:29][jominiapplication.cpp:539]: Processing Tick: 1836.4.30.12
[22:54:29][jominiapplication.cpp:539]: Processing Tick: 1836.4.30.18
[22:54:29][jominiapplication.cpp:539]: Processing Tick: 1836.5.1
[22:54:30][jominiapplication.cpp:539]: Processing Tick: 1836.5.1.6
[22:54:30][jominiapplication.cpp:539]: Processing Tick: 1836.5.1.12
[22:54:30][jominiapplication.cpp:539]: Processing Tick: 1836.5.1.18
[22:54:30][jominiapplication.cpp:539]: Processing Tick: 1836.5.2
[22:54:30][jominiapplication.cpp:539]: Processing Tick: 1836.5.2.6
[22:54:30][jominiapplication.cpp:539]: Processing Tick: 1836.5.2.12
[22:54:30][jominiapplication.cpp:539]: Processing Tick: 1836.5.2.18
[22:54:30][jominiapplication.cpp:539]: Processing Tick: 1836.5.3
[22:54:30][jominiapplication.cpp:539]: Processing Tick: 1836.5.3.6
[22:54:31][jominiapplication.cpp:539]: Processing Tick: 1836.5.3.12
[22:54:31][jominiapplication.cpp:539]: Processing Tick: 1836.5.3.18
[22:54:31][jominiapplication.cpp:539]: Processing Tick: 1836.5.4
[22:54:31][jominiapplication.cpp:539]: Processing Tick: 1836.5.4.6
[22:54:31][jominiapplication.cpp:539]: Processing Tick: 1836.5.4.12
[22:54:31][jominiapplication.cpp:539]: Processing Tick: 1836.5.4.18
[22:54:31][jominiapplication.cpp:539]: Processing Tick: 1836.5.5
[22:54:34][jominiapplication.cpp:539]: Processing Tick: 1836.5.5.6
[22:54:34][jominiapplication.cpp:539]: Processing Tick: 1836.5.5.12
[22:54:34][jominiapplication.cpp:539]: Processing Tick: 1836.5.5.18
[22:54:34][jominiapplication.cpp:539]: Processing Tick: 1836.5.6
[22:54:34][jominiapplication.cpp:539]: Processing Tick: 1836.5.6.6
[22:54:34][jominiapplication.cpp:539]: Processing Tick: 1836.5.6.12
[22:54:34][jominiapplication.cpp:539]: Processing Tick: 1836.5.6.18
[22:54:34][jominiapplication.cpp:539]: Processing Tick: 1836.5.7
[22:54:34][jominiapplication.cpp:539]: Processing Tick: 1836.5.7.6
[22:54:34][jominiapplication.cpp:539]: Processing Tick: 1836.5.7.12
[22:54:35][jominiapplication.cpp:539]: Processing Tick: 1836.5.7.18
[22:54:35][jominiapplication.cpp:539]: Processing Tick: 1836.5.8
[22:54:35][jominiapplication.cpp:539]: Processing Tick: 1836.5.8.6
[22:54:35][jominiapplication.cpp:539]: Processing Tick: 1836.5.8.12
[22:54:35][jominiapplication.cpp:539]: Processing Tick: 1836.5.8.18
[22:54:35][jominiapplication.cpp:539]: Processing Tick: 1836.5.9
[22:54:35][jominiapplication.cpp:539]: Processing Tick: 1836.5.9.6
[22:54:35][jominiapplication.cpp:539]: Processing Tick: 1836.5.9.12
[22:54:35][jominiapplication.cpp:539]: Processing Tick: 1836.5.9.18
[22:54:35][jominiapplication.cpp:539]: Processing Tick: 1836.5.10
[22:54:35][jominiapplication.cpp:539]: Processing Tick: 1836.5.10.6
[22:54:35][jominiapplication.cpp:539]: Processing Tick: 1836.5.10.12
[22:54:35][jominiapplication.cpp:539]: Processing Tick: 1836.5.10.18
[22:54:35][jominiapplication.cpp:539]: Processing Tick: 1836.5.11
[22:54:35][jominiapplication.cpp:539]: Processing Tick: 1836.5.11.6
[22:54:36][jominiapplication.cpp:539]: Processing Tick: 1836.5.11.12
[22:54:36][jominiapplication.cpp:539]: Processing Tick: 1836.5.11.18
[22:54:36][jominiapplication.cpp:539]: Processing Tick: 1836.5.12
[22:54:39][jominiapplication.cpp:539]: Processing Tick: 1836.5.12.6
[22:54:39][jominiapplication.cpp:539]: Processing Tick: 1836.5.12.12
[22:54:39][jominiapplication.cpp:539]: Processing Tick: 1836.5.12.18
[22:54:39][jominiapplication.cpp:539]: Processing Tick: 1836.5.13
[22:54:39][jominiapplication.cpp:539]: Processing Tick: 1836.5.13.6
[22:54:39][jominiapplication.cpp:539]: Processing Tick: 1836.5.13.12
[22:54:39][jominiapplication.cpp:539]: Processing Tick: 1836.5.13.18
[22:54:39][jominiapplication.cpp:539]: Processing Tick: 1836.5.14
[22:54:39][jominiapplication.cpp:539]: Processing Tick: 1836.5.14.6
[22:54:39][jominiapplication.cpp:539]: Processing Tick: 1836.5.14.12
[22:54:39][jominiapplication.cpp:539]: Processing Tick: 1836.5.14.18
[22:54:39][jominiapplication.cpp:539]: Processing Tick: 1836.5.15
[22:54:39][jominiapplication.cpp:539]: Processing Tick: 1836.5.15.6
[22:54:39][jominiapplication.cpp:539]: Processing Tick: 1836.5.15.12
[22:54:40][jominiapplication.cpp:539]: Processing Tick: 1836.5.15.18
[22:54:40][jominiapplication.cpp:539]: Processing Tick: 1836.5.16
[22:54:40][jominiapplication.cpp:539]: Processing Tick: 1836.5.16.6
[22:54:40][jominiapplication.cpp:539]: Processing Tick: 1836.5.16.12
[22:54:40][jominiapplication.cpp:539]: Processing Tick: 1836.5.16.18
[22:54:40][jominiapplication.cpp:539]: Processing Tick: 1836.5.17
[22:54:40][jominiapplication.cpp:539]: Processing Tick: 1836.5.17.6
[22:54:40][jominiapplication.cpp:539]: Processing Tick: 1836.5.17.12
[22:54:40][jominiapplication.cpp:539]: Processing Tick: 1836.5.17.18
[22:54:40][jominiapplication.cpp:539]: Processing Tick: 1836.5.18
[22:54:40][jominiapplication.cpp:539]: Processing Tick: 1836.5.18.6
[22:54:40][jominiapplication.cpp:539]: Processing Tick: 1836.5.18.12
[22:54:40][jominiapplication.cpp:539]: Processing Tick: 1836.5.18.18
[22:54:40][jominiapplication.cpp:539]: Processing Tick: 1836.5.19
[22:54:43][jominiapplication.cpp:539]: Processing Tick: 1836.5.19.6
[22:54:43][jominiapplication.cpp:539]: Processing Tick: 1836.5.19.12
[22:54:43][jominiapplication.cpp:539]: Processing Tick: 1836.5.19.18
[22:54:43][jominiapplication.cpp:539]: Processing Tick: 1836.5.20
[22:54:44][jominiapplication.cpp:539]: Processing Tick: 1836.5.20.6
[22:54:44][jominiapplication.cpp:539]: Processing Tick: 1836.5.20.12
[22:54:44][jominiapplication.cpp:539]: Processing Tick: 1836.5.20.18
[22:54:44][jominiapplication.cpp:539]: Processing Tick: 1836.5.21
[22:54:44][jominiapplication.cpp:539]: Processing Tick: 1836.5.21.6
[22:54:44][jominiapplication.cpp:539]: Processing Tick: 1836.5.21.12
[22:54:44][jominiapplication.cpp:539]: Processing Tick: 1836.5.21.18
[22:54:44][jominiapplication.cpp:539]: Processing Tick: 1836.5.22
[22:54:44][jominiapplication.cpp:539]: Processing Tick: 1836.5.22.6
[22:54:44][jominiapplication.cpp:539]: Processing Tick: 1836.5.22.12
[22:54:44][jominiapplication.cpp:539]: Processing Tick: 1836.5.22.18
[22:54:44][jominiapplication.cpp:539]: Processing Tick: 1836.5.23
[22:54:45][jominiapplication.cpp:539]: Processing Tick: 1836.5.23.6
[22:54:45][jominiapplication.cpp:539]: Processing Tick: 1836.5.23.12
[22:54:45][jominiapplication.cpp:539]: Processing Tick: 1836.5.23.18
[22:54:45][jominiapplication.cpp:539]: Processing Tick: 1836.5.24
[22:54:45][jominiapplication.cpp:539]: Processing Tick: 1836.5.24.6
[22:54:45][jominiapplication.cpp:539]: Processing Tick: 1836.5.24.12
[22:54:45][jominiapplication.cpp:539]: Processing Tick: 1836.5.24.18
[22:54:45][jominiapplication.cpp:539]: Processing Tick: 1836.5.25
[22:54:45][jominiapplication.cpp:539]: Processing Tick: 1836.5.25.6
[22:54:45][jominiapplication.cpp:539]: Processing Tick: 1836.5.25.12
[22:54:45][jominiapplication.cpp:539]: Processing Tick: 1836.5.25.18
[22:54:45][jominiapplication.cpp:539]: Processing Tick: 1836.5.26
[22:54:48][jominiapplication.cpp:539]: Processing Tick: 1836.5.26.6
[22:54:48][jominiapplication.cpp:539]: Processing Tick: 1836.5.26.12
[22:54:48][jominiapplication.cpp:539]: Processing Tick: 1836.5.26.18
[22:54:48][jominiapplication.cpp:539]: Processing Tick: 1836.5.27
[22:54:48][jominiapplication.cpp:539]: Processing Tick: 1836.5.27.6
[22:54:49][jominiapplication.cpp:539]: Processing Tick: 1836.5.27.12
[22:54:49][jominiapplication.cpp:539]: Processing Tick: 1836.5.27.18
[22:54:49][jominiapplication.cpp:539]: Processing Tick: 1836.5.28
[22:54:49][jominiapplication.cpp:539]: Processing Tick: 1836.5.28.6
[22:54:49][jominiapplication.cpp:539]: Processing Tick: 1836.5.28.12
[22:54:49][jominiapplication.cpp:539]: Processing Tick: 1836.5.28.18
[22:54:49][jominiapplication.cpp:539]: Processing Tick: 1836.5.29
[22:54:49][jominiapplication.cpp:539]: Processing Tick: 1836.5.29.6
[22:54:49][jominiapplication.cpp:539]: Processing Tick: 1836.5.29.12
[22:54:49][jominiapplication.cpp:539]: Processing Tick: 1836.5.29.18
[22:54:49][jominiapplication.cpp:539]: Processing Tick: 1836.5.30
[22:54:49][jominiapplication.cpp:539]: Processing Tick: 1836.5.30.6
[22:54:49][jominiapplication.cpp:539]: Processing Tick: 1836.5.30.12
[22:54:50][jominiapplication.cpp:539]: Processing Tick: 1836.5.30.18
[22:54:50][jominiapplication.cpp:539]: Processing Tick: 1836.5.31
[22:54:50][jominiapplication.cpp:539]: Processing Tick: 1836.5.31.6
[22:54:50][jominiapplication.cpp:539]: Processing Tick: 1836.5.31.12
[22:54:50][jominiapplication.cpp:539]: Processing Tick: 1836.5.31.18
[22:54:50][jominiapplication.cpp:539]: Processing Tick: 1836.6.1
[22:54:50][jominiapplication.cpp:539]: Processing Tick: 1836.6.1.6
[22:54:50][jominiapplication.cpp:539]: Processing Tick: 1836.6.1.12
[22:54:51][jominiapplication.cpp:539]: Processing Tick: 1836.6.1.18
[22:54:51][jominiapplication.cpp:539]: Processing Tick: 1836.6.2
[22:54:53][jominiapplication.cpp:539]: Processing Tick: 1836.6.2.6
[22:54:54][jominiapplication.cpp:539]: Processing Tick: 1836.6.2.12
[22:54:54][jominiapplication.cpp:539]: Processing Tick: 1836.6.2.18
[22:54:54][jominiapplication.cpp:539]: Processing Tick: 1836.6.3
[22:54:54][jominiapplication.cpp:539]: Processing Tick: 1836.6.3.6
[22:54:54][jominiapplication.cpp:539]: Processing Tick: 1836.6.3.12
[22:54:54][jominiapplication.cpp:539]: Processing Tick: 1836.6.3.18
[22:54:54][jominiapplication.cpp:539]: Processing Tick: 1836.6.4
[22:54:54][jominiapplication.cpp:539]: Processing Tick: 1836.6.4.6
[22:54:54][jominiapplication.cpp:539]: Processing Tick: 1836.6.4.12
[22:54:54][jominiapplication.cpp:539]: Processing Tick: 1836.6.4.18
[22:54:54][jominiapplication.cpp:539]: Processing Tick: 1836.6.5
[22:54:54][jominiapplication.cpp:539]: Processing Tick: 1836.6.5.6
[22:54:54][jominiapplication.cpp:539]: Processing Tick: 1836.6.5.12
[22:54:54][jominiapplication.cpp:539]: Processing Tick: 1836.6.5.18
[22:54:54][jominiapplication.cpp:539]: Processing Tick: 1836.6.6
[22:54:54][jominiapplication.cpp:539]: Processing Tick: 1836.6.6.6
[22:54:54][jominiapplication.cpp:539]: Processing Tick: 1836.6.6.12
[22:54:55][jominiapplication.cpp:539]: Processing Tick: 1836.6.6.18
[22:54:55][jominiapplication.cpp:539]: Processing Tick: 1836.6.7
[22:54:55][jominiapplication.cpp:539]: Processing Tick: 1836.6.7.6
[22:54:55][jominiapplication.cpp:539]: Processing Tick: 1836.6.7.12
[22:54:55][jominiapplication.cpp:539]: Processing Tick: 1836.6.7.18
[22:54:55][jominiapplication.cpp:539]: Processing Tick: 1836.6.8
[22:54:55][jominiapplication.cpp:539]: Processing Tick: 1836.6.8.6
[22:54:55][jominiapplication.cpp:539]: Processing Tick: 1836.6.8.12
[22:54:55][jominiapplication.cpp:539]: Processing Tick: 1836.6.8.18
[22:54:55][jominiapplication.cpp:539]: Processing Tick: 1836.6.9
[22:54:58][jominiapplication.cpp:539]: Processing Tick: 1836.6.9.6
[22:54:58][jominiapplication.cpp:539]: Processing Tick: 1836.6.9.12
[22:54:58][jominiapplication.cpp:539]: Processing Tick: 1836.6.9.18
[22:54:58][jominiapplication.cpp:539]: Processing Tick: 1836.6.10
[22:54:58][jominiapplication.cpp:539]: Processing Tick: 1836.6.10.6
[22:54:58][jominiapplication.cpp:539]: Processing Tick: 1836.6.10.12
[22:54:58][jominiapplication.cpp:539]: Processing Tick: 1836.6.10.18
[22:54:58][jominiapplication.cpp:539]: Processing Tick: 1836.6.11
[22:54:59][jominiapplication.cpp:539]: Processing Tick: 1836.6.11.6
[22:54:59][jominiapplication.cpp:539]: Processing Tick: 1836.6.11.12
[22:54:59][jominiapplication.cpp:539]: Processing Tick: 1836.6.11.18
[22:54:59][jominiapplication.cpp:539]: Processing Tick: 1836.6.12
[22:54:59][jominiapplication.cpp:539]: Processing Tick: 1836.6.12.6
[22:54:59][jominiapplication.cpp:539]: Processing Tick: 1836.6.12.12
[22:54:59][jominiapplication.cpp:539]: Processing Tick: 1836.6.12.18
[22:54:59][jominiapplication.cpp:539]: Processing Tick: 1836.6.13
[22:54:59][jominiapplication.cpp:539]: Processing Tick: 1836.6.13.6
[22:54:59][jominiapplication.cpp:539]: Processing Tick: 1836.6.13.12
[22:54:59][jominiapplication.cpp:539]: Processing Tick: 1836.6.13.18
[22:54:59][jominiapplication.cpp:539]: Processing Tick: 1836.6.14
[22:54:59][jominiapplication.cpp:539]: Processing Tick: 1836.6.14.6
[22:54:59][jominiapplication.cpp:539]: Processing Tick: 1836.6.14.12
[22:54:59][jominiapplication.cpp:539]: Processing Tick: 1836.6.14.18
[22:54:59][jominiapplication.cpp:539]: Processing Tick: 1836.6.15
[22:55:00][jominiapplication.cpp:539]: Processing Tick: 1836.6.15.6
[22:55:00][jominiapplication.cpp:539]: Processing Tick: 1836.6.15.12
[22:55:00][jominiapplication.cpp:539]: Processing Tick: 1836.6.15.18
[22:55:00][jominiapplication.cpp:539]: Processing Tick: 1836.6.16
[22:55:02][jominiapplication.cpp:539]: Processing Tick: 1836.6.16.6
[22:55:03][jominiapplication.cpp:539]: Processing Tick: 1836.6.16.12
[22:55:03][jominiapplication.cpp:539]: Processing Tick: 1836.6.16.18
[22:55:03][jominiapplication.cpp:539]: Processing Tick: 1836.6.17
[22:55:03][jominiapplication.cpp:539]: Processing Tick: 1836.6.17.6
[22:55:03][jominiapplication.cpp:539]: Processing Tick: 1836.6.17.12
[22:55:03][jominiapplication.cpp:539]: Processing Tick: 1836.6.17.18
[22:55:03][jominiapplication.cpp:539]: Processing Tick: 1836.6.18
[22:55:03][jominiapplication.cpp:539]: Processing Tick: 1836.6.18.6
[22:55:03][jominiapplication.cpp:539]: Processing Tick: 1836.6.18.12
[22:55:03][jominiapplication.cpp:539]: Processing Tick: 1836.6.18.18
[22:55:03][jominiapplication.cpp:539]: Processing Tick: 1836.6.19
[22:55:03][jominiapplication.cpp:539]: Processing Tick: 1836.6.19.6
[22:55:03][jominiapplication.cpp:539]: Processing Tick: 1836.6.19.12
[22:55:03][jominiapplication.cpp:539]: Processing Tick: 1836.6.19.18
[22:55:04][jominiapplication.cpp:539]: Processing Tick: 1836.6.20
[22:55:04][jominiapplication.cpp:539]: Processing Tick: 1836.6.20.6
[22:55:04][jominiapplication.cpp:539]: Processing Tick: 1836.6.20.12
[22:55:04][jominiapplication.cpp:539]: Processing Tick: 1836.6.20.18
[22:55:04][jominiapplication.cpp:539]: Processing Tick: 1836.6.21
[22:55:04][jominiapplication.cpp:539]: Processing Tick: 1836.6.21.6
[22:55:04][jominiapplication.cpp:539]: Processing Tick: 1836.6.21.12
[22:55:04][jominiapplication.cpp:539]: Processing Tick: 1836.6.21.18
[22:55:04][jominiapplication.cpp:539]: Processing Tick: 1836.6.22
[22:55:04][jominiapplication.cpp:539]: Processing Tick: 1836.6.22.6
[22:55:04][jominiapplication.cpp:539]: Processing Tick: 1836.6.22.12
[22:55:04][jominiapplication.cpp:539]: Processing Tick: 1836.6.22.18
[22:55:04][jominiapplication.cpp:539]: Processing Tick: 1836.6.23
[22:55:07][jominiapplication.cpp:539]: Processing Tick: 1836.6.23.6
[22:55:07][jominiapplication.cpp:539]: Processing Tick: 1836.6.23.12
[22:55:07][jominiapplication.cpp:539]: Processing Tick: 1836.6.23.18
[22:55:07][jominiapplication.cpp:539]: Processing Tick: 1836.6.24
[22:55:07][jominiapplication.cpp:539]: Processing Tick: 1836.6.24.6
[22:55:08][jominiapplication.cpp:539]: Processing Tick: 1836.6.24.12
[22:55:08][jominiapplication.cpp:539]: Processing Tick: 1836.6.24.18
[22:55:08][jominiapplication.cpp:539]: Processing Tick: 1836.6.25
[22:55:08][jominiapplication.cpp:539]: Processing Tick: 1836.6.25.6
[22:55:08][jominiapplication.cpp:539]: Processing Tick: 1836.6.25.12
[22:55:08][jominiapplication.cpp:539]: Processing Tick: 1836.6.25.18
[22:55:08][jominiapplication.cpp:539]: Processing Tick: 1836.6.26
[22:55:08][jominiapplication.cpp:539]: Processing Tick: 1836.6.26.6
[22:55:08][jominiapplication.cpp:539]: Processing Tick: 1836.6.26.12
[22:55:08][jominiapplication.cpp:539]: Processing Tick: 1836.6.26.18
[22:55:08][jominiapplication.cpp:539]: Processing Tick: 1836.6.27
[22:55:08][jominiapplication.cpp:539]: Processing Tick: 1836.6.27.6
[22:55:08][jominiapplication.cpp:539]: Processing Tick: 1836.6.27.12
[22:55:08][jominiapplication.cpp:539]: Processing Tick: 1836.6.27.18
[22:55:09][jominiapplication.cpp:539]: Processing Tick: 1836.6.28
[22:55:09][jominiapplication.cpp:539]: Processing Tick: 1836.6.28.6
[22:55:09][jominiapplication.cpp:539]: Processing Tick: 1836.6.28.12
[22:55:09][jominiapplication.cpp:539]: Processing Tick: 1836.6.28.18
[22:55:09][jominiapplication.cpp:539]: Processing Tick: 1836.6.29
[22:55:09][jominiapplication.cpp:539]: Processing Tick: 1836.6.29.6
[22:55:09][jominiapplication.cpp:539]: Processing Tick: 1836.6.29.12
[22:55:09][jominiapplication.cpp:539]: Processing Tick: 1836.6.29.18
[22:55:09][jominiapplication.cpp:539]: Processing Tick: 1836.6.30
[22:55:12][jominiapplication.cpp:539]: Processing Tick: 1836.6.30.6
[22:55:12][jominiapplication.cpp:539]: Processing Tick: 1836.6.30.12
[22:55:12][jominiapplication.cpp:539]: Processing Tick: 1836.6.30.18
[22:55:12][jominiapplication.cpp:539]: Processing Tick: 1836.7.1
[22:55:13][jominiapplication.cpp:539]: Processing Tick: 1836.7.1.6
[22:55:13][jominiapplication.cpp:539]: Processing Tick: 1836.7.1.12
[22:55:13][jominiapplication.cpp:539]: Processing Tick: 1836.7.1.18
[22:55:13][jominiapplication.cpp:539]: Processing Tick: 1836.7.2
[22:55:13][jominiapplication.cpp:539]: Processing Tick: 1836.7.2.6
[22:55:13][jominiapplication.cpp:539]: Processing Tick: 1836.7.2.12
[22:55:13][jominiapplication.cpp:539]: Processing Tick: 1836.7.2.18
[22:55:13][jominiapplication.cpp:539]: Processing Tick: 1836.7.3
[22:55:13][jominiapplication.cpp:539]: Processing Tick: 1836.7.3.6
[22:55:13][jominiapplication.cpp:539]: Processing Tick: 1836.7.3.12
[22:55:13][jominiapplication.cpp:539]: Processing Tick: 1836.7.3.18
[22:55:13][jominiapplication.cpp:539]: Processing Tick: 1836.7.4
[22:55:13][jominiapplication.cpp:539]: Processing Tick: 1836.7.4.6
[22:55:13][jominiapplication.cpp:539]: Processing Tick: 1836.7.4.12
[22:55:13][jominiapplication.cpp:539]: Processing Tick: 1836.7.4.18
[22:55:13][jominiapplication.cpp:539]: Processing Tick: 1836.7.5
[22:55:13][jominiapplication.cpp:539]: Processing Tick: 1836.7.5.6
[22:55:13][jominiapplication.cpp:539]: Processing Tick: 1836.7.5.12
[22:55:14][jominiapplication.cpp:539]: Processing Tick: 1836.7.5.18
[22:55:14][jominiapplication.cpp:539]: Processing Tick: 1836.7.6
[22:55:14][jominiapplication.cpp:539]: Processing Tick: 1836.7.6.6
[22:55:14][jominiapplication.cpp:539]: Processing Tick: 1836.7.6.12
[22:55:14][jominiapplication.cpp:539]: Processing Tick: 1836.7.6.18
[22:55:14][jominiapplication.cpp:539]: Processing Tick: 1836.7.7
[22:55:17][jominiapplication.cpp:539]: Processing Tick: 1836.7.7.6
[22:55:17][jominiapplication.cpp:539]: Processing Tick: 1836.7.7.12
[22:55:17][jominiapplication.cpp:539]: Processing Tick: 1836.7.7.18
[22:55:17][jominiapplication.cpp:539]: Processing Tick: 1836.7.8
[22:55:17][jominiapplication.cpp:539]: Processing Tick: 1836.7.8.6
[22:55:17][jominiapplication.cpp:539]: Processing Tick: 1836.7.8.12
[22:55:17][jominiapplication.cpp:539]: Processing Tick: 1836.7.8.18
[22:55:17][jominiapplication.cpp:539]: Processing Tick: 1836.7.9
[22:55:17][jominiapplication.cpp:539]: Processing Tick: 1836.7.9.6
[22:55:17][jominiapplication.cpp:539]: Processing Tick: 1836.7.9.12
[22:55:17][jominiapplication.cpp:539]: Processing Tick: 1836.7.9.18
[22:55:17][jominiapplication.cpp:539]: Processing Tick: 1836.7.10
[22:55:17][jominiapplication.cpp:539]: Processing Tick: 1836.7.10.6
[22:55:17][jominiapplication.cpp:539]: Processing Tick: 1836.7.10.12
[22:55:18][jominiapplication.cpp:539]: Processing Tick: 1836.7.10.18
[22:55:18][jominiapplication.cpp:539]: Processing Tick: 1836.7.11
[22:55:18][jominiapplication.cpp:539]: Processing Tick: 1836.7.11.6
[22:55:18][jominiapplication.cpp:539]: Processing Tick: 1836.7.11.12
[22:55:18][jominiapplication.cpp:539]: Processing Tick: 1836.7.11.18
[22:55:18][jominiapplication.cpp:539]: Processing Tick: 1836.7.12
[22:55:18][jominiapplication.cpp:539]: Processing Tick: 1836.7.12.6
[22:55:18][jominiapplication.cpp:539]: Processing Tick: 1836.7.12.12
[22:55:18][jominiapplication.cpp:539]: Processing Tick: 1836.7.12.18
[22:55:18][jominiapplication.cpp:539]: Processing Tick: 1836.7.13
[22:55:18][jominiapplication.cpp:539]: Processing Tick: 1836.7.13.6
[22:55:18][jominiapplication.cpp:539]: Processing Tick: 1836.7.13.12
[22:55:18][jominiapplication.cpp:539]: Processing Tick: 1836.7.13.18
[22:55:18][jominiapplication.cpp:539]: Processing Tick: 1836.7.14
[22:55:21][jominiapplication.cpp:539]: Processing Tick: 1836.7.14.6
[22:55:21][jominiapplication.cpp:539]: Processing Tick: 1836.7.14.12
[22:55:21][jominiapplication.cpp:539]: Processing Tick: 1836.7.14.18
[22:55:21][jominiapplication.cpp:539]: Processing Tick: 1836.7.15
[22:55:21][jominiapplication.cpp:539]: Processing Tick: 1836.7.15.6
[22:55:21][jominiapplication.cpp:539]: Processing Tick: 1836.7.15.12
[22:55:21][jominiapplication.cpp:539]: Processing Tick: 1836.7.15.18
[22:55:22][jominiapplication.cpp:539]: Processing Tick: 1836.7.16
[22:55:22][jominiapplication.cpp:539]: Processing Tick: 1836.7.16.6
[22:55:22][jominiapplication.cpp:539]: Processing Tick: 1836.7.16.12
[22:55:22][jominiapplication.cpp:539]: Processing Tick: 1836.7.16.18
[22:55:22][jominiapplication.cpp:539]: Processing Tick: 1836.7.17
[22:55:22][jominiapplication.cpp:539]: Processing Tick: 1836.7.17.6
[22:55:22][jominiapplication.cpp:539]: Processing Tick: 1836.7.17.12
[22:55:22][jominiapplication.cpp:539]: Processing Tick: 1836.7.17.18
[22:55:22][jominiapplication.cpp:539]: Processing Tick: 1836.7.18
[22:55:22][jominiapplication.cpp:539]: Processing Tick: 1836.7.18.6
[22:55:22][jominiapplication.cpp:539]: Processing Tick: 1836.7.18.12
[22:55:22][jominiapplication.cpp:539]: Processing Tick: 1836.7.18.18
[22:55:22][jominiapplication.cpp:539]: Processing Tick: 1836.7.19
[22:55:23][jominiapplication.cpp:539]: Processing Tick: 1836.7.19.6
[22:55:23][jominiapplication.cpp:539]: Processing Tick: 1836.7.19.12
[22:55:23][jominiapplication.cpp:539]: Processing Tick: 1836.7.19.18
[22:55:23][jominiapplication.cpp:539]: Processing Tick: 1836.7.20
[22:55:23][jominiapplication.cpp:539]: Processing Tick: 1836.7.20.6
[22:55:23][jominiapplication.cpp:539]: Processing Tick: 1836.7.20.12
[22:55:23][jominiapplication.cpp:539]: Processing Tick: 1836.7.20.18
[22:55:23][jominiapplication.cpp:539]: Processing Tick: 1836.7.21
[22:55:26][jominiapplication.cpp:539]: Processing Tick: 1836.7.21.6
[22:55:26][jominiapplication.cpp:539]: Processing Tick: 1836.7.21.12
[22:55:26][jominiapplication.cpp:539]: Processing Tick: 1836.7.21.18
[22:55:26][jominiapplication.cpp:539]: Processing Tick: 1836.7.22
[22:55:26][jominiapplication.cpp:539]: Processing Tick: 1836.7.22.6
[22:55:26][jominiapplication.cpp:539]: Processing Tick: 1836.7.22.12
[22:55:26][jominiapplication.cpp:539]: Processing Tick: 1836.7.22.18
[22:55:26][jominiapplication.cpp:539]: Processing Tick: 1836.7.23
[22:55:26][jominiapplication.cpp:539]: Processing Tick: 1836.7.23.6
[22:55:26][jominiapplication.cpp:539]: Processing Tick: 1836.7.23.12
[22:55:26][jominiapplication.cpp:539]: Processing Tick: 1836.7.23.18
[22:55:26][jominiapplication.cpp:539]: Processing Tick: 1836.7.24
[22:55:26][jominiapplication.cpp:539]: Processing Tick: 1836.7.24.6
[22:55:26][jominiapplication.cpp:539]: Processing Tick: 1836.7.24.12
[22:55:27][jominiapplication.cpp:539]: Processing Tick: 1836.7.24.18
[22:55:27][jominiapplication.cpp:539]: Processing Tick: 1836.7.25
[22:55:27][jominiapplication.cpp:539]: Processing Tick: 1836.7.25.6
[22:55:27][jominiapplication.cpp:539]: Processing Tick: 1836.7.25.12
[22:55:27][jominiapplication.cpp:539]: Processing Tick: 1836.7.25.18
[22:55:27][jominiapplication.cpp:539]: Processing Tick: 1836.7.26
[22:55:27][jominiapplication.cpp:539]: Processing Tick: 1836.7.26.6
[22:55:27][jominiapplication.cpp:539]: Processing Tick: 1836.7.26.12
[22:55:27][jominiapplication.cpp:539]: Processing Tick: 1836.7.26.18
[22:55:27][jominiapplication.cpp:539]: Processing Tick: 1836.7.27
[22:55:27][jominiapplication.cpp:539]: Processing Tick: 1836.7.27.6
[22:55:27][jominiapplication.cpp:539]: Processing Tick: 1836.7.27.12
[22:55:27][jominiapplication.cpp:539]: Processing Tick: 1836.7.27.18
[22:55:27][jominiapplication.cpp:539]: Processing Tick: 1836.7.28
[22:55:30][jominiapplication.cpp:539]: Processing Tick: 1836.7.28.6
[22:55:30][jominiapplication.cpp:539]: Processing Tick: 1836.7.28.12
[22:55:30][jominiapplication.cpp:539]: Processing Tick: 1836.7.28.18
[22:55:30][jominiapplication.cpp:539]: Processing Tick: 1836.7.29
[22:55:30][jominiapplication.cpp:539]: Processing Tick: 1836.7.29.6
[22:55:30][jominiapplication.cpp:539]: Processing Tick: 1836.7.29.12
[22:55:30][jominiapplication.cpp:539]: Processing Tick: 1836.7.29.18
[22:55:31][jominiapplication.cpp:539]: Processing Tick: 1836.7.30
[22:55:31][jominiapplication.cpp:539]: Processing Tick: 1836.7.30.6
[22:55:31][jominiapplication.cpp:539]: Processing Tick: 1836.7.30.12
[22:55:31][jominiapplication.cpp:539]: Processing Tick: 1836.7.30.18
[22:55:31][jominiapplication.cpp:539]: Processing Tick: 1836.7.31
[22:55:31][jominiapplication.cpp:539]: Processing Tick: 1836.7.31.6
[22:55:31][jominiapplication.cpp:539]: Processing Tick: 1836.7.31.12
[22:55:31][jominiapplication.cpp:539]: Processing Tick: 1836.7.31.18
[22:55:31][jominiapplication.cpp:539]: Processing Tick: 1836.8.1
[22:55:32][jominiapplication.cpp:539]: Processing Tick: 1836.8.1.6
[22:55:32][jominiapplication.cpp:539]: Processing Tick: 1836.8.1.12
[22:55:32][jominiapplication.cpp:539]: Processing Tick: 1836.8.1.18
[22:55:32][jominiapplication.cpp:539]: Processing Tick: 1836.8.2
[22:55:32][jominiapplication.cpp:539]: Processing Tick: 1836.8.2.6
[22:55:32][jominiapplication.cpp:539]: Processing Tick: 1836.8.2.12
[22:55:32][jominiapplication.cpp:539]: Processing Tick: 1836.8.2.18
[22:55:32][jominiapplication.cpp:539]: Processing Tick: 1836.8.3
[22:55:32][jominiapplication.cpp:539]: Processing Tick: 1836.8.3.6
[22:55:32][jominiapplication.cpp:539]: Processing Tick: 1836.8.3.12
[22:55:32][jominiapplication.cpp:539]: Processing Tick: 1836.8.3.18
[22:55:32][jominiapplication.cpp:539]: Processing Tick: 1836.8.4
[22:55:35][jominiapplication.cpp:539]: Processing Tick: 1836.8.4.6
[22:55:35][jominiapplication.cpp:539]: Processing Tick: 1836.8.4.12
[22:55:35][jominiapplication.cpp:539]: Processing Tick: 1836.8.4.18
[22:55:35][jominiapplication.cpp:539]: Processing Tick: 1836.8.5
[22:55:35][jominiapplication.cpp:539]: Processing Tick: 1836.8.5.6
[22:55:35][jominiapplication.cpp:539]: Processing Tick: 1836.8.5.12
[22:55:35][jominiapplication.cpp:539]: Processing Tick: 1836.8.5.18
[22:55:35][jominiapplication.cpp:539]: Processing Tick: 1836.8.6
[22:55:36][jominiapplication.cpp:539]: Processing Tick: 1836.8.6.6
[22:55:36][jominiapplication.cpp:539]: Processing Tick: 1836.8.6.12
[22:55:36][jominiapplication.cpp:539]: Processing Tick: 1836.8.6.18
[22:55:36][jominiapplication.cpp:539]: Processing Tick: 1836.8.7
[22:55:36][jominiapplication.cpp:539]: Processing Tick: 1836.8.7.6
[22:55:36][jominiapplication.cpp:539]: Processing Tick: 1836.8.7.12
[22:55:36][jominiapplication.cpp:539]: Processing Tick: 1836.8.7.18
[22:55:36][jominiapplication.cpp:539]: Processing Tick: 1836.8.8
[22:55:36][jominiapplication.cpp:539]: Processing Tick: 1836.8.8.6
[22:55:36][jominiapplication.cpp:539]: Processing Tick: 1836.8.8.12
[22:55:36][jominiapplication.cpp:539]: Processing Tick: 1836.8.8.18
[22:55:36][jominiapplication.cpp:539]: Processing Tick: 1836.8.9
[22:55:36][jominiapplication.cpp:539]: Processing Tick: 1836.8.9.6
[22:55:36][jominiapplication.cpp:539]: Processing Tick: 1836.8.9.12
[22:55:36][jominiapplication.cpp:539]: Processing Tick: 1836.8.9.18
[22:55:37][jominiapplication.cpp:539]: Processing Tick: 1836.8.10
[22:55:37][jominiapplication.cpp:539]: Processing Tick: 1836.8.10.6
[22:55:37][jominiapplication.cpp:539]: Processing Tick: 1836.8.10.12
[22:55:37][jominiapplication.cpp:539]: Processing Tick: 1836.8.10.18
[22:55:37][jominiapplication.cpp:539]: Processing Tick: 1836.8.11
[22:55:40][jominiapplication.cpp:539]: Processing Tick: 1836.8.11.6
[22:55:40][jominiapplication.cpp:539]: Processing Tick: 1836.8.11.12
[22:55:40][jominiapplication.cpp:539]: Processing Tick: 1836.8.11.18
[22:55:40][jominiapplication.cpp:539]: Processing Tick: 1836.8.12
[22:55:40][jominiapplication.cpp:539]: Processing Tick: 1836.8.12.6
[22:55:40][jominiapplication.cpp:539]: Processing Tick: 1836.8.12.12
[22:55:40][jominiapplication.cpp:539]: Processing Tick: 1836.8.12.18
[22:55:40][jominiapplication.cpp:539]: Processing Tick: 1836.8.13
[22:55:40][jominiapplication.cpp:539]: Processing Tick: 1836.8.13.6
[22:55:40][jominiapplication.cpp:539]: Processing Tick: 1836.8.13.12
[22:55:40][jominiapplication.cpp:539]: Processing Tick: 1836.8.13.18
[22:55:40][jominiapplication.cpp:539]: Processing Tick: 1836.8.14
[22:55:40][jominiapplication.cpp:539]: Processing Tick: 1836.8.14.6
[22:55:40][jominiapplication.cpp:539]: Processing Tick: 1836.8.14.12
[22:55:40][jominiapplication.cpp:539]: Processing Tick: 1836.8.14.18
[22:55:40][jominiapplication.cpp:539]: Processing Tick: 1836.8.15
[22:55:41][jominiapplication.cpp:539]: Processing Tick: 1836.8.15.6
[22:55:41][jominiapplication.cpp:539]: Processing Tick: 1836.8.15.12
[22:55:41][jominiapplication.cpp:539]: Processing Tick: 1836.8.15.18
[22:55:41][jominiapplication.cpp:539]: Processing Tick: 1836.8.16
[22:55:41][jominiapplication.cpp:539]: Processing Tick: 1836.8.16.6
[22:55:41][jominiapplication.cpp:539]: Processing Tick: 1836.8.16.12
[22:55:41][jominiapplication.cpp:539]: Processing Tick: 1836.8.16.18
[22:55:41][jominiapplication.cpp:539]: Processing Tick: 1836.8.17
[22:55:41][jominiapplication.cpp:539]: Processing Tick: 1836.8.17.6
[22:55:41][jominiapplication.cpp:539]: Processing Tick: 1836.8.17.12
[22:55:41][jominiapplication.cpp:539]: Processing Tick: 1836.8.17.18
[22:55:41][jominiapplication.cpp:539]: Processing Tick: 1836.8.18
[22:55:44][jominiapplication.cpp:539]: Processing Tick: 1836.8.18.6
[22:55:44][jominiapplication.cpp:539]: Processing Tick: 1836.8.18.12
[22:55:44][jominiapplication.cpp:539]: Processing Tick: 1836.8.18.18
[22:55:44][jominiapplication.cpp:539]: Processing Tick: 1836.8.19
[22:55:44][jominiapplication.cpp:539]: Processing Tick: 1836.8.19.6
[22:55:44][jominiapplication.cpp:539]: Processing Tick: 1836.8.19.12
[22:55:44][jominiapplication.cpp:539]: Processing Tick: 1836.8.19.18
[22:55:44][jominiapplication.cpp:539]: Processing Tick: 1836.8.20
[22:55:44][jominiapplication.cpp:539]: Processing Tick: 1836.8.20.6
[22:55:45][jominiapplication.cpp:539]: Processing Tick: 1836.8.20.12
[22:55:45][jominiapplication.cpp:539]: Processing Tick: 1836.8.20.18
[22:55:45][jominiapplication.cpp:539]: Processing Tick: 1836.8.21
[22:55:45][jominiapplication.cpp:539]: Processing Tick: 1836.8.21.6
[22:55:45][jominiapplication.cpp:539]: Processing Tick: 1836.8.21.12
[22:55:45][jominiapplication.cpp:539]: Processing Tick: 1836.8.21.18
[22:55:45][jominiapplication.cpp:539]: Processing Tick: 1836.8.22
[22:55:45][jominiapplication.cpp:539]: Processing Tick: 1836.8.22.6
[22:55:45][jominiapplication.cpp:539]: Processing Tick: 1836.8.22.12
[22:55:45][jominiapplication.cpp:539]: Processing Tick: 1836.8.22.18
[22:55:45][jominiapplication.cpp:539]: Processing Tick: 1836.8.23
[22:55:45][jominiapplication.cpp:539]: Processing Tick: 1836.8.23.6
[22:55:45][jominiapplication.cpp:539]: Processing Tick: 1836.8.23.12
[22:55:45][jominiapplication.cpp:539]: Processing Tick: 1836.8.23.18
[22:55:45][jominiapplication.cpp:539]: Processing Tick: 1836.8.24
[22:55:45][jominiapplication.cpp:539]: Processing Tick: 1836.8.24.6
[22:55:45][jominiapplication.cpp:539]: Processing Tick: 1836.8.24.12
[22:55:46][jominiapplication.cpp:539]: Processing Tick: 1836.8.24.18
[22:55:46][jominiapplication.cpp:539]: Processing Tick: 1836.8.25
[22:55:48][jominiapplication.cpp:539]: Processing Tick: 1836.8.25.6
[22:55:48][jominiapplication.cpp:539]: Processing Tick: 1836.8.25.12
[22:55:49][jominiapplication.cpp:539]: Processing Tick: 1836.8.25.18
[22:55:49][jominiapplication.cpp:539]: Processing Tick: 1836.8.26
[22:55:49][jominiapplication.cpp:539]: Processing Tick: 1836.8.26.6
[22:55:49][jominiapplication.cpp:539]: Processing Tick: 1836.8.26.12
[22:55:49][jominiapplication.cpp:539]: Processing Tick: 1836.8.26.18
[22:55:49][jominiapplication.cpp:539]: Processing Tick: 1836.8.27
[22:55:49][jominiapplication.cpp:539]: Processing Tick: 1836.8.27.6
[22:55:49][jominiapplication.cpp:539]: Processing Tick: 1836.8.27.12
[22:55:49][jominiapplication.cpp:539]: Processing Tick: 1836.8.27.18
[22:55:49][jominiapplication.cpp:539]: Processing Tick: 1836.8.28
[22:55:49][jominiapplication.cpp:539]: Processing Tick: 1836.8.28.6
[22:55:49][jominiapplication.cpp:539]: Processing Tick: 1836.8.28.12
[22:55:49][jominiapplication.cpp:539]: Processing Tick: 1836.8.28.18
[22:55:49][jominiapplication.cpp:539]: Processing Tick: 1836.8.29
[22:55:50][jominiapplication.cpp:539]: Processing Tick: 1836.8.29.6
[22:55:50][jominiapplication.cpp:539]: Processing Tick: 1836.8.29.12
[22:55:50][jominiapplication.cpp:539]: Processing Tick: 1836.8.29.18
[22:55:50][jominiapplication.cpp:539]: Processing Tick: 1836.8.30
[22:55:50][jominiapplication.cpp:539]: Processing Tick: 1836.8.30.6
[22:55:50][jominiapplication.cpp:539]: Processing Tick: 1836.8.30.12
[22:55:50][jominiapplication.cpp:539]: Processing Tick: 1836.8.30.18
[22:55:50][jominiapplication.cpp:539]: Processing Tick: 1836.8.31
[22:55:50][jominiapplication.cpp:539]: Processing Tick: 1836.8.31.6
[22:55:50][jominiapplication.cpp:539]: Processing Tick: 1836.8.31.12
[22:55:50][jominiapplication.cpp:539]: Processing Tick: 1836.8.31.18
[22:55:50][jominiapplication.cpp:539]: Processing Tick: 1836.9.1
[22:55:54][jominiapplication.cpp:539]: Processing Tick: 1836.9.1.6
[22:55:54][jominiapplication.cpp:539]: Processing Tick: 1836.9.1.12
[22:55:54][jominiapplication.cpp:539]: Processing Tick: 1836.9.1.18
[22:55:54][jominiapplication.cpp:539]: Processing Tick: 1836.9.2
[22:55:54][jominiapplication.cpp:539]: Processing Tick: 1836.9.2.6
[22:55:54][jominiapplication.cpp:539]: Processing Tick: 1836.9.2.12
[22:55:54][jominiapplication.cpp:539]: Processing Tick: 1836.9.2.18
[22:55:54][jominiapplication.cpp:539]: Processing Tick: 1836.9.3
[22:55:54][jominiapplication.cpp:539]: Processing Tick: 1836.9.3.6
[22:55:54][jominiapplication.cpp:539]: Processing Tick: 1836.9.3.12
[22:55:54][jominiapplication.cpp:539]: Processing Tick: 1836.9.3.18
[22:55:54][jominiapplication.cpp:539]: Processing Tick: 1836.9.4
[22:55:54][jominiapplication.cpp:539]: Processing Tick: 1836.9.4.6
[22:55:54][jominiapplication.cpp:539]: Processing Tick: 1836.9.4.12
[22:55:55][jominiapplication.cpp:539]: Processing Tick: 1836.9.4.18
[22:55:55][jominiapplication.cpp:539]: Processing Tick: 1836.9.5
[22:55:55][jominiapplication.cpp:539]: Processing Tick: 1836.9.5.6
[22:55:55][jominiapplication.cpp:539]: Processing Tick: 1836.9.5.12
[22:55:55][jominiapplication.cpp:539]: Processing Tick: 1836.9.5.18
[22:55:55][jominiapplication.cpp:539]: Processing Tick: 1836.9.6
[22:55:55][jominiapplication.cpp:539]: Processing Tick: 1836.9.6.6
[22:55:55][jominiapplication.cpp:539]: Processing Tick: 1836.9.6.12
[22:55:55][jominiapplication.cpp:539]: Processing Tick: 1836.9.6.18
[22:55:55][jominiapplication.cpp:539]: Processing Tick: 1836.9.7
[22:55:55][jominiapplication.cpp:539]: Processing Tick: 1836.9.7.6
[22:55:55][jominiapplication.cpp:539]: Processing Tick: 1836.9.7.12
[22:55:55][jominiapplication.cpp:539]: Processing Tick: 1836.9.7.18
[22:55:55][jominiapplication.cpp:539]: Processing Tick: 1836.9.8
[22:55:58][jominiapplication.cpp:539]: Processing Tick: 1836.9.8.6
[22:55:58][jominiapplication.cpp:539]: Processing Tick: 1836.9.8.12
[22:55:58][jominiapplication.cpp:539]: Processing Tick: 1836.9.8.18
[22:55:58][jominiapplication.cpp:539]: Processing Tick: 1836.9.9
[22:55:58][jominiapplication.cpp:539]: Processing Tick: 1836.9.9.6
[22:55:58][jominiapplication.cpp:539]: Processing Tick: 1836.9.9.12
[22:55:58][jominiapplication.cpp:539]: Processing Tick: 1836.9.9.18
[22:55:58][jominiapplication.cpp:539]: Processing Tick: 1836.9.10
[22:55:59][jominiapplication.cpp:539]: Processing Tick: 1836.9.10.6
[22:55:59][jominiapplication.cpp:539]: Processing Tick: 1836.9.10.12
[22:55:59][jominiapplication.cpp:539]: Processing Tick: 1836.9.10.18
[22:55:59][jominiapplication.cpp:539]: Processing Tick: 1836.9.11
[22:55:59][jominiapplication.cpp:539]: Processing Tick: 1836.9.11.6
[22:55:59][jominiapplication.cpp:539]: Processing Tick: 1836.9.11.12
[22:55:59][jominiapplication.cpp:539]: Processing Tick: 1836.9.11.18
[22:55:59][jominiapplication.cpp:539]: Processing Tick: 1836.9.12
[22:55:59][jominiapplication.cpp:539]: Processing Tick: 1836.9.12.6
[22:55:59][jominiapplication.cpp:539]: Processing Tick: 1836.9.12.12
[22:55:59][jominiapplication.cpp:539]: Processing Tick: 1836.9.12.18
[22:55:59][jominiapplication.cpp:539]: Processing Tick: 1836.9.13
[22:55:59][jominiapplication.cpp:539]: Processing Tick: 1836.9.13.6
[22:55:59][jominiapplication.cpp:539]: Processing Tick: 1836.9.13.12
[22:55:59][jominiapplication.cpp:539]: Processing Tick: 1836.9.13.18
[22:55:59][jominiapplication.cpp:539]: Processing Tick: 1836.9.14
[22:55:59][jominiapplication.cpp:539]: Processing Tick: 1836.9.14.6
[22:55:59][jominiapplication.cpp:539]: Processing Tick: 1836.9.14.12
[22:55:59][jominiapplication.cpp:539]: Processing Tick: 1836.9.14.18
[22:56:00][jominiapplication.cpp:539]: Processing Tick: 1836.9.15
[22:56:02][jominiapplication.cpp:539]: Processing Tick: 1836.9.15.6
[22:56:02][jominiapplication.cpp:539]: Processing Tick: 1836.9.15.12
[22:56:02][jominiapplication.cpp:539]: Processing Tick: 1836.9.15.18
[22:56:02][jominiapplication.cpp:539]: Processing Tick: 1836.9.16
[22:56:02][jominiapplication.cpp:539]: Processing Tick: 1836.9.16.6
[22:56:03][jominiapplication.cpp:539]: Processing Tick: 1836.9.16.12
[22:56:03][jominiapplication.cpp:539]: Processing Tick: 1836.9.16.18
[22:56:03][jominiapplication.cpp:539]: Processing Tick: 1836.9.17
[22:56:03][jominiapplication.cpp:539]: Processing Tick: 1836.9.17.6
[22:56:03][jominiapplication.cpp:539]: Processing Tick: 1836.9.17.12
[22:56:03][jominiapplication.cpp:539]: Processing Tick: 1836.9.17.18
[22:56:03][jominiapplication.cpp:539]: Processing Tick: 1836.9.18
[22:56:03][jominiapplication.cpp:539]: Processing Tick: 1836.9.18.6
[22:56:03][jominiapplication.cpp:539]: Processing Tick: 1836.9.18.12
[22:56:03][jominiapplication.cpp:539]: Processing Tick: 1836.9.18.18
[22:56:03][jominiapplication.cpp:539]: Processing Tick: 1836.9.19
[22:56:03][jominiapplication.cpp:539]: Processing Tick: 1836.9.19.6
[22:56:03][jominiapplication.cpp:539]: Processing Tick: 1836.9.19.12
[22:56:03][jominiapplication.cpp:539]: Processing Tick: 1836.9.19.18
[22:56:03][jominiapplication.cpp:539]: Processing Tick: 1836.9.20
[22:56:03][jominiapplication.cpp:539]: Processing Tick: 1836.9.20.6
[22:56:03][jominiapplication.cpp:539]: Processing Tick: 1836.9.20.12
[22:56:04][jominiapplication.cpp:539]: Processing Tick: 1836.9.20.18
[22:56:04][jominiapplication.cpp:539]: Processing Tick: 1836.9.21
[22:56:04][jominiapplication.cpp:539]: Processing Tick: 1836.9.21.6
[22:56:04][jominiapplication.cpp:539]: Processing Tick: 1836.9.21.12
[22:56:04][jominiapplication.cpp:539]: Processing Tick: 1836.9.21.18
[22:56:04][jominiapplication.cpp:539]: Processing Tick: 1836.9.22
[22:56:07][jominiapplication.cpp:539]: Processing Tick: 1836.9.22.6
[22:56:07][jominiapplication.cpp:539]: Processing Tick: 1836.9.22.12
[22:56:07][jominiapplication.cpp:539]: Processing Tick: 1836.9.22.18
[22:56:07][jominiapplication.cpp:539]: Processing Tick: 1836.9.23
[22:56:07][jominiapplication.cpp:539]: Processing Tick: 1836.9.23.6
[22:56:07][jominiapplication.cpp:539]: Processing Tick: 1836.9.23.12
[22:56:07][jominiapplication.cpp:539]: Processing Tick: 1836.9.23.18
[22:56:07][jominiapplication.cpp:539]: Processing Tick: 1836.9.24
[22:56:07][jominiapplication.cpp:539]: Processing Tick: 1836.9.24.6
[22:56:07][jominiapplication.cpp:539]: Processing Tick: 1836.9.24.12
[22:56:07][jominiapplication.cpp:539]: Processing Tick: 1836.9.24.18
[22:56:07][jominiapplication.cpp:539]: Processing Tick: 1836.9.25
[22:56:07][jominiapplication.cpp:539]: Processing Tick: 1836.9.25.6
[22:56:07][jominiapplication.cpp:539]: Processing Tick: 1836.9.25.12
[22:56:08][jominiapplication.cpp:539]: Processing Tick: 1836.9.25.18
[22:56:08][jominiapplication.cpp:539]: Processing Tick: 1836.9.26
[22:56:08][jominiapplication.cpp:539]: Processing Tick: 1836.9.26.6
[22:56:08][jominiapplication.cpp:539]: Processing Tick: 1836.9.26.12
[22:56:08][jominiapplication.cpp:539]: Processing Tick: 1836.9.26.18
[22:56:08][jominiapplication.cpp:539]: Processing Tick: 1836.9.27
[22:56:08][jominiapplication.cpp:539]: Processing Tick: 1836.9.27.6
[22:56:08][jominiapplication.cpp:539]: Processing Tick: 1836.9.27.12
[22:56:08][jominiapplication.cpp:539]: Processing Tick: 1836.9.27.18
[22:56:08][jominiapplication.cpp:539]: Processing Tick: 1836.9.28
[22:56:08][jominiapplication.cpp:539]: Processing Tick: 1836.9.28.6
[22:56:08][jominiapplication.cpp:539]: Processing Tick: 1836.9.28.12
[22:56:08][jominiapplication.cpp:539]: Processing Tick: 1836.9.28.18
[22:56:08][jominiapplication.cpp:539]: Processing Tick: 1836.9.29
[22:56:11][jominiapplication.cpp:539]: Processing Tick: 1836.9.29.6
[22:56:11][jominiapplication.cpp:539]: Processing Tick: 1836.9.29.12
[22:56:11][jominiapplication.cpp:539]: Processing Tick: 1836.9.29.18
[22:56:11][jominiapplication.cpp:539]: Processing Tick: 1836.9.30
[22:56:11][jominiapplication.cpp:539]: Processing Tick: 1836.9.30.6
[22:56:11][jominiapplication.cpp:539]: Processing Tick: 1836.9.30.12
[22:56:11][jominiapplication.cpp:539]: Processing Tick: 1836.9.30.18
[22:56:11][jominiapplication.cpp:539]: Processing Tick: 1836.10.1
[22:56:12][jominiapplication.cpp:539]: Processing Tick: 1836.10.1.6
[22:56:12][jominiapplication.cpp:539]: Processing Tick: 1836.10.1.12
[22:56:12][jominiapplication.cpp:539]: Processing Tick: 1836.10.1.18
[22:56:12][jominiapplication.cpp:539]: Processing Tick: 1836.10.2
[22:56:12][jominiapplication.cpp:539]: Processing Tick: 1836.10.2.6
[22:56:12][jominiapplication.cpp:539]: Processing Tick: 1836.10.2.12
[22:56:12][jominiapplication.cpp:539]: Processing Tick: 1836.10.2.18
[22:56:13][jominiapplication.cpp:539]: Processing Tick: 1836.10.3
[22:56:13][jominiapplication.cpp:539]: Processing Tick: 1836.10.3.6
[22:56:13][jominiapplication.cpp:539]: Processing Tick: 1836.10.3.12
[22:56:13][jominiapplication.cpp:539]: Processing Tick: 1836.10.3.18
[22:56:13][jominiapplication.cpp:539]: Processing Tick: 1836.10.4
[22:56:13][jominiapplication.cpp:539]: Processing Tick: 1836.10.4.6
[22:56:13][jominiapplication.cpp:539]: Processing Tick: 1836.10.4.12
[22:56:13][jominiapplication.cpp:539]: Processing Tick: 1836.10.4.18
[22:56:13][jominiapplication.cpp:539]: Processing Tick: 1836.10.5
[22:56:13][jominiapplication.cpp:539]: Processing Tick: 1836.10.5.6
[22:56:13][jominiapplication.cpp:539]: Processing Tick: 1836.10.5.12
[22:56:13][jominiapplication.cpp:539]: Processing Tick: 1836.10.5.18
[22:56:13][jominiapplication.cpp:539]: Processing Tick: 1836.10.6
[22:56:16][jominiapplication.cpp:539]: Processing Tick: 1836.10.6.6
[22:56:16][jominiapplication.cpp:539]: Processing Tick: 1836.10.6.12
[22:56:16][jominiapplication.cpp:539]: Processing Tick: 1836.10.6.18
[22:56:16][jominiapplication.cpp:539]: Processing Tick: 1836.10.7
[22:56:16][jominiapplication.cpp:539]: Processing Tick: 1836.10.7.6
[22:56:16][jominiapplication.cpp:539]: Processing Tick: 1836.10.7.12
[22:56:16][jominiapplication.cpp:539]: Processing Tick: 1836.10.7.18
[22:56:17][jominiapplication.cpp:539]: Processing Tick: 1836.10.8
[22:56:17][jominiapplication.cpp:539]: Processing Tick: 1836.10.8.6
[22:56:17][jominiapplication.cpp:539]: Processing Tick: 1836.10.8.12
[22:56:17][jominiapplication.cpp:539]: Processing Tick: 1836.10.8.18
[22:56:17][jominiapplication.cpp:539]: Processing Tick: 1836.10.9
[22:56:17][jominiapplication.cpp:539]: Processing Tick: 1836.10.9.6
[22:56:17][jominiapplication.cpp:539]: Processing Tick: 1836.10.9.12
[22:56:17][jominiapplication.cpp:539]: Processing Tick: 1836.10.9.18
[22:56:17][jominiapplication.cpp:539]: Processing Tick: 1836.10.10
[22:56:17][jominiapplication.cpp:539]: Processing Tick: 1836.10.10.6
[22:56:17][jominiapplication.cpp:539]: Processing Tick: 1836.10.10.12
[22:56:17][jominiapplication.cpp:539]: Processing Tick: 1836.10.10.18
[22:56:17][jominiapplication.cpp:539]: Processing Tick: 1836.10.11
[22:56:17][jominiapplication.cpp:539]: Processing Tick: 1836.10.11.6
[22:56:18][jominiapplication.cpp:539]: Processing Tick: 1836.10.11.12
[22:56:18][jominiapplication.cpp:539]: Processing Tick: 1836.10.11.18
[22:56:18][jominiapplication.cpp:539]: Processing Tick: 1836.10.12
[22:56:18][jominiapplication.cpp:539]: Processing Tick: 1836.10.12.6
[22:56:18][jominiapplication.cpp:539]: Processing Tick: 1836.10.12.12
[22:56:18][jominiapplication.cpp:539]: Processing Tick: 1836.10.12.18
[22:56:18][jominiapplication.cpp:539]: Processing Tick: 1836.10.13
[22:56:21][jominiapplication.cpp:539]: Processing Tick: 1836.10.13.6
[22:56:21][jominiapplication.cpp:539]: Processing Tick: 1836.10.13.12
[22:56:21][jominiapplication.cpp:539]: Processing Tick: 1836.10.13.18
[22:56:21][jominiapplication.cpp:539]: Processing Tick: 1836.10.14
[22:56:21][jominiapplication.cpp:539]: Processing Tick: 1836.10.14.6
[22:56:21][jominiapplication.cpp:539]: Processing Tick: 1836.10.14.12
[22:56:21][jominiapplication.cpp:539]: Processing Tick: 1836.10.14.18
[22:56:21][jominiapplication.cpp:539]: Processing Tick: 1836.10.15
[22:56:21][jominiapplication.cpp:539]: Processing Tick: 1836.10.15.6
[22:56:21][jominiapplication.cpp:539]: Processing Tick: 1836.10.15.12
[22:56:21][jominiapplication.cpp:539]: Processing Tick: 1836.10.15.18
[22:56:21][jominiapplication.cpp:539]: Processing Tick: 1836.10.16
[22:56:21][jominiapplication.cpp:539]: Processing Tick: 1836.10.16.6
[22:56:21][jominiapplication.cpp:539]: Processing Tick: 1836.10.16.12
[22:56:21][jominiapplication.cpp:539]: Processing Tick: 1836.10.16.18
[22:56:21][jominiapplication.cpp:539]: Processing Tick: 1836.10.17
[22:56:21][jominiapplication.cpp:539]: Processing Tick: 1836.10.17.6
[22:56:22][jominiapplication.cpp:539]: Processing Tick: 1836.10.17.12
[22:56:22][jominiapplication.cpp:539]: Processing Tick: 1836.10.17.18
[22:56:22][jominiapplication.cpp:539]: Processing Tick: 1836.10.18
[22:56:22][jominiapplication.cpp:539]: Processing Tick: 1836.10.18.6
[22:56:22][jominiapplication.cpp:539]: Processing Tick: 1836.10.18.12
[22:56:22][jominiapplication.cpp:539]: Processing Tick: 1836.10.18.18
[22:56:22][jominiapplication.cpp:539]: Processing Tick: 1836.10.19
[22:56:22][jominiapplication.cpp:539]: Processing Tick: 1836.10.19.6
[22:56:22][jominiapplication.cpp:539]: Processing Tick: 1836.10.19.12
[22:56:22][jominiapplication.cpp:539]: Processing Tick: 1836.10.19.18
[22:56:22][jominiapplication.cpp:539]: Processing Tick: 1836.10.20
[22:56:25][jominiapplication.cpp:539]: Processing Tick: 1836.10.20.6
[22:56:25][jominiapplication.cpp:539]: Processing Tick: 1836.10.20.12
[22:56:25][jominiapplication.cpp:539]: Processing Tick: 1836.10.20.18
[22:56:25][jominiapplication.cpp:539]: Processing Tick: 1836.10.21
[22:56:26][jominiapplication.cpp:539]: Processing Tick: 1836.10.21.6
[22:56:26][jominiapplication.cpp:539]: Processing Tick: 1836.10.21.12
[22:56:26][jominiapplication.cpp:539]: Processing Tick: 1836.10.21.18
[22:56:26][jominiapplication.cpp:539]: Processing Tick: 1836.10.22
[22:56:26][jominiapplication.cpp:539]: Processing Tick: 1836.10.22.6
[22:56:26][jominiapplication.cpp:539]: Processing Tick: 1836.10.22.12
[22:56:26][jominiapplication.cpp:539]: Processing Tick: 1836.10.22.18
[22:56:26][jominiapplication.cpp:539]: Processing Tick: 1836.10.23
[22:56:26][jominiapplication.cpp:539]: Processing Tick: 1836.10.23.6
[22:56:26][jominiapplication.cpp:539]: Processing Tick: 1836.10.23.12
[22:56:26][jominiapplication.cpp:539]: Processing Tick: 1836.10.23.18
[22:56:26][jominiapplication.cpp:539]: Processing Tick: 1836.10.24
[22:56:26][jominiapplication.cpp:539]: Processing Tick: 1836.10.24.6
[22:56:27][jominiapplication.cpp:539]: Processing Tick: 1836.10.24.12
[22:56:27][jominiapplication.cpp:539]: Processing Tick: 1836.10.24.18
[22:56:27][jominiapplication.cpp:539]: Processing Tick: 1836.10.25
[22:56:27][jominiapplication.cpp:539]: Processing Tick: 1836.10.25.6
[22:56:27][jominiapplication.cpp:539]: Processing Tick: 1836.10.25.12
[22:56:27][jominiapplication.cpp:539]: Processing Tick: 1836.10.25.18
[22:56:27][jominiapplication.cpp:539]: Processing Tick: 1836.10.26
[22:56:27][jominiapplication.cpp:539]: Processing Tick: 1836.10.26.6
[22:56:27][jominiapplication.cpp:539]: Processing Tick: 1836.10.26.12
[22:56:27][jominiapplication.cpp:539]: Processing Tick: 1836.10.26.18
[22:56:27][jominiapplication.cpp:539]: Processing Tick: 1836.10.27
[22:56:30][jominiapplication.cpp:539]: Processing Tick: 1836.10.27.6
[22:56:30][jominiapplication.cpp:539]: Processing Tick: 1836.10.27.12
[22:56:30][jominiapplication.cpp:539]: Processing Tick: 1836.10.27.18
[22:56:30][jominiapplication.cpp:539]: Processing Tick: 1836.10.28
[22:56:30][jominiapplication.cpp:539]: Processing Tick: 1836.10.28.6
[22:56:30][jominiapplication.cpp:539]: Processing Tick: 1836.10.28.12
[22:56:30][jominiapplication.cpp:539]: Processing Tick: 1836.10.28.18
[22:56:30][jominiapplication.cpp:539]: Processing Tick: 1836.10.29
[22:56:30][jominiapplication.cpp:539]: Processing Tick: 1836.10.29.6
[22:56:30][jominiapplication.cpp:539]: Processing Tick: 1836.10.29.12
[22:56:30][jominiapplication.cpp:539]: Processing Tick: 1836.10.29.18
[22:56:30][jominiapplication.cpp:539]: Processing Tick: 1836.10.30
[22:56:30][jominiapplication.cpp:539]: Processing Tick: 1836.10.30.6
[22:56:31][jominiapplication.cpp:539]: Processing Tick: 1836.10.30.12
[22:56:31][jominiapplication.cpp:539]: Processing Tick: 1836.10.30.18
[22:56:31][jominiapplication.cpp:539]: Processing Tick: 1836.10.31
[22:56:31][jominiapplication.cpp:539]: Processing Tick: 1836.10.31.6
[22:56:31][jominiapplication.cpp:539]: Processing Tick: 1836.10.31.12
[22:56:31][jominiapplication.cpp:539]: Processing Tick: 1836.10.31.18
[22:56:31][jominiapplication.cpp:539]: Processing Tick: 1836.11.1
[22:56:32][jominiapplication.cpp:539]: Processing Tick: 1836.11.1.6
[22:56:32][jominiapplication.cpp:539]: Processing Tick: 1836.11.1.12
[22:56:32][jominiapplication.cpp:539]: Processing Tick: 1836.11.1.18
[22:56:32][jominiapplication.cpp:539]: Processing Tick: 1836.11.2
[22:56:32][jominiapplication.cpp:539]: Processing Tick: 1836.11.2.6
[22:56:32][jominiapplication.cpp:539]: Processing Tick: 1836.11.2.12
[22:56:32][jominiapplication.cpp:539]: Processing Tick: 1836.11.2.18
[22:56:32][jominiapplication.cpp:539]: Processing Tick: 1836.11.3
[22:56:35][jominiapplication.cpp:539]: Processing Tick: 1836.11.3.6
[22:56:35][jominiapplication.cpp:539]: Processing Tick: 1836.11.3.12
[22:56:35][jominiapplication.cpp:539]: Processing Tick: 1836.11.3.18
[22:56:35][jominiapplication.cpp:539]: Processing Tick: 1836.11.4
[22:56:35][jominiapplication.cpp:539]: Processing Tick: 1836.11.4.6
[22:56:35][jominiapplication.cpp:539]: Processing Tick: 1836.11.4.12
[22:56:35][jominiapplication.cpp:539]: Processing Tick: 1836.11.4.18
[22:56:35][jominiapplication.cpp:539]: Processing Tick: 1836.11.5
[22:56:35][jominiapplication.cpp:539]: Processing Tick: 1836.11.5.6
[22:56:35][jominiapplication.cpp:539]: Processing Tick: 1836.11.5.12
[22:56:35][jominiapplication.cpp:539]: Processing Tick: 1836.11.5.18
[22:56:35][jominiapplication.cpp:539]: Processing Tick: 1836.11.6
[22:56:36][jominiapplication.cpp:539]: Processing Tick: 1836.11.6.6
[22:56:36][jominiapplication.cpp:539]: Processing Tick: 1836.11.6.12
[22:56:36][jominiapplication.cpp:539]: Processing Tick: 1836.11.6.18
[22:56:36][jominiapplication.cpp:539]: Processing Tick: 1836.11.7
[22:56:36][jominiapplication.cpp:539]: Processing Tick: 1836.11.7.6
[22:56:36][jominiapplication.cpp:539]: Processing Tick: 1836.11.7.12
[22:56:36][jominiapplication.cpp:539]: Processing Tick: 1836.11.7.18
[22:56:36][jominiapplication.cpp:539]: Processing Tick: 1836.11.8
[22:56:36][jominiapplication.cpp:539]: Processing Tick: 1836.11.8.6
[22:56:36][jominiapplication.cpp:539]: Processing Tick: 1836.11.8.12
[22:56:36][jominiapplication.cpp:539]: Processing Tick: 1836.11.8.18
[22:56:36][jominiapplication.cpp:539]: Processing Tick: 1836.11.9
[22:56:36][jominiapplication.cpp:539]: Processing Tick: 1836.11.9.6
[22:56:36][jominiapplication.cpp:539]: Processing Tick: 1836.11.9.12
[22:56:36][jominiapplication.cpp:539]: Processing Tick: 1836.11.9.18
[22:56:36][jominiapplication.cpp:539]: Processing Tick: 1836.11.10
[22:56:39][jominiapplication.cpp:539]: Processing Tick: 1836.11.10.6
[22:56:39][jominiapplication.cpp:539]: Processing Tick: 1836.11.10.12
[22:56:39][jominiapplication.cpp:539]: Processing Tick: 1836.11.10.18
[22:56:39][jominiapplication.cpp:539]: Processing Tick: 1836.11.11
[22:56:40][jominiapplication.cpp:539]: Processing Tick: 1836.11.11.6
[22:56:40][jominiapplication.cpp:539]: Processing Tick: 1836.11.11.12
[22:56:40][jominiapplication.cpp:539]: Processing Tick: 1836.11.11.18
[22:56:40][jominiapplication.cpp:539]: Processing Tick: 1836.11.12
[22:56:40][jominiapplication.cpp:539]: Processing Tick: 1836.11.12.6
[22:56:40][jominiapplication.cpp:539]: Processing Tick: 1836.11.12.12
[22:56:40][jominiapplication.cpp:539]: Processing Tick: 1836.11.12.18
[22:56:40][jominiapplication.cpp:539]: Processing Tick: 1836.11.13
[22:56:40][jominiapplication.cpp:539]: Processing Tick: 1836.11.13.6
[22:56:40][jominiapplication.cpp:539]: Processing Tick: 1836.11.13.12
[22:56:40][jominiapplication.cpp:539]: Processing Tick: 1836.11.13.18
[22:56:40][jominiapplication.cpp:539]: Processing Tick: 1836.11.14
[22:56:40][jominiapplication.cpp:539]: Processing Tick: 1836.11.14.6
[22:56:41][jominiapplication.cpp:539]: Processing Tick: 1836.11.14.12
[22:56:41][jominiapplication.cpp:539]: Processing Tick: 1836.11.14.18
[22:56:41][jominiapplication.cpp:539]: Processing Tick: 1836.11.15
[22:56:41][jominiapplication.cpp:539]: Processing Tick: 1836.11.15.6
[22:56:41][jominiapplication.cpp:539]: Processing Tick: 1836.11.15.12
[22:56:41][jominiapplication.cpp:539]: Processing Tick: 1836.11.15.18
[22:56:41][jominiapplication.cpp:539]: Processing Tick: 1836.11.16
[22:56:41][jominiapplication.cpp:539]: Processing Tick: 1836.11.16.6
[22:56:41][jominiapplication.cpp:539]: Processing Tick: 1836.11.16.12
[22:56:41][jominiapplication.cpp:539]: Processing Tick: 1836.11.16.18
[22:56:41][jominiapplication.cpp:539]: Processing Tick: 1836.11.17
[22:56:44][jominiapplication.cpp:539]: Processing Tick: 1836.11.17.6
[22:56:44][jominiapplication.cpp:539]: Processing Tick: 1836.11.17.12
[22:56:44][jominiapplication.cpp:539]: Processing Tick: 1836.11.17.18
[22:56:44][jominiapplication.cpp:539]: Processing Tick: 1836.11.18
[22:56:44][jominiapplication.cpp:539]: Processing Tick: 1836.11.18.6
[22:56:44][jominiapplication.cpp:539]: Processing Tick: 1836.11.18.12
[22:56:44][jominiapplication.cpp:539]: Processing Tick: 1836.11.18.18
[22:56:45][jominiapplication.cpp:539]: Processing Tick: 1836.11.19
[22:56:45][jominiapplication.cpp:539]: Processing Tick: 1836.11.19.6
[22:56:45][jominiapplication.cpp:539]: Processing Tick: 1836.11.19.12
[22:56:45][jominiapplication.cpp:539]: Processing Tick: 1836.11.19.18
[22:56:45][jominiapplication.cpp:539]: Processing Tick: 1836.11.20
[22:56:45][jominiapplication.cpp:539]: Processing Tick: 1836.11.20.6
[22:56:45][jominiapplication.cpp:539]: Processing Tick: 1836.11.20.12
[22:56:45][jominiapplication.cpp:539]: Processing Tick: 1836.11.20.18
[22:56:45][jominiapplication.cpp:539]: Processing Tick: 1836.11.21
[22:56:45][jominiapplication.cpp:539]: Processing Tick: 1836.11.21.6
[22:56:45][jominiapplication.cpp:539]: Processing Tick: 1836.11.21.12
[22:56:45][jominiapplication.cpp:539]: Processing Tick: 1836.11.21.18
[22:56:45][jominiapplication.cpp:539]: Processing Tick: 1836.11.22
[22:56:46][jominiapplication.cpp:539]: Processing Tick: 1836.11.22.6
[22:56:46][jominiapplication.cpp:539]: Processing Tick: 1836.11.22.12
[22:56:46][jominiapplication.cpp:539]: Processing Tick: 1836.11.22.18
[22:56:46][jominiapplication.cpp:539]: Processing Tick: 1836.11.23
[22:56:46][jominiapplication.cpp:539]: Processing Tick: 1836.11.23.6
[22:56:46][jominiapplication.cpp:539]: Processing Tick: 1836.11.23.12
[22:56:46][jominiapplication.cpp:539]: Processing Tick: 1836.11.23.18
[22:56:46][jominiapplication.cpp:539]: Processing Tick: 1836.11.24
[22:56:49][jominiapplication.cpp:539]: Processing Tick: 1836.11.24.6
[22:56:49][jominiapplication.cpp:539]: Processing Tick: 1836.11.24.12
[22:56:49][jominiapplication.cpp:539]: Processing Tick: 1836.11.24.18
[22:56:49][jominiapplication.cpp:539]: Processing Tick: 1836.11.25
[22:56:49][jominiapplication.cpp:539]: Processing Tick: 1836.11.25.6
[22:56:49][jominiapplication.cpp:539]: Processing Tick: 1836.11.25.12
[22:56:49][jominiapplication.cpp:539]: Processing Tick: 1836.11.25.18
[22:56:49][jominiapplication.cpp:539]: Processing Tick: 1836.11.26
[22:56:50][jominiapplication.cpp:539]: Processing Tick: 1836.11.26.6
[22:56:50][jominiapplication.cpp:539]: Processing Tick: 1836.11.26.12
[22:56:50][jominiapplication.cpp:539]: Processing Tick: 1836.11.26.18
[22:56:50][jominiapplication.cpp:539]: Processing Tick: 1836.11.27
[22:56:50][jominiapplication.cpp:539]: Processing Tick: 1836.11.27.6
[22:56:50][jominiapplication.cpp:539]: Processing Tick: 1836.11.27.12
[22:56:50][jominiapplication.cpp:539]: Processing Tick: 1836.11.27.18
[22:56:50][jominiapplication.cpp:539]: Processing Tick: 1836.11.28
[22:56:50][jominiapplication.cpp:539]: Processing Tick: 1836.11.28.6
[22:56:50][jominiapplication.cpp:539]: Processing Tick: 1836.11.28.12
[22:56:50][jominiapplication.cpp:539]: Processing Tick: 1836.11.28.18
[22:56:50][jominiapplication.cpp:539]: Processing Tick: 1836.11.29
[22:56:50][jominiapplication.cpp:539]: Processing Tick: 1836.11.29.6
[22:56:50][jominiapplication.cpp:539]: Processing Tick: 1836.11.29.12
[22:56:50][jominiapplication.cpp:539]: Processing Tick: 1836.11.29.18
[22:56:50][jominiapplication.cpp:539]: Processing Tick: 1836.11.30
[22:56:50][jominiapplication.cpp:539]: Processing Tick: 1836.11.30.6
[22:56:50][jominiapplication.cpp:539]: Processing Tick: 1836.11.30.12
[22:56:51][jominiapplication.cpp:539]: Processing Tick: 1836.11.30.18
[22:56:51][jominiapplication.cpp:539]: Processing Tick: 1836.12.1
[22:56:54][jominiapplication.cpp:539]: Processing Tick: 1836.12.1.6
[22:56:54][jominiapplication.cpp:539]: Processing Tick: 1836.12.1.12
[22:56:54][jominiapplication.cpp:539]: Processing Tick: 1836.12.1.18
[22:56:54][jominiapplication.cpp:539]: Processing Tick: 1836.12.2
[22:56:54][jominiapplication.cpp:539]: Processing Tick: 1836.12.2.6
[22:56:54][jominiapplication.cpp:539]: Processing Tick: 1836.12.2.12
[22:56:54][jominiapplication.cpp:539]: Processing Tick: 1836.12.2.18
[22:56:54][jominiapplication.cpp:539]: Processing Tick: 1836.12.3
[22:56:54][jominiapplication.cpp:539]: Processing Tick: 1836.12.3.6
[22:56:54][jominiapplication.cpp:539]: Processing Tick: 1836.12.3.12
[22:56:55][jominiapplication.cpp:539]: Processing Tick: 1836.12.3.18
[22:56:55][jominiapplication.cpp:539]: Processing Tick: 1836.12.4
[22:56:55][jominiapplication.cpp:539]: Processing Tick: 1836.12.4.6
[22:56:55][jominiapplication.cpp:539]: Processing Tick: 1836.12.4.12
[22:56:55][jominiapplication.cpp:539]: Processing Tick: 1836.12.4.18
[22:56:55][jominiapplication.cpp:539]: Processing Tick: 1836.12.5
[22:56:55][jominiapplication.cpp:539]: Processing Tick: 1836.12.5.6
[22:56:55][jominiapplication.cpp:539]: Processing Tick: 1836.12.5.12
[22:56:55][jominiapplication.cpp:539]: Processing Tick: 1836.12.5.18
[22:56:55][jominiapplication.cpp:539]: Processing Tick: 1836.12.6
[22:56:55][jominiapplication.cpp:539]: Processing Tick: 1836.12.6.6
[22:56:55][jominiapplication.cpp:539]: Processing Tick: 1836.12.6.12
[22:56:55][jominiapplication.cpp:539]: Processing Tick: 1836.12.6.18
[22:56:55][jominiapplication.cpp:539]: Processing Tick: 1836.12.7
[22:56:56][jominiapplication.cpp:539]: Processing Tick: 1836.12.7.6
[22:56:56][jominiapplication.cpp:539]: Processing Tick: 1836.12.7.12
[22:56:56][jominiapplication.cpp:539]: Processing Tick: 1836.12.7.18
[22:56:56][jominiapplication.cpp:539]: Processing Tick: 1836.12.8
[22:56:58][jominiapplication.cpp:539]: Processing Tick: 1836.12.8.6
[22:56:58][jominiapplication.cpp:539]: Processing Tick: 1836.12.8.12
[22:56:59][jominiapplication.cpp:539]: Processing Tick: 1836.12.8.18
[22:56:59][jominiapplication.cpp:539]: Processing Tick: 1836.12.9
[22:56:59][jominiapplication.cpp:539]: Processing Tick: 1836.12.9.6
[22:56:59][jominiapplication.cpp:539]: Processing Tick: 1836.12.9.12
[22:56:59][jominiapplication.cpp:539]: Processing Tick: 1836.12.9.18
[22:56:59][jominiapplication.cpp:539]: Processing Tick: 1836.12.10
[22:56:59][jominiapplication.cpp:539]: Processing Tick: 1836.12.10.6
[22:56:59][jominiapplication.cpp:539]: Processing Tick: 1836.12.10.12
[22:56:59][jominiapplication.cpp:539]: Processing Tick: 1836.12.10.18
[22:56:59][jominiapplication.cpp:539]: Processing Tick: 1836.12.11
