[01:28:24][jomini_script_system.cpp:247]: Script system error!
  Error: region_state:FRA effect [ Wrong scope for effect: none, expected state_region ]
  Script location: common/history/trade/00_historical_trade.txt:53

[01:28:24][jomini_script_system.cpp:247]: Script system error!
  Error: Failed to scope to state region by key 'STATE_RHONE'
  Script location: common/history/trade/00_historical_trade.txt:59

[01:28:24][jomini_script_system.cpp:247]: Script system error!
  Error: Event target link 's' returned an unset scope
  Script location: common/history/trade/00_historical_trade.txt:59

[01:28:24][jomini_script_system.cpp:247]: Script system error!
  Error: region_state:FRA effect [ Wrong scope for effect: none, expected state_region ]
  Script location: common/history/trade/00_historical_trade.txt:60

[01:28:24][jomini_script_system.cpp:247]: Script system error!
  Error: Failed to scope to state region by key 'STATE_GUANGDONG'
  Script location: common/history/trade/00_historical_trade.txt:66

[01:28:24][jomini_script_system.cpp:247]: Script system error!
  Error: Event target link 's' returned an unset scope
  Script location: common/history/trade/00_historical_trade.txt:66

[01:28:24][jomini_script_system.cpp:247]: Script system error!
  Error: region_state:CHI effect [ Wrong scope for effect: none, expected state_region ]
  Script location: common/history/trade/00_historical_trade.txt:67

[01:28:24][jomini_script_system.cpp:247]: Script system error!
  Error: region_state:POR effect [ Wrong scope for effect: none, expected state_region ]
  Script location: common/history/trade/00_historical_trade.txt:75

[01:28:24][jomini_script_system.cpp:247]: Script system error!
  Error: Failed to scope to state region by key 'STATE_YEMEN'
  Script location: common/history/trade/00_historical_trade.txt:84

[01:28:24][jomini_script_system.cpp:247]: Script system error!
  Error: Event target link 's' returned an unset scope
  Script location: common/history/trade/00_historical_trade.txt:84

[01:28:24][jomini_script_system.cpp:247]: Script system error!
  Error: region_state:LAH effect [ Wrong scope for effect: none, expected state_region ]
  Script location: common/history/trade/00_historical_trade.txt:85

[01:28:24][jomini_script_system.cpp:247]: Script system error!
  Error: Failed to scope to state region by key 'STATE_WESTERN_CUBA'
  Script location: common/history/trade/00_historical_trade.txt:91

[01:28:24][jomini_script_system.cpp:247]: Script system error!
  Error: Event target link 's' returned an unset scope
  Script location: common/history/trade/00_historical_trade.txt:91

[01:28:24][jomini_script_system.cpp:247]: Script system error!
  Error: region_state:CUB effect [ Wrong scope for effect: none, expected state_region ]
  Script location: common/history/trade/00_historical_trade.txt:92

[01:28:24][jomini_script_system.cpp:247]: Script system error!
  Error: Failed to scope to state region by key 'STATE_INGRIA'
  Script location: common/history/trade/00_historical_trade.txt:100

[01:28:24][jomini_script_system.cpp:247]: Script system error!
  Error: Event target link 's' returned an unset scope
  Script location: common/history/trade/00_historical_trade.txt:100

[01:28:24][jomini_script_system.cpp:247]: Script system error!
  Error: region_state:RUS effect [ Wrong scope for effect: none, expected state_region ]
  Script location: common/history/trade/00_historical_trade.txt:101

[01:28:24][jomini_script_system.cpp:247]: Script system error!
  Error: Failed to scope to state region by key 'STATE_HOME_COUNTIES'
  Script location: common/history/trade/00_historical_trade.txt:110

[01:28:24][jomini_script_system.cpp:247]: Script system error!
  Error: Event target link 's' returned an unset scope
  Script location: common/history/trade/00_historical_trade.txt:110

[01:28:24][jomini_script_system.cpp:247]: Script system error!
  Error: region_state:GBR effect [ Wrong scope for effect: none, expected state_region ]
  Script location: common/history/trade/00_historical_trade.txt:111

[01:28:24][jomini_script_system.cpp:247]: Script system error!
  Error: Failed to scope to state region by key 'STATE_GUANGDONG'
  Script location: common/history/trade/00_historical_trade.txt:120

[01:28:24][jomini_script_system.cpp:247]: Script system error!
  Error: Event target link 's' returned an unset scope
  Script location: common/history/trade/00_historical_trade.txt:120

[01:28:24][jomini_script_system.cpp:247]: Script system error!
  Error: region_state:CHI effect [ Wrong scope for effect: none, expected state_region ]
  Script location: common/history/trade/00_historical_trade.txt:121

[01:28:24][jomini_script_system.cpp:247]: Script system error!
  Error: Failed to scope to state region by key 'STATE_WEST_PRUSSIA'
  Script location: common/history/trade/00_historical_trade.txt:127

[01:28:24][jomini_script_system.cpp:247]: Script system error!
  Error: Event target link 's' returned an unset scope
  Script location: common/history/trade/00_historical_trade.txt:127

[01:28:24][jomini_script_system.cpp:247]: Script system error!
  Error: region_state:PRU effect [ Wrong scope for effect: none, expected state_region ]
  Script location: common/history/trade/00_historical_trade.txt:128

[01:28:24][jomini_script_system.cpp:247]: Script system error!
  Error: Failed to scope to state region by key 'STATE_BASQUE_COUNTRY'
  Script location: common/history/trade/00_historical_trade.txt:134

[01:28:24][jomini_script_system.cpp:247]: Script system error!
  Error: Event target link 's' returned an unset scope
  Script location: common/history/trade/00_historical_trade.txt:134

[01:28:24][jomini_script_system.cpp:247]: Script system error!
  Error: region_state:SPC effect [ Wrong scope for effect: none, expected state_region ]
  Script location: common/history/trade/00_historical_trade.txt:135

[01:28:26][state_region.cpp:387]: State region 北米51 contains multiple instances of the 金鉱山 building type in its resource potentials
[01:28:26][state_region.cpp:387]: State region 北米2 contains multiple instances of the 金鉱山 building type in its resource potentials
[01:28:26][state_region.cpp:387]: State region バイゼル contains multiple instances of the 金鉱山 building type in its resource potentials
[01:28:26][state_region.cpp:387]: State region コーサル contains multiple instances of the 金鉱山 building type in its resource potentials
[01:28:26][state_region.cpp:387]: State region パルン contains multiple instances of the 金鉱山 building type in its resource potentials
[01:28:26][state_region.cpp:387]: State region 東欧78 contains multiple instances of the 金鉱山 building type in its resource potentials
[01:28:26][state_region.cpp:387]: State region 東欧76 contains multiple instances of the 金鉱山 building type in its resource potentials
[01:28:26][state_region.cpp:387]: State region 北阿4 contains multiple instances of the 金鉱山 building type in its resource potentials
[01:28:26][state_region.cpp:387]: State region 南レフリア東島 contains multiple instances of the 金鉱山 building type in its resource potentials
[01:28:26][state_region.cpp:387]: State region 西亜3 contains multiple instances of the 金鉱山 building type in its resource potentials
[01:28:26][state_region.cpp:387]: State region 西亜24 contains multiple instances of the 金鉱山 building type in its resource potentials
[01:28:26][state_region.cpp:387]: State region 西亜68 contains multiple instances of the 金鉱山 building type in its resource potentials
[01:28:26][state_region.cpp:387]: State region 東亜7 contains multiple instances of the 金鉱山 building type in its resource potentials
[01:28:26][state_region.cpp:387]: State region 東亜2 contains multiple instances of the 金鉱山 building type in its resource potentials
[01:28:26][state_region.cpp:387]: State region 東亜5 contains multiple instances of the 金鉱山 building type in its resource potentials
[01:28:26][state_region.cpp:387]: State region 豪31 contains multiple instances of the 金鉱山 building type in its resource potentials
[01:28:26][state_region.cpp:387]: State region 豪34 contains multiple instances of the 金鉱山 building type in its resource potentials
[01:28:26][state_region.cpp:387]: State region 豪40 contains multiple instances of the 金鉱山 building type in its resource potentials
[01:28:26][state_region.cpp:387]: State region 豪36 contains multiple instances of the 金鉱山 building type in its resource potentials
[01:28:28][gui_search_bar.cpp:78]: Search bar could not find edit box 'search_edit'
