[22:51:42][pdx_font.cpp:88]: Loading Font File fonts/NotoSans/NotoSansJP-Regular.otf
[22:51:42][pdx_font.cpp:88]: Loading Font File fonts/Open_Sans/OpenSans-Regular.ttf
[22:51:42][pdx_font.cpp:88]: Loading Font File fonts/NotoSans/NotoSansKR-Regular.otf
[22:51:42][pdx_font.cpp:88]: Loading Font File fonts/NotoSans/NotoSansSC-Regular.otf
[22:51:42][pdx_font.cpp:88]: Loading Font File fonts/NotoSans/NotoSans-Regular.ttf
[22:51:42][pdx_font.cpp:88]: Loading Font File fonts/NotoSans/NotoSansJP-Light.otf
[22:51:42][pdx_font.cpp:88]: Loading Font File fonts/Open_Sans/OpenSans-Italic.ttf
[22:51:42][pdx_font.cpp:88]: Loading Font File fonts/NotoSans/NotoSansKR-Light.otf
[22:51:42][pdx_font.cpp:88]: Loading Font File fonts/NotoSans/NotoSansSC-Light.otf
[22:51:42][pdx_font.cpp:88]: Loading Font File fonts/NotoSans/NotoSans-Italic.ttf
[22:51:42][pdx_font.cpp:88]: Loading Font File fonts/NotoSans/NotoSansJP-Bold.otf
[22:51:42][pdx_font.cpp:88]: Loading Font File fonts/Open_Sans/OpenSans-Bold.ttf
[22:51:42][pdx_font.cpp:88]: Loading Font File fonts/NotoSans/NotoSansKR-Bold.otf
[22:51:42][pdx_font.cpp:88]: Loading Font File fonts/NotoSans/NotoSansSC-Bold.otf
[22:51:42][pdx_font.cpp:88]: Loading Font File fonts/NotoSans/NotoSans-Bold.ttf
[22:51:42][pdx_font.cpp:88]: Loading Font File fonts/NotoSans/NotoSansJP-Medium.otf
[22:51:42][pdx_font.cpp:88]: Loading Font File fonts/Open_Sans/OpenSans-BoldItalic.ttf
[22:51:42][pdx_font.cpp:88]: Loading Font File fonts/NotoSans/NotoSansKR-Medium.otf
[22:51:42][pdx_font.cpp:88]: Loading Font File fonts/NotoSans/NotoSansSC-Medium.otf
[22:51:42][pdx_font.cpp:88]: Loading Font File fonts/NotoSans/NotoSans-BoldItalic.ttf
[22:51:42][pdx_font.cpp:88]: Loading Font File fonts/NotoSans/NotoSansJP-Black.otf
[22:51:42][pdx_font.cpp:88]: Loading Font File fonts/Open_Sans/OpenSans-ExtraBold.ttf
[22:51:42][pdx_font.cpp:88]: Loading Font File fonts/NotoSans/NotoSansKR-Black.otf
[22:51:42][pdx_font.cpp:88]: Loading Font File fonts/NotoSans/NotoSansSC-Black.otf
[22:51:42][pdx_font.cpp:88]: Loading Font File fonts/Open_Sans/OpenSans-ExtraBoldItalic.ttf
[22:51:42][pdx_font.cpp:88]: Loading Font File fonts/ZenOldMincho/ZenOldMincho-Regular.ttf
[22:51:42][pdx_font.cpp:88]: Loading Font File fonts/PlayfairDisplay/PlayfairDisplay-Regular.ttf
[22:51:42][pdx_font.cpp:88]: Loading Font File fonts/SB-Aggro/SB-Aggro-M.ttf
[22:51:42][pdx_font.cpp:88]: Loading Font File fonts/NotoSerif/NotoSerifSC-Black.otf
[22:51:42][pdx_font.cpp:88]: Loading Font File fonts/ZenOldMincho/ZenOldMincho-Bold.ttf
[22:51:42][pdx_font.cpp:88]: Loading Font File fonts/PlayfairDisplay/PlayfairDisplay-Bold.ttf
[22:51:42][pdx_font.cpp:88]: Loading Font File fonts/SB-Aggro/SB-Aggro-B.ttf
[22:51:42][pdx_font.cpp:88]: Loading Font File fonts/NotoSerif/NotoSerifSC-Bold.otf
[22:51:42][pdx_font.cpp:88]: Loading Font File fonts/ZenOldMincho/ZenOldMincho-Black.ttf
[22:51:42][pdx_font.cpp:88]: Loading Font File fonts/PlayfairDisplay/PlayfairDisplay-Italic.ttf
[22:51:42][pdx_font.cpp:88]: Loading Font File fonts/NotoSerif/NotoSerifSC-Light.otf
[22:51:42][pdx_font.cpp:88]: Loading Font File fonts/NotoSerif/NotoSerifJP-Regular.otf
[22:51:42][pdx_font.cpp:88]: Loading Font File fonts/EBGaramond/EBGaramond-Medium.ttf
[22:51:42][pdx_font.cpp:88]: Loading Font File fonts/MaruBuri/MaruBuri-SemiBold.ttf
[22:51:42][pdx_font.cpp:88]: Loading Font File fonts/NotoSerif/NotoSerifSC-Regular.otf
[22:51:42][pdx_font.cpp:88]: Loading Font File fonts/NotoSerif/NotoSerif-Regular.ttf
[22:51:42][pdx_font.cpp:88]: Loading Font File fonts/NotoSerif/NotoSerifJP-Bold.otf
[22:51:42][pdx_font.cpp:88]: Loading Font File fonts/EBGaramond/EBGaramond-Bold.ttf
[22:51:42][pdx_font.cpp:88]: Loading Font File fonts/MaruBuri/MaruBuri-Bold.ttf
[22:51:42][pdx_font.cpp:88]: Loading Font File fonts/NotoSerif/NotoSerif-Bold.ttf
[22:51:42][pdx_font.cpp:88]: Loading Font File fonts/NotoSerif/NotoSerifJP-Light.otf
[22:51:42][pdx_font.cpp:88]: Loading Font File fonts/EBGaramond/EBGaramond-Italic.ttf
[22:51:42][pdx_font.cpp:88]: Loading Font File fonts/NotoSeri